<?xml version="1.0" encoding="ISO-8859-1" ?>
<link_info>
   <banner>TI ARM Linker PC v20.2.7.LTS</banner>
   <copyright>Copyright (c) 1996-2018 Texas Instruments Incorporated</copyright>
   <link_time>0x67644613</link_time>
   <link_errors>0x0</link_errors>
   <output_file>LSE1_ESC_Controller.out</output_file>
   <entry_point>
      <name>_c_int00_noargs</name>
      <address>0xd95</address>
   </entry_point>
   <input_file_list>
      <input_file id="fl-2">
         <path>.\</path>
         <kind>object</kind>
         <file>main.obj</file>
         <name>main.obj</name>
      </input_file>
      <input_file id="fl-3">
         <path>.\</path>
         <kind>object</kind>
         <file>tm4c123gh6pm_startup_ccs.obj</file>
         <name>tm4c123gh6pm_startup_ccs.obj</name>
      </input_file>
      <input_file id="fl-8">
         <kind>object</kind>
         <file>&lt;internal&gt;</file>
         <name>&lt;internal&gt;</name>
      </input_file>
      <input_file id="fl-be">
         <path>C:\ti\ccs1281\ccs\tools\compiler\ti-cgt-arm_20.2.7.LTS\lib\</path>
         <kind>archive</kind>
         <file>rtsv7M4_T_le_v4SPD16_eabi.lib</file>
         <name>copy_zero_init.c.obj</name>
      </input_file>
      <input_file id="fl-bf">
         <path>C:\ti\ccs1281\ccs\tools\compiler\ti-cgt-arm_20.2.7.LTS\lib\</path>
         <kind>archive</kind>
         <file>rtsv7M4_T_le_v4SPD16_eabi.lib</file>
         <name>copy_decompress_none.c.obj</name>
      </input_file>
      <input_file id="fl-c0">
         <path>C:\ti\ccs1281\ccs\tools\compiler\ti-cgt-arm_20.2.7.LTS\lib\</path>
         <kind>archive</kind>
         <file>rtsv7M4_T_le_v4SPD16_eabi.lib</file>
         <name>copy_decompress_lzss.c.obj</name>
      </input_file>
      <input_file id="fl-c1">
         <path>C:\ti\ccs1281\ccs\tools\compiler\ti-cgt-arm_20.2.7.LTS\lib\</path>
         <kind>archive</kind>
         <file>rtsv7M4_T_le_v4SPD16_eabi.lib</file>
         <name>boot_cortex_m.c.obj</name>
      </input_file>
      <input_file id="fl-c2">
         <path>C:\ti\ccs1281\ccs\tools\compiler\ti-cgt-arm_20.2.7.LTS\lib\</path>
         <kind>archive</kind>
         <file>rtsv7M4_T_le_v4SPD16_eabi.lib</file>
         <name>memcpy_t2.asm.obj</name>
      </input_file>
      <input_file id="fl-c3">
         <path>C:\ti\ccs1281\ccs\tools\compiler\ti-cgt-arm_20.2.7.LTS\lib\</path>
         <kind>archive</kind>
         <file>rtsv7M4_T_le_v4SPD16_eabi.lib</file>
         <name>memset_t2.asm.obj</name>
      </input_file>
      <input_file id="fl-c4">
         <path>C:\ti\ccs1281\ccs\tools\compiler\ti-cgt-arm_20.2.7.LTS\lib\</path>
         <kind>archive</kind>
         <file>rtsv7M4_T_le_v4SPD16_eabi.lib</file>
         <name>autoinit.c.obj</name>
      </input_file>
      <input_file id="fl-c5">
         <path>C:\ti\ccs1281\ccs\tools\compiler\ti-cgt-arm_20.2.7.LTS\lib\</path>
         <kind>archive</kind>
         <file>rtsv7M4_T_le_v4SPD16_eabi.lib</file>
         <name>pre_init.c.obj</name>
      </input_file>
      <input_file id="fl-c6">
         <path>C:\ti\ccs1281\ccs\tools\compiler\ti-cgt-arm_20.2.7.LTS\lib\</path>
         <kind>archive</kind>
         <file>rtsv7M4_T_le_v4SPD16_eabi.lib</file>
         <name>cpy_tbl.c.obj</name>
      </input_file>
      <input_file id="fl-c7">
         <path>C:\ti\ccs1281\ccs\tools\compiler\ti-cgt-arm_20.2.7.LTS\lib\</path>
         <kind>archive</kind>
         <file>rtsv7M4_T_le_v4SPD16_eabi.lib</file>
         <name>exit.c.obj</name>
      </input_file>
      <input_file id="fl-c8">
         <path>C:\ti\ccs1281\ccs\tools\compiler\ti-cgt-arm_20.2.7.LTS\lib\</path>
         <kind>archive</kind>
         <file>rtsv7M4_T_le_v4SPD16_eabi.lib</file>
         <name>_lock.c.obj</name>
      </input_file>
      <input_file id="fl-c9">
         <path>C:\ti\ccs1281\ccs\tools\compiler\ti-cgt-arm_20.2.7.LTS\lib\</path>
         <kind>archive</kind>
         <file>rtsv7M4_T_le_v4SPD16_eabi.lib</file>
         <name>args_main.c.obj</name>
      </input_file>
      <input_file id="fl-ca">
         <path>C:\Users\natan\Uni\EET\7e Semestre\LSE1\Workspace\driverlib\ccs\Debug\</path>
         <kind>archive</kind>
         <file>driverlib.lib</file>
         <name>gpio.obj</name>
      </input_file>
      <input_file id="fl-cb">
         <path>C:\Users\natan\Uni\EET\7e Semestre\LSE1\Workspace\driverlib\ccs\Debug\</path>
         <kind>archive</kind>
         <file>driverlib.lib</file>
         <name>interrupt.obj</name>
      </input_file>
      <input_file id="fl-cc">
         <path>C:\Users\natan\Uni\EET\7e Semestre\LSE1\Workspace\driverlib\ccs\Debug\</path>
         <kind>archive</kind>
         <file>driverlib.lib</file>
         <name>pwm.obj</name>
      </input_file>
      <input_file id="fl-cd">
         <path>C:\Users\natan\Uni\EET\7e Semestre\LSE1\Workspace\driverlib\ccs\Debug\</path>
         <kind>archive</kind>
         <file>driverlib.lib</file>
         <name>sysctl.obj</name>
      </input_file>
      <input_file id="fl-ce">
         <path>C:\Users\natan\Uni\EET\7e Semestre\LSE1\Workspace\driverlib\ccs\Debug\</path>
         <kind>archive</kind>
         <file>driverlib.lib</file>
         <name>timer.obj</name>
      </input_file>
      <input_file id="fl-cf">
         <path>C:\Users\natan\Uni\EET\7e Semestre\LSE1\Workspace\driverlib\ccs\Debug\</path>
         <kind>archive</kind>
         <file>driverlib.lib</file>
         <name>cpu.obj</name>
      </input_file>
   </input_file_list>
   <object_component_list>
      <object_component id="oc-12">
         <name>.intvecs</name>
         <load_address>0x0</load_address>
         <run_address>0x0</run_address>
         <size>0x26c</size>
         <input_file_ref idref="fl-3"/>
      </object_component>
      <object_component id="oc-9b">
         <name>.text</name>
         <load_address>0x26c</load_address>
         <run_address>0x26c</run_address>
         <size>0x4e4</size>
         <input_file_ref idref="fl-2"/>
      </object_component>
      <object_component id="oc-db">
         <name>.text:GPIOPadConfigSet</name>
         <load_address>0x750</load_address>
         <run_address>0x750</run_address>
         <size>0x16c</size>
         <input_file_ref idref="fl-ca"/>
      </object_component>
      <object_component id="oc-16e">
         <name>.text:SysCtlClockSet</name>
         <load_address>0x8bc</load_address>
         <run_address>0x8bc</run_address>
         <size>0xf4</size>
         <input_file_ref idref="fl-cd"/>
      </object_component>
      <object_component id="oc-3b">
         <name>.text</name>
         <load_address>0x9b0</load_address>
         <run_address>0x9b0</run_address>
         <size>0x9c</size>
         <input_file_ref idref="fl-c2"/>
      </object_component>
      <object_component id="oc-e1">
         <name>.text:IntEnable</name>
         <load_address>0xa4c</load_address>
         <run_address>0xa4c</run_address>
         <size>0x68</size>
         <input_file_ref idref="fl-cb"/>
      </object_component>
      <object_component id="oc-15">
         <name>.text:decompress:lzss:__TI_decompress_lzss</name>
         <load_address>0xab4</load_address>
         <run_address>0xab4</run_address>
         <size>0x68</size>
         <input_file_ref idref="fl-c0"/>
      </object_component>
      <object_component id="oc-12f">
         <name>.text:TimerConfigure</name>
         <load_address>0xb1c</load_address>
         <run_address>0xb1c</run_address>
         <size>0x60</size>
         <input_file_ref idref="fl-ce"/>
      </object_component>
      <object_component id="oc-e7">
         <name>.text:GPIOIntTypeSet</name>
         <load_address>0xb7c</load_address>
         <run_address>0xb7c</run_address>
         <size>0x58</size>
         <input_file_ref idref="fl-ca"/>
      </object_component>
      <object_component id="oc-147">
         <name>.text:GPIOPinConfigure</name>
         <load_address>0xbd4</load_address>
         <run_address>0xbd4</run_address>
         <size>0x4c</size>
         <input_file_ref idref="fl-ca"/>
      </object_component>
      <object_component id="oc-1f3">
         <name>.text:_TimerIntNumberGet</name>
         <load_address>0xc20</load_address>
         <run_address>0xc20</run_address>
         <size>0x4c</size>
         <input_file_ref idref="fl-ce"/>
      </object_component>
      <object_component id="oc-1cd">
         <name>.text:_GPIOIntNumberGet</name>
         <load_address>0xc6c</load_address>
         <run_address>0xc6c</run_address>
         <size>0x44</size>
         <input_file_ref idref="fl-ca"/>
      </object_component>
      <object_component id="oc-182">
         <name>.text:__TI_auto_init_nobinit_nopinit:__TI_auto_init_nobinit_nopinit</name>
         <load_address>0xcb0</load_address>
         <run_address>0xcb0</run_address>
         <size>0x44</size>
         <input_file_ref idref="fl-c4"/>
      </object_component>
      <object_component id="oc-cf">
         <name>.text:SysCtlPeripheralReady</name>
         <load_address>0xcf4</load_address>
         <run_address>0xcf4</run_address>
         <size>0x38</size>
         <input_file_ref idref="fl-cd"/>
      </object_component>
      <object_component id="oc-1d3">
         <name>.text:IntRegister</name>
         <load_address>0xd2c</load_address>
         <run_address>0xd2c</run_address>
         <size>0x34</size>
         <input_file_ref idref="fl-cb"/>
      </object_component>
      <object_component id="oc-c9">
         <name>.text:SysCtlPeripheralEnable</name>
         <load_address>0xd60</load_address>
         <run_address>0xd60</run_address>
         <size>0x34</size>
         <input_file_ref idref="fl-cd"/>
      </object_component>
      <object_component id="oc-59">
         <name>.text:_c_int00_noargs:_c_int00_noargs</name>
         <load_address>0xd94</load_address>
         <run_address>0xd94</run_address>
         <size>0x34</size>
         <input_file_ref idref="fl-c1"/>
      </object_component>
      <object_component id="oc-1be">
         <name>.text:GPIODirModeSet</name>
         <load_address>0xdc8</load_address>
         <run_address>0xdc8</run_address>
         <size>0x2c</size>
         <input_file_ref idref="fl-ca"/>
      </object_component>
      <object_component id="oc-153">
         <name>.text:PWMGenConfigure</name>
         <load_address>0xdf4</load_address>
         <run_address>0xdf4</run_address>
         <size>0x22</size>
         <input_file_ref idref="fl-cc"/>
      </object_component>
      <object_component id="oc-123">
         <name>.text:PWMPulseWidthSet</name>
         <load_address>0xe16</load_address>
         <run_address>0xe16</run_address>
         <size>0x1e</size>
         <input_file_ref idref="fl-cc"/>
      </object_component>
      <object_component id="oc-47">
         <name>.text:decompress:ZI:__TI_zero_init_nomemset:__TI_zero_init_nomemset</name>
         <load_address>0xe34</load_address>
         <run_address>0xe34</run_address>
         <size>0x1c</size>
         <input_file_ref idref="fl-be"/>
      </object_component>
      <object_component id="oc-f9">
         <name>.text:GPIOPinTypeGPIOOutput</name>
         <load_address>0xe50</load_address>
         <run_address>0xe50</run_address>
         <size>0x1a</size>
         <input_file_ref idref="fl-ca"/>
      </object_component>
      <object_component id="oc-ed">
         <name>.text:GPIOIntRegister</name>
         <load_address>0xe6a</load_address>
         <run_address>0xe6a</run_address>
         <size>0x18</size>
         <input_file_ref idref="fl-ca"/>
      </object_component>
      <object_component id="oc-135">
         <name>.text:TimerIntRegister</name>
         <load_address>0xe82</load_address>
         <run_address>0xe82</run_address>
         <size>0x18</size>
         <input_file_ref idref="fl-ce"/>
      </object_component>
      <object_component id="oc-d5">
         <name>.text:GPIOPinTypeGPIOInput</name>
         <load_address>0xe9a</load_address>
         <run_address>0xe9a</run_address>
         <size>0x16</size>
         <input_file_ref idref="fl-ca"/>
      </object_component>
      <object_component id="oc-14d">
         <name>.text:GPIOPinTypePWM</name>
         <load_address>0xeb0</load_address>
         <run_address>0xeb0</run_address>
         <size>0x16</size>
         <input_file_ref idref="fl-ca"/>
      </object_component>
      <object_component id="oc-165">
         <name>.text:PWMOutputState</name>
         <load_address>0xec6</load_address>
         <run_address>0xec6</run_address>
         <size>0x12</size>
         <input_file_ref idref="fl-cc"/>
      </object_component>
      <object_component id="oc-129">
         <name>.text:TimerLoadSet</name>
         <load_address>0xed8</load_address>
         <run_address>0xed8</run_address>
         <size>0x12</size>
         <input_file_ref idref="fl-ce"/>
      </object_component>
      <object_component id="oc-105">
         <name>.text:IntMasterDisable</name>
         <load_address>0xeea</load_address>
         <run_address>0xeea</run_address>
         <size>0x10</size>
         <input_file_ref idref="fl-cb"/>
      </object_component>
      <object_component id="oc-117">
         <name>.text:IntMasterEnable</name>
         <load_address>0xefa</load_address>
         <run_address>0xefa</run_address>
         <size>0x10</size>
         <input_file_ref idref="fl-cb"/>
      </object_component>
      <object_component id="oc-159">
         <name>.text:PWMGenPeriodSet</name>
         <load_address>0xf0a</load_address>
         <run_address>0xf0a</run_address>
         <size>0x10</size>
         <input_file_ref idref="fl-cc"/>
      </object_component>
      <object_component id="oc-10b">
         <name>.text:GPIOIntStatus</name>
         <load_address>0xf1a</load_address>
         <run_address>0xf1a</run_address>
         <size>0xe</size>
         <input_file_ref idref="fl-ca"/>
      </object_component>
      <object_component id="oc-141">
         <name>.text:TimerEnable</name>
         <load_address>0xf28</load_address>
         <run_address>0xf28</run_address>
         <size>0xe</size>
         <input_file_ref idref="fl-ce"/>
      </object_component>
      <object_component id="oc-1b">
         <name>.text:decompress:none:__TI_decompress_none</name>
         <load_address>0xf36</load_address>
         <run_address>0xf36</run_address>
         <size>0xe</size>
         <input_file_ref idref="fl-bf"/>
      </object_component>
      <object_component id="oc-1dd">
         <name>.text:CPUcpsid</name>
         <load_address>0xf44</load_address>
         <run_address>0xf44</run_address>
         <size>0xc</size>
         <input_file_ref idref="fl-cf"/>
      </object_component>
      <object_component id="oc-1e6">
         <name>.text:CPUcpsie</name>
         <load_address>0xf50</load_address>
         <run_address>0xf50</run_address>
         <size>0xc</size>
         <input_file_ref idref="fl-cf"/>
      </object_component>
      <object_component id="oc-f3">
         <name>.text:GPIOIntEnable</name>
         <load_address>0xf5c</load_address>
         <run_address>0xf5c</run_address>
         <size>0xc</size>
         <input_file_ref idref="fl-ca"/>
      </object_component>
      <object_component id="oc-15f">
         <name>.text:PWMGenEnable</name>
         <load_address>0xf68</load_address>
         <run_address>0xf68</run_address>
         <size>0xc</size>
         <input_file_ref idref="fl-cc"/>
      </object_component>
      <object_component id="oc-27">
         <name>.text</name>
         <load_address>0xf74</load_address>
         <run_address>0xf74</run_address>
         <size>0xc</size>
         <input_file_ref idref="fl-3"/>
      </object_component>
      <object_component id="oc-13b">
         <name>.text:TimerIntEnable</name>
         <load_address>0xf80</load_address>
         <run_address>0xf80</run_address>
         <size>0x8</size>
         <input_file_ref idref="fl-ce"/>
      </object_component>
      <object_component id="oc-111">
         <name>.text:GPIOIntClear</name>
         <load_address>0xf88</load_address>
         <run_address>0xf88</run_address>
         <size>0x6</size>
         <input_file_ref idref="fl-ca"/>
      </object_component>
      <object_component id="oc-ff">
         <name>.text:GPIOPinWrite</name>
         <load_address>0xf8e</load_address>
         <run_address>0xf8e</run_address>
         <size>0x6</size>
         <input_file_ref idref="fl-ca"/>
      </object_component>
      <object_component id="oc-207">
         <name>.text:SysCtlDelay</name>
         <load_address>0xf94</load_address>
         <run_address>0xf94</run_address>
         <size>0x6</size>
         <input_file_ref idref="fl-cd"/>
      </object_component>
      <object_component id="oc-11d">
         <name>.text:TimerIntClear</name>
         <load_address>0xf9a</load_address>
         <run_address>0xf9a</run_address>
         <size>0x4</size>
         <input_file_ref idref="fl-ce"/>
      </object_component>
      <object_component id="oc-95">
         <name>.text:_system_pre_init</name>
         <load_address>0xf9e</load_address>
         <run_address>0xf9e</run_address>
         <size>0x4</size>
         <input_file_ref idref="fl-c5"/>
      </object_component>
      <object_component id="oc-176">
         <name>.text:abort:abort</name>
         <load_address>0xfa2</load_address>
         <run_address>0xfa2</run_address>
         <size>0x4</size>
         <input_file_ref idref="fl-c7"/>
      </object_component>
      <object_component id="oc-248">
         <name>.const:g_ppui32GPIOIntMapSnowflake</name>
         <load_address>0xfa8</load_address>
         <run_address>0xfa8</run_address>
         <size>0xd8</size>
         <input_file_ref idref="fl-ca"/>
      </object_component>
      <object_component id="oc-245">
         <name>.const:g_ppui32GPIOIntMapBlizzard</name>
         <load_address>0x1080</load_address>
         <run_address>0x1080</run_address>
         <size>0xc0</size>
         <input_file_ref idref="fl-ca"/>
      </object_component>
      <object_component id="oc-1fc">
         <name>.const:g_pui32GPIOBaseAddrs</name>
         <load_address>0x1140</load_address>
         <run_address>0x1140</run_address>
         <size>0x90</size>
         <input_file_ref idref="fl-ca"/>
      </object_component>
      <object_component id="oc-256">
         <name>.const:g_ppui32TimerIntMap</name>
         <load_address>0x11d0</load_address>
         <run_address>0x11d0</run_address>
         <size>0x60</size>
         <input_file_ref idref="fl-ce"/>
      </object_component>
      <object_component id="oc-259">
         <name>.const:g_ppui32TimerIntMapSnowflake</name>
         <load_address>0x1230</load_address>
         <run_address>0x1230</run_address>
         <size>0x40</size>
         <input_file_ref idref="fl-ce"/>
      </object_component>
      <object_component id="oc-1c7">
         <name>.const:g_pui32EnRegs</name>
         <load_address>0x1270</load_address>
         <run_address>0x1270</run_address>
         <size>0x14</size>
         <input_file_ref idref="fl-cb"/>
      </object_component>
      <object_component id="oc-2c5">
         <name>.cinit..data.load</name>
         <load_address>0x1288</load_address>
         <run_address>0x1288</run_address>
         <size>0x1c</size>
      </object_component>
      <object_component id="oc-2c2">
         <name>__TI_handler_table</name>
         <load_address>0x12a4</load_address>
         <run_address>0x12a4</run_address>
         <size>0xc</size>
      </object_component>
      <object_component id="oc-2c6">
         <name>.cinit..bss.load</name>
         <load_address>0x12b0</load_address>
         <run_address>0x12b0</run_address>
         <size>0x8</size>
      </object_component>
      <object_component id="oc-2c4">
         <name>.cinit..vtable.load</name>
         <load_address>0x12b8</load_address>
         <run_address>0x12b8</run_address>
         <size>0x8</size>
      </object_component>
      <object_component id="oc-2c3">
         <name>__TI_cinit_table</name>
         <load_address>0x12c0</load_address>
         <run_address>0x12c0</run_address>
         <size>0x18</size>
      </object_component>
      <object_component id="oc-24c">
         <name>.vtable</name>
         <uninitialized>true</uninitialized>
         <run_address>0x20000000</run_address>
         <size>0x26c</size>
         <input_file_ref idref="fl-cb"/>
      </object_component>
      <object_component id="oc-16b">
         <name>.data</name>
         <load_address>0x20000470</load_address>
         <run_address>0x20000470</run_address>
         <size>0x19</size>
         <input_file_ref idref="fl-2"/>
      </object_component>
      <object_component id="oc-174">
         <name>.common:phase</name>
         <uninitialized>true</uninitialized>
         <run_address>0x2000026c</run_address>
         <size>0x1</size>
      </object_component>
      <object_component id="oc-24">
         <name>.stack</name>
         <uninitialized>true</uninitialized>
         <run_address>0x20000270</run_address>
         <size>0x4</size>
         <input_file_ref idref="fl-c1"/>
      </object_component>
      <object_component id="oc-2c8">
         <name>.stack</name>
         <uninitialized>true</uninitialized>
         <run_address>0x20000270</run_address>
         <size>0x0</size>
      </object_component>
      <object_component id="oc-b7">
         <name>.debug_info</name>
         <load_address>0x0</load_address>
         <run_address>0x0</run_address>
         <size>0x8aa</size>
         <input_file_ref idref="fl-2"/>
      </object_component>
      <object_component id="oc-16c">
         <name>.debug_info</name>
         <load_address>0x8aa</load_address>
         <run_address>0x8aa</run_address>
         <size>0x1c1</size>
         <input_file_ref idref="fl-2"/>
      </object_component>
      <object_component id="oc-9f">
         <name>.debug_info</name>
         <load_address>0xa6b</load_address>
         <run_address>0xa6b</run_address>
         <size>0xc11</size>
         <input_file_ref idref="fl-2"/>
      </object_component>
      <object_component id="oc-70">
         <name>.debug_info</name>
         <load_address>0x167c</load_address>
         <run_address>0x167c</run_address>
         <size>0x26b</size>
         <input_file_ref idref="fl-2"/>
      </object_component>
      <object_component id="oc-b2">
         <name>.debug_info</name>
         <load_address>0x18e7</load_address>
         <run_address>0x18e7</run_address>
         <size>0x8b</size>
         <input_file_ref idref="fl-2"/>
      </object_component>
      <object_component id="oc-ad">
         <name>.debug_info</name>
         <load_address>0x1972</load_address>
         <run_address>0x1972</run_address>
         <size>0x2a4</size>
         <input_file_ref idref="fl-2"/>
      </object_component>
      <object_component id="oc-75">
         <name>.debug_info</name>
         <load_address>0x1c16</load_address>
         <run_address>0x1c16</run_address>
         <size>0xbb</size>
         <input_file_ref idref="fl-2"/>
      </object_component>
      <object_component id="oc-2f">
         <name>.debug_info</name>
         <load_address>0x1cd1</load_address>
         <run_address>0x1cd1</run_address>
         <size>0x2c8</size>
         <input_file_ref idref="fl-3"/>
      </object_component>
      <object_component id="oc-13">
         <name>.debug_info</name>
         <load_address>0x1f99</load_address>
         <run_address>0x1f99</run_address>
         <size>0x107</size>
         <input_file_ref idref="fl-3"/>
      </object_component>
      <object_component id="oc-2a">
         <name>.debug_info</name>
         <load_address>0x20a0</load_address>
         <run_address>0x20a0</run_address>
         <size>0x283</size>
         <input_file_ref idref="fl-3"/>
      </object_component>
      <object_component id="oc-36">
         <name>.debug_info</name>
         <load_address>0x2323</load_address>
         <run_address>0x2323</run_address>
         <size>0x84</size>
         <input_file_ref idref="fl-3"/>
      </object_component>
      <object_component id="oc-8e">
         <name>.debug_info</name>
         <load_address>0x23a7</load_address>
         <run_address>0x23a7</run_address>
         <size>0x2d4</size>
         <input_file_ref idref="fl-be"/>
      </object_component>
      <object_component id="oc-48">
         <name>.debug_info</name>
         <load_address>0x267b</load_address>
         <run_address>0x267b</run_address>
         <size>0x1d2</size>
         <input_file_ref idref="fl-be"/>
      </object_component>
      <object_component id="oc-89">
         <name>.debug_info</name>
         <load_address>0x284d</load_address>
         <run_address>0x284d</run_address>
         <size>0x46</size>
         <input_file_ref idref="fl-be"/>
      </object_component>
      <object_component id="oc-c0">
         <name>.debug_info</name>
         <load_address>0x2893</load_address>
         <run_address>0x2893</run_address>
         <size>0x2c</size>
         <input_file_ref idref="fl-be"/>
      </object_component>
      <object_component id="oc-46">
         <name>.debug_info</name>
         <load_address>0x28bf</load_address>
         <run_address>0x28bf</run_address>
         <size>0x2a8</size>
         <input_file_ref idref="fl-bf"/>
      </object_component>
      <object_component id="oc-1f">
         <name>.debug_info</name>
         <load_address>0x2b67</load_address>
         <run_address>0x2b67</run_address>
         <size>0x1ea</size>
         <input_file_ref idref="fl-bf"/>
      </object_component>
      <object_component id="oc-41">
         <name>.debug_info</name>
         <load_address>0x2d51</load_address>
         <run_address>0x2d51</run_address>
         <size>0x46</size>
         <input_file_ref idref="fl-bf"/>
      </object_component>
      <object_component id="oc-81">
         <name>.debug_info</name>
         <load_address>0x2d97</load_address>
         <run_address>0x2d97</run_address>
         <size>0x2c</size>
         <input_file_ref idref="fl-bf"/>
      </object_component>
      <object_component id="oc-7f">
         <name>.debug_info</name>
         <load_address>0x2dc3</load_address>
         <run_address>0x2dc3</run_address>
         <size>0x29e</size>
         <input_file_ref idref="fl-c0"/>
      </object_component>
      <object_component id="oc-16">
         <name>.debug_info</name>
         <load_address>0x3061</load_address>
         <run_address>0x3061</run_address>
         <size>0x250</size>
         <input_file_ref idref="fl-c0"/>
      </object_component>
      <object_component id="oc-31">
         <name>.debug_info</name>
         <load_address>0x32b1</load_address>
         <run_address>0x32b1</run_address>
         <size>0x60</size>
         <input_file_ref idref="fl-c0"/>
      </object_component>
      <object_component id="oc-b9">
         <name>.debug_info</name>
         <load_address>0x3311</load_address>
         <run_address>0x3311</run_address>
         <size>0x46</size>
         <input_file_ref idref="fl-c0"/>
      </object_component>
      <object_component id="oc-7a">
         <name>.debug_info</name>
         <load_address>0x3357</load_address>
         <run_address>0x3357</run_address>
         <size>0x39</size>
         <input_file_ref idref="fl-c0"/>
      </object_component>
      <object_component id="oc-25">
         <name>.debug_info</name>
         <load_address>0x3390</load_address>
         <run_address>0x3390</run_address>
         <size>0x10b</size>
         <input_file_ref idref="fl-c1"/>
      </object_component>
      <object_component id="oc-5a">
         <name>.debug_info</name>
         <load_address>0x349b</load_address>
         <run_address>0x349b</run_address>
         <size>0x1a9</size>
         <input_file_ref idref="fl-c1"/>
      </object_component>
      <object_component id="oc-3d">
         <name>.debug_info</name>
         <load_address>0x3644</load_address>
         <run_address>0x3644</run_address>
         <size>0x119</size>
         <input_file_ref idref="fl-c2"/>
      </object_component>
      <object_component id="oc-214">
         <name>.debug_info</name>
         <load_address>0x375d</load_address>
         <run_address>0x375d</run_address>
         <size>0x4b3</size>
         <input_file_ref idref="fl-c4"/>
      </object_component>
      <object_component id="oc-183">
         <name>.debug_info</name>
         <load_address>0x3c10</load_address>
         <run_address>0x3c10</run_address>
         <size>0x1a6</size>
         <input_file_ref idref="fl-c4"/>
      </object_component>
      <object_component id="oc-26f">
         <name>.debug_info</name>
         <load_address>0x3db6</load_address>
         <run_address>0x3db6</run_address>
         <size>0x39</size>
         <input_file_ref idref="fl-c4"/>
      </object_component>
      <object_component id="oc-28d">
         <name>.debug_info</name>
         <load_address>0x3def</load_address>
         <run_address>0x3def</run_address>
         <size>0x39</size>
         <input_file_ref idref="fl-c4"/>
      </object_component>
      <object_component id="oc-274">
         <name>.debug_info</name>
         <load_address>0x3e28</load_address>
         <run_address>0x3e28</run_address>
         <size>0x39</size>
         <input_file_ref idref="fl-c4"/>
      </object_component>
      <object_component id="oc-279">
         <name>.debug_info</name>
         <load_address>0x3e61</load_address>
         <run_address>0x3e61</run_address>
         <size>0xcd</size>
         <input_file_ref idref="fl-c4"/>
      </object_component>
      <object_component id="oc-96">
         <name>.debug_info</name>
         <load_address>0x3f2e</load_address>
         <run_address>0x3f2e</run_address>
         <size>0x153</size>
         <input_file_ref idref="fl-c5"/>
      </object_component>
      <object_component id="oc-17a">
         <name>.debug_info</name>
         <load_address>0x4081</load_address>
         <run_address>0x4081</run_address>
         <size>0x122</size>
         <input_file_ref idref="fl-c7"/>
      </object_component>
      <object_component id="oc-1c5">
         <name>.debug_info</name>
         <load_address>0x41a3</load_address>
         <run_address>0x41a3</run_address>
         <size>0x3e4</size>
         <input_file_ref idref="fl-ca"/>
      </object_component>
      <object_component id="oc-246">
         <name>.debug_info</name>
         <load_address>0x4587</load_address>
         <run_address>0x4587</run_address>
         <size>0x170</size>
         <input_file_ref idref="fl-ca"/>
      </object_component>
      <object_component id="oc-249">
         <name>.debug_info</name>
         <load_address>0x46f7</load_address>
         <run_address>0x46f7</run_address>
         <size>0x172</size>
         <input_file_ref idref="fl-ca"/>
      </object_component>
      <object_component id="oc-1fd">
         <name>.debug_info</name>
         <load_address>0x4869</load_address>
         <run_address>0x4869</run_address>
         <size>0x164</size>
         <input_file_ref idref="fl-ca"/>
      </object_component>
      <object_component id="oc-100">
         <name>.debug_info</name>
         <load_address>0x49cd</load_address>
         <run_address>0x49cd</run_address>
         <size>0x2ac</size>
         <input_file_ref idref="fl-ca"/>
      </object_component>
      <object_component id="oc-1bf">
         <name>.debug_info</name>
         <load_address>0x4c79</load_address>
         <run_address>0x4c79</run_address>
         <size>0x2bc</size>
         <input_file_ref idref="fl-ca"/>
      </object_component>
      <object_component id="oc-dc">
         <name>.debug_info</name>
         <load_address>0x4f35</load_address>
         <run_address>0x4f35</run_address>
         <size>0x31f</size>
         <input_file_ref idref="fl-ca"/>
      </object_component>
      <object_component id="oc-14e">
         <name>.debug_info</name>
         <load_address>0x5254</load_address>
         <run_address>0x5254</run_address>
         <size>0x299</size>
         <input_file_ref idref="fl-ca"/>
      </object_component>
      <object_component id="oc-fa">
         <name>.debug_info</name>
         <load_address>0x54ed</load_address>
         <run_address>0x54ed</run_address>
         <size>0x2c0</size>
         <input_file_ref idref="fl-ca"/>
      </object_component>
      <object_component id="oc-d6">
         <name>.debug_info</name>
         <load_address>0x57ad</load_address>
         <run_address>0x57ad</run_address>
         <size>0x2a5</size>
         <input_file_ref idref="fl-ca"/>
      </object_component>
      <object_component id="oc-148">
         <name>.debug_info</name>
         <load_address>0x5a52</load_address>
         <run_address>0x5a52</run_address>
         <size>0x289</size>
         <input_file_ref idref="fl-ca"/>
      </object_component>
      <object_component id="oc-1ce">
         <name>.debug_info</name>
         <load_address>0x5cdb</load_address>
         <run_address>0x5cdb</run_address>
         <size>0x2a1</size>
         <input_file_ref idref="fl-ca"/>
      </object_component>
      <object_component id="oc-e8">
         <name>.debug_info</name>
         <load_address>0x5f7c</load_address>
         <run_address>0x5f7c</run_address>
         <size>0x2c4</size>
         <input_file_ref idref="fl-ca"/>
      </object_component>
      <object_component id="oc-10c">
         <name>.debug_info</name>
         <load_address>0x6240</load_address>
         <run_address>0x6240</run_address>
         <size>0x288</size>
         <input_file_ref idref="fl-ca"/>
      </object_component>
      <object_component id="oc-ee">
         <name>.debug_info</name>
         <load_address>0x64c8</load_address>
         <run_address>0x64c8</run_address>
         <size>0x2d8</size>
         <input_file_ref idref="fl-ca"/>
      </object_component>
      <object_component id="oc-f4">
         <name>.debug_info</name>
         <load_address>0x67a0</load_address>
         <run_address>0x67a0</run_address>
         <size>0x298</size>
         <input_file_ref idref="fl-ca"/>
      </object_component>
      <object_component id="oc-112">
         <name>.debug_info</name>
         <load_address>0x6a38</load_address>
         <run_address>0x6a38</run_address>
         <size>0x296</size>
         <input_file_ref idref="fl-ca"/>
      </object_component>
      <object_component id="oc-239">
         <name>.debug_info</name>
         <load_address>0x6cce</load_address>
         <run_address>0x6cce</run_address>
         <size>0x26b</size>
         <input_file_ref idref="fl-ca"/>
      </object_component>
      <object_component id="oc-229">
         <name>.debug_info</name>
         <load_address>0x6f39</load_address>
         <run_address>0x6f39</run_address>
         <size>0x297</size>
         <input_file_ref idref="fl-ca"/>
      </object_component>
      <object_component id="oc-234">
         <name>.debug_info</name>
         <load_address>0x71d0</load_address>
         <run_address>0x71d0</run_address>
         <size>0xef</size>
         <input_file_ref idref="fl-ca"/>
      </object_component>
      <object_component id="oc-1b7">
         <name>.debug_info</name>
         <load_address>0x72bf</load_address>
         <run_address>0x72bf</run_address>
         <size>0xbb</size>
         <input_file_ref idref="fl-ca"/>
      </object_component>
      <object_component id="oc-1cb">
         <name>.debug_info</name>
         <load_address>0x737a</load_address>
         <run_address>0x737a</run_address>
         <size>0x3b7</size>
         <input_file_ref idref="fl-cb"/>
      </object_component>
      <object_component id="oc-1c8">
         <name>.debug_info</name>
         <load_address>0x7731</load_address>
         <run_address>0x7731</run_address>
         <size>0x15b</size>
         <input_file_ref idref="fl-cb"/>
      </object_component>
      <object_component id="oc-24d">
         <name>.debug_info</name>
         <load_address>0x788c</load_address>
         <run_address>0x788c</run_address>
         <size>0x160</size>
         <input_file_ref idref="fl-cb"/>
      </object_component>
      <object_component id="oc-1d5">
         <name>.debug_info</name>
         <load_address>0x79ec</load_address>
         <run_address>0x79ec</run_address>
         <size>0x2ca</size>
         <input_file_ref idref="fl-cb"/>
      </object_component>
      <object_component id="oc-119">
         <name>.debug_info</name>
         <load_address>0x7cb6</load_address>
         <run_address>0x7cb6</run_address>
         <size>0x247</size>
         <input_file_ref idref="fl-cb"/>
      </object_component>
      <object_component id="oc-107">
         <name>.debug_info</name>
         <load_address>0x7efd</load_address>
         <run_address>0x7efd</run_address>
         <size>0x249</size>
         <input_file_ref idref="fl-cb"/>
      </object_component>
      <object_component id="oc-e2">
         <name>.debug_info</name>
         <load_address>0x8146</load_address>
         <run_address>0x8146</run_address>
         <size>0x271</size>
         <input_file_ref idref="fl-cb"/>
      </object_component>
      <object_component id="oc-1f0">
         <name>.debug_info</name>
         <load_address>0x83b7</load_address>
         <run_address>0x83b7</run_address>
         <size>0x396</size>
         <input_file_ref idref="fl-cc"/>
      </object_component>
      <object_component id="oc-124">
         <name>.debug_info</name>
         <load_address>0x874d</load_address>
         <run_address>0x874d</run_address>
         <size>0x2ff</size>
         <input_file_ref idref="fl-cc"/>
      </object_component>
      <object_component id="oc-166">
         <name>.debug_info</name>
         <load_address>0x8a4c</load_address>
         <run_address>0x8a4c</run_address>
         <size>0x2cd</size>
         <input_file_ref idref="fl-cc"/>
      </object_component>
      <object_component id="oc-15a">
         <name>.debug_info</name>
         <load_address>0x8d19</load_address>
         <run_address>0x8d19</run_address>
         <size>0x2bf</size>
         <input_file_ref idref="fl-cc"/>
      </object_component>
      <object_component id="oc-160">
         <name>.debug_info</name>
         <load_address>0x8fd8</load_address>
         <run_address>0x8fd8</run_address>
         <size>0x27f</size>
         <input_file_ref idref="fl-cc"/>
      </object_component>
      <object_component id="oc-154">
         <name>.debug_info</name>
         <load_address>0x9257</load_address>
         <run_address>0x9257</run_address>
         <size>0x2bc</size>
         <input_file_ref idref="fl-cc"/>
      </object_component>
      <object_component id="oc-1bc">
         <name>.debug_info</name>
         <load_address>0x9513</load_address>
         <run_address>0x9513</run_address>
         <size>0x441</size>
         <input_file_ref idref="fl-cd"/>
      </object_component>
      <object_component id="oc-d1">
         <name>.debug_info</name>
         <load_address>0x9954</load_address>
         <run_address>0x9954</run_address>
         <size>0x288</size>
         <input_file_ref idref="fl-cd"/>
      </object_component>
      <object_component id="oc-cb">
         <name>.debug_info</name>
         <load_address>0x9bdc</load_address>
         <run_address>0x9bdc</run_address>
         <size>0x286</size>
         <input_file_ref idref="fl-cd"/>
      </object_component>
      <object_component id="oc-16f">
         <name>.debug_info</name>
         <load_address>0x9e62</load_address>
         <run_address>0x9e62</run_address>
         <size>0x2e4</size>
         <input_file_ref idref="fl-cd"/>
      </object_component>
      <object_component id="oc-230">
         <name>.debug_info</name>
         <load_address>0xa146</load_address>
         <run_address>0xa146</run_address>
         <size>0x51</size>
         <input_file_ref idref="fl-cd"/>
      </object_component>
      <object_component id="oc-1ee">
         <name>.debug_info</name>
         <load_address>0xa197</load_address>
         <run_address>0xa197</run_address>
         <size>0x3c7</size>
         <input_file_ref idref="fl-ce"/>
      </object_component>
      <object_component id="oc-257">
         <name>.debug_info</name>
         <load_address>0xa55e</load_address>
         <run_address>0xa55e</run_address>
         <size>0x163</size>
         <input_file_ref idref="fl-ce"/>
      </object_component>
      <object_component id="oc-25a">
         <name>.debug_info</name>
         <load_address>0xa6c1</load_address>
         <run_address>0xa6c1</run_address>
         <size>0x175</size>
         <input_file_ref idref="fl-ce"/>
      </object_component>
      <object_component id="oc-12b">
         <name>.debug_info</name>
         <load_address>0xa836</load_address>
         <run_address>0xa836</run_address>
         <size>0x2c3</size>
         <input_file_ref idref="fl-ce"/>
      </object_component>
      <object_component id="oc-1f5">
         <name>.debug_info</name>
         <load_address>0xaaf9</load_address>
         <run_address>0xaaf9</run_address>
         <size>0x2f4</size>
         <input_file_ref idref="fl-ce"/>
      </object_component>
      <object_component id="oc-137">
         <name>.debug_info</name>
         <load_address>0xaded</load_address>
         <run_address>0xaded</run_address>
         <size>0x2ed</size>
         <input_file_ref idref="fl-ce"/>
      </object_component>
      <object_component id="oc-13d">
         <name>.debug_info</name>
         <load_address>0xb0da</load_address>
         <run_address>0xb0da</run_address>
         <size>0x29d</size>
         <input_file_ref idref="fl-ce"/>
      </object_component>
      <object_component id="oc-11f">
         <name>.debug_info</name>
         <load_address>0xb377</load_address>
         <run_address>0xb377</run_address>
         <size>0x29b</size>
         <input_file_ref idref="fl-ce"/>
      </object_component>
      <object_component id="oc-143">
         <name>.debug_info</name>
         <load_address>0xb612</load_address>
         <run_address>0xb612</run_address>
         <size>0x288</size>
         <input_file_ref idref="fl-ce"/>
      </object_component>
      <object_component id="oc-131">
         <name>.debug_info</name>
         <load_address>0xb89a</load_address>
         <run_address>0xb89a</run_address>
         <size>0x295</size>
         <input_file_ref idref="fl-ce"/>
      </object_component>
      <object_component id="oc-1e8">
         <name>.debug_info</name>
         <load_address>0xbb2f</load_address>
         <run_address>0xbb2f</run_address>
         <size>0x21b</size>
         <input_file_ref idref="fl-cf"/>
      </object_component>
      <object_component id="oc-1df">
         <name>.debug_info</name>
         <load_address>0xbd4a</load_address>
         <run_address>0xbd4a</run_address>
         <size>0x218</size>
         <input_file_ref idref="fl-cf"/>
      </object_component>
      <object_component id="oc-2c9">
         <name>.debug_info</name>
         <load_address>0xbf62</load_address>
         <run_address>0xbf62</run_address>
         <size>0xba</size>
      </object_component>
      <object_component id="oc-1b5">
         <name>.debug_line</name>
         <load_address>0x0</load_address>
         <run_address>0x0</run_address>
         <size>0x192</size>
         <input_file_ref idref="fl-2"/>
      </object_component>
      <object_component id="oc-206">
         <name>.debug_line</name>
         <load_address>0x192</load_address>
         <run_address>0x192</run_address>
         <size>0x2d</size>
         <input_file_ref idref="fl-2"/>
      </object_component>
      <object_component id="oc-9e">
         <name>.debug_line</name>
         <load_address>0x1bf</load_address>
         <run_address>0x1bf</run_address>
         <size>0x1d5</size>
         <input_file_ref idref="fl-2"/>
      </object_component>
      <object_component id="oc-73">
         <name>.debug_line</name>
         <load_address>0x394</load_address>
         <run_address>0x394</run_address>
         <size>0x6f</size>
         <input_file_ref idref="fl-2"/>
      </object_component>
      <object_component id="oc-b5">
         <name>.debug_line</name>
         <load_address>0x403</load_address>
         <run_address>0x403</run_address>
         <size>0x20</size>
         <input_file_ref idref="fl-2"/>
      </object_component>
      <object_component id="oc-b0">
         <name>.debug_line</name>
         <load_address>0x423</load_address>
         <run_address>0x423</run_address>
         <size>0x73</size>
         <input_file_ref idref="fl-2"/>
      </object_component>
      <object_component id="oc-78">
         <name>.debug_line</name>
         <load_address>0x496</load_address>
         <run_address>0x496</run_address>
         <size>0x70</size>
         <input_file_ref idref="fl-2"/>
      </object_component>
      <object_component id="oc-6f">
         <name>.debug_line</name>
         <load_address>0x506</load_address>
         <run_address>0x506</run_address>
         <size>0x41</size>
         <input_file_ref idref="fl-3"/>
      </object_component>
      <object_component id="oc-2e">
         <name>.debug_line</name>
         <load_address>0x547</load_address>
         <run_address>0x547</run_address>
         <size>0x41</size>
         <input_file_ref idref="fl-3"/>
      </object_component>
      <object_component id="oc-28">
         <name>.debug_line</name>
         <load_address>0x588</load_address>
         <run_address>0x588</run_address>
         <size>0xa1</size>
         <input_file_ref idref="fl-3"/>
      </object_component>
      <object_component id="oc-39">
         <name>.debug_line</name>
         <load_address>0x629</load_address>
         <run_address>0x629</run_address>
         <size>0x20</size>
         <input_file_ref idref="fl-3"/>
      </object_component>
      <object_component id="oc-c6">
         <name>.debug_line</name>
         <load_address>0x649</load_address>
         <run_address>0x649</run_address>
         <size>0x92</size>
         <input_file_ref idref="fl-be"/>
      </object_component>
      <object_component id="oc-4c">
         <name>.debug_line</name>
         <load_address>0x6db</load_address>
         <run_address>0x6db</run_address>
         <size>0x4c</size>
         <input_file_ref idref="fl-be"/>
      </object_component>
      <object_component id="oc-8c">
         <name>.debug_line</name>
         <load_address>0x727</load_address>
         <run_address>0x727</run_address>
         <size>0x34</size>
         <input_file_ref idref="fl-be"/>
      </object_component>
      <object_component id="oc-c3">
         <name>.debug_line</name>
         <load_address>0x75b</load_address>
         <run_address>0x75b</run_address>
         <size>0x92</size>
         <input_file_ref idref="fl-be"/>
      </object_component>
      <object_component id="oc-87">
         <name>.debug_line</name>
         <load_address>0x7ed</load_address>
         <run_address>0x7ed</run_address>
         <size>0x20</size>
         <input_file_ref idref="fl-bf"/>
      </object_component>
      <object_component id="oc-1d">
         <name>.debug_line</name>
         <load_address>0x80d</load_address>
         <run_address>0x80d</run_address>
         <size>0x55</size>
         <input_file_ref idref="fl-bf"/>
      </object_component>
      <object_component id="oc-44">
         <name>.debug_line</name>
         <load_address>0x862</load_address>
         <run_address>0x862</run_address>
         <size>0x3a</size>
         <input_file_ref idref="fl-bf"/>
      </object_component>
      <object_component id="oc-84">
         <name>.debug_line</name>
         <load_address>0x89c</load_address>
         <run_address>0x89c</run_address>
         <size>0x92</size>
         <input_file_ref idref="fl-bf"/>
      </object_component>
      <object_component id="oc-bf">
         <name>.debug_line</name>
         <load_address>0x92e</load_address>
         <run_address>0x92e</run_address>
         <size>0x20</size>
         <input_file_ref idref="fl-c0"/>
      </object_component>
      <object_component id="oc-1a">
         <name>.debug_line</name>
         <load_address>0x94e</load_address>
         <run_address>0x94e</run_address>
         <size>0xa9</size>
         <input_file_ref idref="fl-c0"/>
      </object_component>
      <object_component id="oc-34">
         <name>.debug_line</name>
         <load_address>0x9f7</load_address>
         <run_address>0x9f7</run_address>
         <size>0x3a</size>
         <input_file_ref idref="fl-c0"/>
      </object_component>
      <object_component id="oc-bc">
         <name>.debug_line</name>
         <load_address>0xa31</load_address>
         <run_address>0xa31</run_address>
         <size>0x9a</size>
         <input_file_ref idref="fl-c0"/>
      </object_component>
      <object_component id="oc-7d">
         <name>.debug_line</name>
         <load_address>0xacb</load_address>
         <run_address>0xacb</run_address>
         <size>0x96</size>
         <input_file_ref idref="fl-c0"/>
      </object_component>
      <object_component id="oc-6c">
         <name>.debug_line</name>
         <load_address>0xb61</load_address>
         <run_address>0xb61</run_address>
         <size>0x33</size>
         <input_file_ref idref="fl-c1"/>
      </object_component>
      <object_component id="oc-5e">
         <name>.debug_line</name>
         <load_address>0xb94</load_address>
         <run_address>0xb94</run_address>
         <size>0x45</size>
         <input_file_ref idref="fl-c1"/>
      </object_component>
      <object_component id="oc-3f">
         <name>.debug_line</name>
         <load_address>0xbd9</load_address>
         <run_address>0xbd9</run_address>
         <size>0x88</size>
         <input_file_ref idref="fl-c2"/>
      </object_component>
      <object_component id="oc-26e">
         <name>.debug_line</name>
         <load_address>0xc61</load_address>
         <run_address>0xc61</run_address>
         <size>0xbf</size>
         <input_file_ref idref="fl-c4"/>
      </object_component>
      <object_component id="oc-186">
         <name>.debug_line</name>
         <load_address>0xd20</load_address>
         <run_address>0xd20</run_address>
         <size>0x6f</size>
         <input_file_ref idref="fl-c4"/>
      </object_component>
      <object_component id="oc-272">
         <name>.debug_line</name>
         <load_address>0xd8f</load_address>
         <run_address>0xd8f</run_address>
         <size>0x2e</size>
         <input_file_ref idref="fl-c4"/>
      </object_component>
      <object_component id="oc-290">
         <name>.debug_line</name>
         <load_address>0xdbd</load_address>
         <run_address>0xdbd</run_address>
         <size>0x9a</size>
         <input_file_ref idref="fl-c4"/>
      </object_component>
      <object_component id="oc-277">
         <name>.debug_line</name>
         <load_address>0xe57</load_address>
         <run_address>0xe57</run_address>
         <size>0x97</size>
         <input_file_ref idref="fl-c4"/>
      </object_component>
      <object_component id="oc-27c">
         <name>.debug_line</name>
         <load_address>0xeee</load_address>
         <run_address>0xeee</run_address>
         <size>0x93</size>
         <input_file_ref idref="fl-c4"/>
      </object_component>
      <object_component id="oc-99">
         <name>.debug_line</name>
         <load_address>0xf81</load_address>
         <run_address>0xf81</run_address>
         <size>0x40</size>
         <input_file_ref idref="fl-c5"/>
      </object_component>
      <object_component id="oc-177">
         <name>.debug_line</name>
         <load_address>0xfc1</load_address>
         <run_address>0xfc1</run_address>
         <size>0x3c</size>
         <input_file_ref idref="fl-c7"/>
      </object_component>
      <object_component id="oc-240">
         <name>.debug_line</name>
         <load_address>0xffd</load_address>
         <run_address>0xffd</run_address>
         <size>0x82</size>
         <input_file_ref idref="fl-ca"/>
      </object_component>
      <object_component id="oc-281">
         <name>.debug_line</name>
         <load_address>0x107f</load_address>
         <run_address>0x107f</run_address>
         <size>0x7d</size>
         <input_file_ref idref="fl-ca"/>
      </object_component>
      <object_component id="oc-283">
         <name>.debug_line</name>
         <load_address>0x10fc</load_address>
         <run_address>0x10fc</run_address>
         <size>0x7d</size>
         <input_file_ref idref="fl-ca"/>
      </object_component>
      <object_component id="oc-25e">
         <name>.debug_line</name>
         <load_address>0x1179</load_address>
         <run_address>0x1179</run_address>
         <size>0x7d</size>
         <input_file_ref idref="fl-ca"/>
      </object_component>
      <object_component id="oc-103">
         <name>.debug_line</name>
         <load_address>0x11f6</load_address>
         <run_address>0x11f6</run_address>
         <size>0x92</size>
         <input_file_ref idref="fl-ca"/>
      </object_component>
      <object_component id="oc-1c2">
         <name>.debug_line</name>
         <load_address>0x1288</load_address>
         <run_address>0x1288</run_address>
         <size>0x95</size>
         <input_file_ref idref="fl-ca"/>
      </object_component>
      <object_component id="oc-df">
         <name>.debug_line</name>
         <load_address>0x131d</load_address>
         <run_address>0x131d</run_address>
         <size>0xc4</size>
         <input_file_ref idref="fl-ca"/>
      </object_component>
      <object_component id="oc-151">
         <name>.debug_line</name>
         <load_address>0x13e1</load_address>
         <run_address>0x13e1</run_address>
         <size>0x99</size>
         <input_file_ref idref="fl-ca"/>
      </object_component>
      <object_component id="oc-fd">
         <name>.debug_line</name>
         <load_address>0x147a</load_address>
         <run_address>0x147a</run_address>
         <size>0x99</size>
         <input_file_ref idref="fl-ca"/>
      </object_component>
      <object_component id="oc-d9">
         <name>.debug_line</name>
         <load_address>0x1513</load_address>
         <run_address>0x1513</run_address>
         <size>0x99</size>
         <input_file_ref idref="fl-ca"/>
      </object_component>
      <object_component id="oc-14b">
         <name>.debug_line</name>
         <load_address>0x15ac</load_address>
         <run_address>0x15ac</run_address>
         <size>0xa7</size>
         <input_file_ref idref="fl-ca"/>
      </object_component>
      <object_component id="oc-1d1">
         <name>.debug_line</name>
         <load_address>0x1653</load_address>
         <run_address>0x1653</run_address>
         <size>0xa6</size>
         <input_file_ref idref="fl-ca"/>
      </object_component>
      <object_component id="oc-eb">
         <name>.debug_line</name>
         <load_address>0x16f9</load_address>
         <run_address>0x16f9</run_address>
         <size>0x95</size>
         <input_file_ref idref="fl-ca"/>
      </object_component>
      <object_component id="oc-10f">
         <name>.debug_line</name>
         <load_address>0x178e</load_address>
         <run_address>0x178e</run_address>
         <size>0x92</size>
         <input_file_ref idref="fl-ca"/>
      </object_component>
      <object_component id="oc-f2">
         <name>.debug_line</name>
         <load_address>0x1820</load_address>
         <run_address>0x1820</run_address>
         <size>0x99</size>
         <input_file_ref idref="fl-ca"/>
      </object_component>
      <object_component id="oc-f7">
         <name>.debug_line</name>
         <load_address>0x18b9</load_address>
         <run_address>0x18b9</run_address>
         <size>0x92</size>
         <input_file_ref idref="fl-ca"/>
      </object_component>
      <object_component id="oc-116">
         <name>.debug_line</name>
         <load_address>0x194b</load_address>
         <run_address>0x194b</run_address>
         <size>0x92</size>
         <input_file_ref idref="fl-ca"/>
      </object_component>
      <object_component id="oc-23c">
         <name>.debug_line</name>
         <load_address>0x19dd</load_address>
         <run_address>0x19dd</run_address>
         <size>0x71</size>
         <input_file_ref idref="fl-ca"/>
      </object_component>
      <object_component id="oc-22c">
         <name>.debug_line</name>
         <load_address>0x1a4e</load_address>
         <run_address>0x1a4e</run_address>
         <size>0x75</size>
         <input_file_ref idref="fl-ca"/>
      </object_component>
      <object_component id="oc-237">
         <name>.debug_line</name>
         <load_address>0x1ac3</load_address>
         <run_address>0x1ac3</run_address>
         <size>0x71</size>
         <input_file_ref idref="fl-ca"/>
      </object_component>
      <object_component id="oc-1ba">
         <name>.debug_line</name>
         <load_address>0x1b34</load_address>
         <run_address>0x1b34</run_address>
         <size>0x72</size>
         <input_file_ref idref="fl-ca"/>
      </object_component>
      <object_component id="oc-244">
         <name>.debug_line</name>
         <load_address>0x1ba6</load_address>
         <run_address>0x1ba6</run_address>
         <size>0x7c</size>
         <input_file_ref idref="fl-cb"/>
      </object_component>
      <object_component id="oc-242">
         <name>.debug_line</name>
         <load_address>0x1c22</load_address>
         <run_address>0x1c22</run_address>
         <size>0x82</size>
         <input_file_ref idref="fl-cb"/>
      </object_component>
      <object_component id="oc-285">
         <name>.debug_line</name>
         <load_address>0x1ca4</load_address>
         <run_address>0x1ca4</run_address>
         <size>0x82</size>
         <input_file_ref idref="fl-cb"/>
      </object_component>
      <object_component id="oc-1d8">
         <name>.debug_line</name>
         <load_address>0x1d26</load_address>
         <run_address>0x1d26</run_address>
         <size>0xaf</size>
         <input_file_ref idref="fl-cb"/>
      </object_component>
      <object_component id="oc-118">
         <name>.debug_line</name>
         <load_address>0x1dd5</load_address>
         <run_address>0x1dd5</run_address>
         <size>0x97</size>
         <input_file_ref idref="fl-cb"/>
      </object_component>
      <object_component id="oc-106">
         <name>.debug_line</name>
         <load_address>0x1e6c</load_address>
         <run_address>0x1e6c</run_address>
         <size>0x97</size>
         <input_file_ref idref="fl-cb"/>
      </object_component>
      <object_component id="oc-e5">
         <name>.debug_line</name>
         <load_address>0x1f03</load_address>
         <run_address>0x1f03</run_address>
         <size>0xc2</size>
         <input_file_ref idref="fl-cb"/>
      </object_component>
      <object_component id="oc-255">
         <name>.debug_line</name>
         <load_address>0x1fc5</load_address>
         <run_address>0x1fc5</run_address>
         <size>0x82</size>
         <input_file_ref idref="fl-cc"/>
      </object_component>
      <object_component id="oc-127">
         <name>.debug_line</name>
         <load_address>0x2047</load_address>
         <run_address>0x2047</run_address>
         <size>0x9e</size>
         <input_file_ref idref="fl-cc"/>
      </object_component>
      <object_component id="oc-16a">
         <name>.debug_line</name>
         <load_address>0x20e5</load_address>
         <run_address>0x20e5</run_address>
         <size>0x95</size>
         <input_file_ref idref="fl-cc"/>
      </object_component>
      <object_component id="oc-15d">
         <name>.debug_line</name>
         <load_address>0x217a</load_address>
         <run_address>0x217a</run_address>
         <size>0x96</size>
         <input_file_ref idref="fl-cc"/>
      </object_component>
      <object_component id="oc-163">
         <name>.debug_line</name>
         <load_address>0x2210</load_address>
         <run_address>0x2210</run_address>
         <size>0x91</size>
         <input_file_ref idref="fl-cc"/>
      </object_component>
      <object_component id="oc-157">
         <name>.debug_line</name>
         <load_address>0x22a1</load_address>
         <run_address>0x22a1</run_address>
         <size>0x9b</size>
         <input_file_ref idref="fl-cc"/>
      </object_component>
      <object_component id="oc-22f">
         <name>.debug_line</name>
         <load_address>0x233c</load_address>
         <run_address>0x233c</run_address>
         <size>0x13d</size>
         <input_file_ref idref="fl-cd"/>
      </object_component>
      <object_component id="oc-d3">
         <name>.debug_line</name>
         <load_address>0x2479</load_address>
         <run_address>0x2479</run_address>
         <size>0x94</size>
         <input_file_ref idref="fl-cd"/>
      </object_component>
      <object_component id="oc-cd">
         <name>.debug_line</name>
         <load_address>0x250d</load_address>
         <run_address>0x250d</run_address>
         <size>0x94</size>
         <input_file_ref idref="fl-cd"/>
      </object_component>
      <object_component id="oc-172">
         <name>.debug_line</name>
         <load_address>0x25a1</load_address>
         <run_address>0x25a1</run_address>
         <size>0xee</size>
         <input_file_ref idref="fl-cd"/>
      </object_component>
      <object_component id="oc-232">
         <name>.debug_line</name>
         <load_address>0x268f</load_address>
         <run_address>0x268f</run_address>
         <size>0x7f</size>
         <input_file_ref idref="fl-cd"/>
      </object_component>
      <object_component id="oc-253">
         <name>.debug_line</name>
         <load_address>0x270e</load_address>
         <run_address>0x270e</run_address>
         <size>0x82</size>
         <input_file_ref idref="fl-ce"/>
      </object_component>
      <object_component id="oc-287">
         <name>.debug_line</name>
         <load_address>0x2790</load_address>
         <run_address>0x2790</run_address>
         <size>0x7e</size>
         <input_file_ref idref="fl-ce"/>
      </object_component>
      <object_component id="oc-289">
         <name>.debug_line</name>
         <load_address>0x280e</load_address>
         <run_address>0x280e</run_address>
         <size>0x7e</size>
         <input_file_ref idref="fl-ce"/>
      </object_component>
      <object_component id="oc-12a">
         <name>.debug_line</name>
         <load_address>0x288c</load_address>
         <run_address>0x288c</run_address>
         <size>0x9c</size>
         <input_file_ref idref="fl-ce"/>
      </object_component>
      <object_component id="oc-1f4">
         <name>.debug_line</name>
         <load_address>0x2928</load_address>
         <run_address>0x2928</run_address>
         <size>0xaf</size>
         <input_file_ref idref="fl-ce"/>
      </object_component>
      <object_component id="oc-136">
         <name>.debug_line</name>
         <load_address>0x29d7</load_address>
         <run_address>0x29d7</run_address>
         <size>0x9a</size>
         <input_file_ref idref="fl-ce"/>
      </object_component>
      <object_component id="oc-13c">
         <name>.debug_line</name>
         <load_address>0x2a71</load_address>
         <run_address>0x2a71</run_address>
         <size>0x93</size>
         <input_file_ref idref="fl-ce"/>
      </object_component>
      <object_component id="oc-11e">
         <name>.debug_line</name>
         <load_address>0x2b04</load_address>
         <run_address>0x2b04</run_address>
         <size>0x93</size>
         <input_file_ref idref="fl-ce"/>
      </object_component>
      <object_component id="oc-142">
         <name>.debug_line</name>
         <load_address>0x2b97</load_address>
         <run_address>0x2b97</run_address>
         <size>0x93</size>
         <input_file_ref idref="fl-ce"/>
      </object_component>
      <object_component id="oc-130">
         <name>.debug_line</name>
         <load_address>0x2c2a</load_address>
         <run_address>0x2c2a</run_address>
         <size>0xb7</size>
         <input_file_ref idref="fl-ce"/>
      </object_component>
      <object_component id="oc-1ea">
         <name>.debug_line</name>
         <load_address>0x2ce1</load_address>
         <run_address>0x2ce1</run_address>
         <size>0x91</size>
         <input_file_ref idref="fl-cf"/>
      </object_component>
      <object_component id="oc-1e1">
         <name>.debug_line</name>
         <load_address>0x2d72</load_address>
         <run_address>0x2d72</run_address>
         <size>0x91</size>
         <input_file_ref idref="fl-cf"/>
      </object_component>
      <object_component id="oc-9c">
         <name>.debug_frame</name>
         <load_address>0x0</load_address>
         <run_address>0x0</run_address>
         <size>0x110</size>
         <input_file_ref idref="fl-2"/>
      </object_component>
      <object_component id="oc-29">
         <name>.debug_frame</name>
         <load_address>0x110</load_address>
         <run_address>0x110</run_address>
         <size>0x90</size>
         <input_file_ref idref="fl-3"/>
      </object_component>
      <object_component id="oc-4b">
         <name>.debug_frame</name>
         <load_address>0x1a0</load_address>
         <run_address>0x1a0</run_address>
         <size>0x54</size>
         <input_file_ref idref="fl-be"/>
      </object_component>
      <object_component id="oc-1c">
         <name>.debug_frame</name>
         <load_address>0x1f4</load_address>
         <run_address>0x1f4</run_address>
         <size>0x54</size>
         <input_file_ref idref="fl-bf"/>
      </object_component>
      <object_component id="oc-19">
         <name>.debug_frame</name>
         <load_address>0x248</load_address>
         <run_address>0x248</run_address>
         <size>0x60</size>
         <input_file_ref idref="fl-c0"/>
      </object_component>
      <object_component id="oc-5d">
         <name>.debug_frame</name>
         <load_address>0x2a8</load_address>
         <run_address>0x2a8</run_address>
         <size>0x50</size>
         <input_file_ref idref="fl-c1"/>
      </object_component>
      <object_component id="oc-187">
         <name>.debug_frame</name>
         <load_address>0x2f8</load_address>
         <run_address>0x2f8</run_address>
         <size>0x5c</size>
         <input_file_ref idref="fl-c4"/>
      </object_component>
      <object_component id="oc-9a">
         <name>.debug_frame</name>
         <load_address>0x354</load_address>
         <run_address>0x354</run_address>
         <size>0x54</size>
         <input_file_ref idref="fl-c5"/>
      </object_component>
      <object_component id="oc-179">
         <name>.debug_frame</name>
         <load_address>0x3a8</load_address>
         <run_address>0x3a8</run_address>
         <size>0x54</size>
         <input_file_ref idref="fl-c7"/>
      </object_component>
      <object_component id="oc-104">
         <name>.debug_frame</name>
         <load_address>0x3fc</load_address>
         <run_address>0x3fc</run_address>
         <size>0x54</size>
         <input_file_ref idref="fl-ca"/>
      </object_component>
      <object_component id="oc-1c3">
         <name>.debug_frame</name>
         <load_address>0x450</load_address>
         <run_address>0x450</run_address>
         <size>0x54</size>
         <input_file_ref idref="fl-ca"/>
      </object_component>
      <object_component id="oc-e0">
         <name>.debug_frame</name>
         <load_address>0x4a4</load_address>
         <run_address>0x4a4</run_address>
         <size>0x68</size>
         <input_file_ref idref="fl-ca"/>
      </object_component>
      <object_component id="oc-152">
         <name>.debug_frame</name>
         <load_address>0x50c</load_address>
         <run_address>0x50c</run_address>
         <size>0x58</size>
         <input_file_ref idref="fl-ca"/>
      </object_component>
      <object_component id="oc-fe">
         <name>.debug_frame</name>
         <load_address>0x564</load_address>
         <run_address>0x564</run_address>
         <size>0x5c</size>
         <input_file_ref idref="fl-ca"/>
      </object_component>
      <object_component id="oc-da">
         <name>.debug_frame</name>
         <load_address>0x5c0</load_address>
         <run_address>0x5c0</run_address>
         <size>0x58</size>
         <input_file_ref idref="fl-ca"/>
      </object_component>
      <object_component id="oc-14c">
         <name>.debug_frame</name>
         <load_address>0x618</load_address>
         <run_address>0x618</run_address>
         <size>0x58</size>
         <input_file_ref idref="fl-ca"/>
      </object_component>
      <object_component id="oc-1d2">
         <name>.debug_frame</name>
         <load_address>0x670</load_address>
         <run_address>0x670</run_address>
         <size>0x54</size>
         <input_file_ref idref="fl-ca"/>
      </object_component>
      <object_component id="oc-ec">
         <name>.debug_frame</name>
         <load_address>0x6c4</load_address>
         <run_address>0x6c4</run_address>
         <size>0x54</size>
         <input_file_ref idref="fl-ca"/>
      </object_component>
      <object_component id="oc-110">
         <name>.debug_frame</name>
         <load_address>0x718</load_address>
         <run_address>0x718</run_address>
         <size>0x54</size>
         <input_file_ref idref="fl-ca"/>
      </object_component>
      <object_component id="oc-f1">
         <name>.debug_frame</name>
         <load_address>0x76c</load_address>
         <run_address>0x76c</run_address>
         <size>0x5c</size>
         <input_file_ref idref="fl-ca"/>
      </object_component>
      <object_component id="oc-f8">
         <name>.debug_frame</name>
         <load_address>0x7c8</load_address>
         <run_address>0x7c8</run_address>
         <size>0x54</size>
         <input_file_ref idref="fl-ca"/>
      </object_component>
      <object_component id="oc-115">
         <name>.debug_frame</name>
         <load_address>0x81c</load_address>
         <run_address>0x81c</run_address>
         <size>0x54</size>
         <input_file_ref idref="fl-ca"/>
      </object_component>
      <object_component id="oc-1d4">
         <name>.debug_frame</name>
         <load_address>0x870</load_address>
         <run_address>0x870</run_address>
         <size>0x60</size>
         <input_file_ref idref="fl-cb"/>
      </object_component>
      <object_component id="oc-11c">
         <name>.debug_frame</name>
         <load_address>0x8d0</load_address>
         <run_address>0x8d0</run_address>
         <size>0x58</size>
         <input_file_ref idref="fl-cb"/>
      </object_component>
      <object_component id="oc-10a">
         <name>.debug_frame</name>
         <load_address>0x928</load_address>
         <run_address>0x928</run_address>
         <size>0x58</size>
         <input_file_ref idref="fl-cb"/>
      </object_component>
      <object_component id="oc-e6">
         <name>.debug_frame</name>
         <load_address>0x980</load_address>
         <run_address>0x980</run_address>
         <size>0x54</size>
         <input_file_ref idref="fl-cb"/>
      </object_component>
      <object_component id="oc-128">
         <name>.debug_frame</name>
         <load_address>0x9d4</load_address>
         <run_address>0x9d4</run_address>
         <size>0x54</size>
         <input_file_ref idref="fl-cc"/>
      </object_component>
      <object_component id="oc-169">
         <name>.debug_frame</name>
         <load_address>0xa28</load_address>
         <run_address>0xa28</run_address>
         <size>0x54</size>
         <input_file_ref idref="fl-cc"/>
      </object_component>
      <object_component id="oc-15e">
         <name>.debug_frame</name>
         <load_address>0xa7c</load_address>
         <run_address>0xa7c</run_address>
         <size>0x54</size>
         <input_file_ref idref="fl-cc"/>
      </object_component>
      <object_component id="oc-164">
         <name>.debug_frame</name>
         <load_address>0xad0</load_address>
         <run_address>0xad0</run_address>
         <size>0x54</size>
         <input_file_ref idref="fl-cc"/>
      </object_component>
      <object_component id="oc-158">
         <name>.debug_frame</name>
         <load_address>0xb24</load_address>
         <run_address>0xb24</run_address>
         <size>0x54</size>
         <input_file_ref idref="fl-cc"/>
      </object_component>
      <object_component id="oc-d4">
         <name>.debug_frame</name>
         <load_address>0xb78</load_address>
         <run_address>0xb78</run_address>
         <size>0x54</size>
         <input_file_ref idref="fl-cd"/>
      </object_component>
      <object_component id="oc-ce">
         <name>.debug_frame</name>
         <load_address>0xbcc</load_address>
         <run_address>0xbcc</run_address>
         <size>0x54</size>
         <input_file_ref idref="fl-cd"/>
      </object_component>
      <object_component id="oc-173">
         <name>.debug_frame</name>
         <load_address>0xc20</load_address>
         <run_address>0xc20</run_address>
         <size>0x68</size>
         <input_file_ref idref="fl-cd"/>
      </object_component>
      <object_component id="oc-12e">
         <name>.debug_frame</name>
         <load_address>0xc88</load_address>
         <run_address>0xc88</run_address>
         <size>0x54</size>
         <input_file_ref idref="fl-ce"/>
      </object_component>
      <object_component id="oc-1f8">
         <name>.debug_frame</name>
         <load_address>0xcdc</load_address>
         <run_address>0xcdc</run_address>
         <size>0x5c</size>
         <input_file_ref idref="fl-ce"/>
      </object_component>
      <object_component id="oc-13a">
         <name>.debug_frame</name>
         <load_address>0xd38</load_address>
         <run_address>0xd38</run_address>
         <size>0x5c</size>
         <input_file_ref idref="fl-ce"/>
      </object_component>
      <object_component id="oc-140">
         <name>.debug_frame</name>
         <load_address>0xd94</load_address>
         <run_address>0xd94</run_address>
         <size>0x54</size>
         <input_file_ref idref="fl-ce"/>
      </object_component>
      <object_component id="oc-122">
         <name>.debug_frame</name>
         <load_address>0xde8</load_address>
         <run_address>0xde8</run_address>
         <size>0x54</size>
         <input_file_ref idref="fl-ce"/>
      </object_component>
      <object_component id="oc-146">
         <name>.debug_frame</name>
         <load_address>0xe3c</load_address>
         <run_address>0xe3c</run_address>
         <size>0x54</size>
         <input_file_ref idref="fl-ce"/>
      </object_component>
      <object_component id="oc-134">
         <name>.debug_frame</name>
         <load_address>0xe90</load_address>
         <run_address>0xe90</run_address>
         <size>0x58</size>
         <input_file_ref idref="fl-ce"/>
      </object_component>
      <object_component id="oc-1eb">
         <name>.debug_frame</name>
         <load_address>0xee8</load_address>
         <run_address>0xee8</run_address>
         <size>0x54</size>
         <input_file_ref idref="fl-cf"/>
      </object_component>
      <object_component id="oc-1e2">
         <name>.debug_frame</name>
         <load_address>0xf3c</load_address>
         <run_address>0xf3c</run_address>
         <size>0x54</size>
         <input_file_ref idref="fl-cf"/>
      </object_component>
      <object_component id="oc-1b4">
         <name>.debug_abbrev</name>
         <load_address>0x0</load_address>
         <run_address>0x0</run_address>
         <size>0xcd</size>
         <input_file_ref idref="fl-2"/>
      </object_component>
      <object_component id="oc-205">
         <name>.debug_abbrev</name>
         <load_address>0xcd</load_address>
         <run_address>0xcd</run_address>
         <size>0x29</size>
         <input_file_ref idref="fl-2"/>
      </object_component>
      <object_component id="oc-175">
         <name>.debug_abbrev</name>
         <load_address>0xf6</load_address>
         <run_address>0xf6</run_address>
         <size>0x103</size>
         <input_file_ref idref="fl-2"/>
      </object_component>
      <object_component id="oc-72">
         <name>.debug_abbrev</name>
         <load_address>0x1f9</load_address>
         <run_address>0x1f9</run_address>
         <size>0x69</size>
         <input_file_ref idref="fl-2"/>
      </object_component>
      <object_component id="oc-b4">
         <name>.debug_abbrev</name>
         <load_address>0x262</load_address>
         <run_address>0x262</run_address>
         <size>0x1f</size>
         <input_file_ref idref="fl-2"/>
      </object_component>
      <object_component id="oc-af">
         <name>.debug_abbrev</name>
         <load_address>0x281</load_address>
         <run_address>0x281</run_address>
         <size>0x5c</size>
         <input_file_ref idref="fl-2"/>
      </object_component>
      <object_component id="oc-77">
         <name>.debug_abbrev</name>
         <load_address>0x2dd</load_address>
         <run_address>0x2dd</run_address>
         <size>0x24</size>
         <input_file_ref idref="fl-2"/>
      </object_component>
      <object_component id="oc-6e">
         <name>.debug_abbrev</name>
         <load_address>0x301</load_address>
         <run_address>0x301</run_address>
         <size>0x68</size>
         <input_file_ref idref="fl-3"/>
[...]
         <name>.debug_pubtypes</name>
         <load_address>0x0</load_address>
         <run_address>0x0</run_address>
         <size>0x11fd</size>
         <contents>
            <object_component_ref idref="oc-71"/>
            <object_component_ref idref="oc-b3"/>
            <object_component_ref idref="oc-ae"/>
            <object_component_ref idref="oc-76"/>
            <object_component_ref idref="oc-37"/>
            <object_component_ref idref="oc-8a"/>
            <object_component_ref idref="oc-c1"/>
            <object_component_ref idref="oc-42"/>
            <object_component_ref idref="oc-82"/>
            <object_component_ref idref="oc-32"/>
            <object_component_ref idref="oc-ba"/>
            <object_component_ref idref="oc-7b"/>
            <object_component_ref idref="oc-270"/>
            <object_component_ref idref="oc-28e"/>
            <object_component_ref idref="oc-275"/>
            <object_component_ref idref="oc-27a"/>
            <object_component_ref idref="oc-23a"/>
            <object_component_ref idref="oc-22a"/>
            <object_component_ref idref="oc-235"/>
            <object_component_ref idref="oc-1b8"/>
         </contents>
      </logical_group>
      <logical_group id="lg-2c7" display="no" color="cyan">
         <name>Veneer$$CMSE</name>
         <run_address>0x0</run_address>
         <size>0x0</size>
         <contents>
         </contents>
      </logical_group>
      <load_segment id="lg-2cb" display="no" color="cyan">
         <name>SEGMENT_0</name>
         <load_address>0x0</load_address>
         <run_address>0x0</run_address>
         <size>0x12d8</size>
         <flags>0x5</flags>
         <contents>
            <logical_group_ref idref="lg-3"/>
            <logical_group_ref idref="lg-4"/>
            <logical_group_ref idref="lg-5"/>
            <logical_group_ref idref="lg-6"/>
         </contents>
      </load_segment>
      <load_segment id="lg-2cc" display="no" color="cyan">
         <name>SEGMENT_1</name>
         <run_address>0x20000000</run_address>
         <size>0x489</size>
         <flags>0x6</flags>
         <contents>
            <logical_group_ref idref="lg-9"/>
            <logical_group_ref idref="lg-b"/>
            <logical_group_ref idref="lg-d"/>
            <logical_group_ref idref="lg-a"/>
         </contents>
      </load_segment>
   </logical_group_list>
   <placement_map>
      <memory_area display="yes" color="green">
         <name>FLASH</name>
         <page_id>0x0</page_id>
         <origin>0x0</origin>
         <length>0x40000</length>
         <used_space>0x12d2</used_space>
         <unused_space>0x3ed2e</unused_space>
         <attributes>RX</attributes>
         <usage_details>
            <allocated_space>
               <start_address>0x0</start_address>
               <size>0x26c</size>
               <logical_group_ref idref="lg-3"/>
            </allocated_space>
            <allocated_space>
               <start_address>0x26c</start_address>
               <size>0xd3a</size>
               <logical_group_ref idref="lg-4"/>
            </allocated_space>
            <available_space>
               <start_address>0xfa6</start_address>
               <size>0x2</size>
            </available_space>
            <allocated_space>
               <start_address>0xfa8</start_address>
               <size>0x2dc</size>
               <logical_group_ref idref="lg-5"/>
            </allocated_space>
            <available_space>
               <start_address>0x1284</start_address>
               <size>0x4</size>
            </available_space>
            <allocated_space>
               <start_address>0x1288</start_address>
               <size>0x50</size>
               <logical_group_ref idref="lg-6"/>
            </allocated_space>
            <available_space>
               <start_address>0x12d8</start_address>
               <size>0x3ed28</size>
            </available_space>
         </usage_details>
      </memory_area>
      <memory_area display="yes" color="green">
         <name>SRAM</name>
         <page_id>0x0</page_id>
         <origin>0x20000000</origin>
         <length>0x8000</length>
         <used_space>0x486</used_space>
         <unused_space>0x7b7a</unused_space>
         <attributes>RWX</attributes>
         <usage_details>
            <allocated_space>
               <start_address>0x20000000</start_address>
               <size>0x0</size>
               <logical_group_ref idref="lg-29b"/>
            </allocated_space>
            <allocated_space>
               <start_address>0x20000000</start_address>
               <size>0x26c</size>
               <logical_group_ref idref="lg-9"/>
            </allocated_space>
            <allocated_space>
               <start_address>0x2000026c</start_address>
               <size>0x1</size>
               <logical_group_ref idref="lg-b"/>
            </allocated_space>
            <available_space>
               <start_address>0x2000026d</start_address>
               <size>0x3</size>
            </available_space>
            <allocated_space>
               <start_address>0x20000270</start_address>
               <size>0x200</size>
               <logical_group_ref idref="lg-d"/>
            </allocated_space>
            <allocated_space>
               <start_address>0x20000470</start_address>
               <size>0x19</size>
               <logical_group_ref idref="lg-a"/>
            </allocated_space>
            <available_space>
               <start_address>0x20000489</start_address>
               <size>0x7b77</size>
            </available_space>
         </usage_details>
      </memory_area>
   </placement_map>
   <cptbl_list>
      <cptbl>
         <name>__TI_cinit_table</name>
         <cprec>
            <name>.data</name>
            <load_address>0x1288</load_address>
            <load_size>0x1c</load_size>
            <run_address>0x20000470</run_address>
            <run_size>0x19</run_size>
            <compression>lzss</compression>
         </cprec>
         <cprec>
            <name>.bss</name>
            <load_address>0x12b0</load_address>
            <load_size>0x8</load_size>
            <run_address>0x2000026c</run_address>
            <run_size>0x1</run_size>
            <compression>zero_init</compression>
         </cprec>
         <cprec>
            <name>.vtable</name>
            <load_address>0x12b8</load_address>
            <load_size>0x8</load_size>
            <run_address>0x20000000</run_address>
            <run_size>0x26c</run_size>
            <compression>zero_init</compression>
         </cprec>
      </cptbl>
   </cptbl_list>
   <handler_table>
      <handler_table_name>__TI_handler_table</handler_table_name>
      <handler>
         <index>0x0</index>
         <name>__TI_zero_init</name>
      </handler>
      <handler>
         <index>0x1</index>
         <name>__TI_decompress_lzss</name>
      </handler>
      <handler>
         <index>0x2</index>
         <name>__TI_decompress_none</name>
      </handler>
   </handler_table>
   <symbol_table>
      <symbol id="sm-1">
         <name>__STACK_TOP</name>
         <value>0x20000470</value>
      </symbol>
      <symbol id="sm-2">
         <name>__start___llvm_prf_cnts</name>
         <value>0x20000000</value>
      </symbol>
      <symbol id="sm-3">
         <name>__stop___llvm_prf_cnts</name>
         <value>0x20000000</value>
      </symbol>
      <symbol id="sm-4">
         <name>__TI_CINIT_Base</name>
         <value>0x12c0</value>
      </symbol>
      <symbol id="sm-5">
         <name>__TI_CINIT_Limit</name>
         <value>0x12d8</value>
      </symbol>
      <symbol id="sm-6">
         <name>__TI_Handler_Table_Base</name>
         <value>0x12a4</value>
      </symbol>
      <symbol id="sm-7">
         <name>__TI_Handler_Table_Limit</name>
         <value>0x12b0</value>
      </symbol>
      <symbol id="sm-8">
         <name>binit</name>
         <value>0xffffffff</value>
      </symbol>
      <symbol id="sm-9">
         <name>__binit__</name>
         <value>0xffffffff</value>
      </symbol>
      <symbol id="sm-a">
         <name>__STACK_SIZE</name>
         <value>0x200</value>
      </symbol>
      <symbol id="sm-b">
         <name>__STACK_END</name>
         <value>0x20000470</value>
      </symbol>
      <symbol id="sm-c">
         <name>__c_args__</name>
         <value>0xffffffff</value>
      </symbol>
      <symbol id="sm-d">
         <name>__TI_pprof_out_hndl</name>
         <value>0xffffffff</value>
      </symbol>
      <symbol id="sm-e">
         <name>__TI_prof_data_start</name>
         <value>0xffffffff</value>
      </symbol>
      <symbol id="sm-f">
         <name>__TI_prof_data_size</name>
         <value>0xffffffff</value>
      </symbol>
      <symbol id="sm-95">
         <name>phase</name>
         <value>0x2000026c</value>
      </symbol>
      <symbol id="sm-96">
         <name>Configure_Timer0</name>
         <value>0x425</value>
         <object_component_ref idref="oc-9b"/>
      </symbol>
      <symbol id="sm-97">
         <name>Configure_Timer1</name>
         <value>0x46d</value>
         <object_component_ref idref="oc-9b"/>
      </symbol>
      <symbol id="sm-98">
         <name>ticks</name>
         <value>0x20000474</value>
         <object_component_ref idref="oc-16b"/>
      </symbol>
      <symbol id="sm-99">
         <name>pwm_freq</name>
         <value>0x20000478</value>
         <object_component_ref idref="oc-16b"/>
      </symbol>
      <symbol id="sm-9a">
         <name>Configure_PWM</name>
         <value>0x4b5</value>
         <object_component_ref idref="oc-9b"/>
      </symbol>
      <symbol id="sm-9b">
         <name>restart</name>
         <value>0x20000480</value>
         <object_component_ref idref="oc-16b"/>
      </symbol>
      <symbol id="sm-9c">
         <name>fin_rampa</name>
         <value>0x20000488</value>
         <object_component_ref idref="oc-16b"/>
      </symbol>
      <symbol id="sm-9d">
         <name>main</name>
         <value>0x5d9</value>
         <object_component_ref idref="oc-9b"/>
      </symbol>
      <symbol id="sm-9e">
         <name>timerA_flag</name>
         <value>0x20000470</value>
         <object_component_ref idref="oc-16b"/>
      </symbol>
      <symbol id="sm-9f">
         <name>IntPortFHandler</name>
         <value>0x30f</value>
         <object_component_ref idref="oc-9b"/>
      </symbol>
      <symbol id="sm-a0">
         <name>Configure_GPIO</name>
         <value>0x26d</value>
         <object_component_ref idref="oc-9b"/>
      </symbol>
      <symbol id="sm-a1">
         <name>pulse_width</name>
         <value>0x2000047c</value>
         <object_component_ref idref="oc-16b"/>
      </symbol>
      <symbol id="sm-a2">
         <name>Timer0IntHandler</name>
         <value>0x33d</value>
         <object_component_ref idref="oc-9b"/>
      </symbol>
      <symbol id="sm-a3">
         <name>Timer1IntHandler</name>
         <value>0x411</value>
         <object_component_ref idref="oc-9b"/>
      </symbol>
      <symbol id="sm-a4">
         <name>pulse_counter</name>
         <value>0x20000484</value>
         <object_component_ref idref="oc-16b"/>
      </symbol>
      <symbol id="sm-c5">
         <name>ResetISR</name>
         <value>0xf75</value>
         <object_component_ref idref="oc-27"/>
      </symbol>
      <symbol id="sm-c6">
         <name>g_pfnVectors</name>
         <value>0x0</value>
         <object_component_ref idref="oc-12"/>
      </symbol>
      <symbol id="sm-df">
         <name>__TI_zero_init_nomemset</name>
         <value>0xe35</value>
         <object_component_ref idref="oc-47"/>
      </symbol>
      <symbol id="sm-f6">
         <name>__TI_decompress_none</name>
         <value>0xf37</value>
         <object_component_ref idref="oc-1b"/>
      </symbol>
      <symbol id="sm-119">
         <name>__TI_decompress_lzss</name>
         <value>0xab5</value>
         <object_component_ref idref="oc-15"/>
      </symbol>
      <symbol id="sm-12c">
         <name>__stack</name>
         <value>0x20000270</value>
         <object_component_ref idref="oc-24"/>
      </symbol>
      <symbol id="sm-12d">
         <name>_c_int00_noargs</name>
         <value>0xd95</value>
         <object_component_ref idref="oc-59"/>
      </symbol>
      <symbol id="sm-148">
         <name>memcpy</name>
         <value>0x9b1</value>
         <object_component_ref idref="oc-3b"/>
      </symbol>
      <symbol id="sm-149">
         <name>__aeabi_memcpy</name>
         <value>0x9b1</value>
         <object_component_ref idref="oc-3b"/>
      </symbol>
      <symbol id="sm-14a">
         <name>__aeabi_memcpy8</name>
         <value>0x9b1</value>
         <object_component_ref idref="oc-3b"/>
      </symbol>
      <symbol id="sm-14b">
         <name>__aeabi_memcpy4</name>
         <value>0x9b1</value>
         <object_component_ref idref="oc-3b"/>
      </symbol>
      <symbol id="sm-174">
         <name>__TI_auto_init_nobinit_nopinit</name>
         <value>0xcb1</value>
         <object_component_ref idref="oc-182"/>
      </symbol>
      <symbol id="sm-17e">
         <name>_system_pre_init</name>
         <value>0xf9f</value>
         <object_component_ref idref="oc-95"/>
      </symbol>
      <symbol id="sm-18a">
         <name>C$$EXIT</name>
         <value>0xfa3</value>
         <object_component_ref idref="oc-176"/>
      </symbol>
      <symbol id="sm-18b">
         <name>abort</name>
         <value>0xfa3</value>
         <object_component_ref idref="oc-176"/>
      </symbol>
      <symbol id="sm-23a">
         <name>GPIOPinTypePWM</name>
         <value>0xeb1</value>
         <object_component_ref idref="oc-14d"/>
      </symbol>
      <symbol id="sm-23b">
         <name>GPIOIntRegister</name>
         <value>0xe6b</value>
         <object_component_ref idref="oc-ed"/>
      </symbol>
      <symbol id="sm-23c">
         <name>GPIOPinConfigure</name>
         <value>0xbd5</value>
         <object_component_ref idref="oc-147"/>
      </symbol>
      <symbol id="sm-23d">
         <name>GPIOIntEnable</name>
         <value>0xf5d</value>
         <object_component_ref idref="oc-f3"/>
      </symbol>
      <symbol id="sm-23e">
         <name>GPIOIntTypeSet</name>
         <value>0xb7d</value>
         <object_component_ref idref="oc-e7"/>
      </symbol>
      <symbol id="sm-23f">
         <name>GPIOPinTypeGPIOInput</name>
         <value>0xe9b</value>
         <object_component_ref idref="oc-d5"/>
      </symbol>
      <symbol id="sm-240">
         <name>GPIOIntClear</name>
         <value>0xf89</value>
         <object_component_ref idref="oc-111"/>
      </symbol>
      <symbol id="sm-241">
         <name>GPIOIntStatus</name>
         <value>0xf1b</value>
         <object_component_ref idref="oc-10b"/>
      </symbol>
      <symbol id="sm-242">
         <name>GPIOPinTypeGPIOOutput</name>
         <value>0xe51</value>
         <object_component_ref idref="oc-f9"/>
      </symbol>
      <symbol id="sm-243">
         <name>GPIODirModeSet</name>
         <value>0xdc9</value>
         <object_component_ref idref="oc-1be"/>
      </symbol>
      <symbol id="sm-244">
         <name>GPIOPinWrite</name>
         <value>0xf8f</value>
         <object_component_ref idref="oc-ff"/>
      </symbol>
      <symbol id="sm-245">
         <name>GPIOPadConfigSet</name>
         <value>0x751</value>
         <object_component_ref idref="oc-db"/>
      </symbol>
      <symbol id="sm-288">
         <name>IntEnable</name>
         <value>0xa4d</value>
         <object_component_ref idref="oc-e1"/>
      </symbol>
      <symbol id="sm-289">
         <name>IntRegister</name>
         <value>0xd2d</value>
         <object_component_ref idref="oc-1d3"/>
      </symbol>
      <symbol id="sm-28a">
         <name>IntMasterDisable</name>
         <value>0xeeb</value>
         <object_component_ref idref="oc-105"/>
      </symbol>
      <symbol id="sm-28b">
         <name>g_pfnRAMVectors</name>
         <value>0x20000000</value>
         <object_component_ref idref="oc-24c"/>
      </symbol>
      <symbol id="sm-28c">
         <name>IntMasterEnable</name>
         <value>0xefb</value>
         <object_component_ref idref="oc-117"/>
      </symbol>
      <symbol id="sm-2b9">
         <name>PWMGenPeriodSet</name>
         <value>0xf0b</value>
         <object_component_ref idref="oc-159"/>
      </symbol>
      <symbol id="sm-2ba">
         <name>PWMPulseWidthSet</name>
         <value>0xe17</value>
         <object_component_ref idref="oc-123"/>
      </symbol>
      <symbol id="sm-2bb">
         <name>PWMOutputState</name>
         <value>0xec7</value>
         <object_component_ref idref="oc-165"/>
      </symbol>
      <symbol id="sm-2bc">
         <name>PWMGenEnable</name>
         <value>0xf69</value>
         <object_component_ref idref="oc-15f"/>
      </symbol>
      <symbol id="sm-2bd">
         <name>PWMGenConfigure</name>
         <value>0xdf5</value>
         <object_component_ref idref="oc-153"/>
      </symbol>
      <symbol id="sm-2f3">
         <name>SysCtlClockSet</name>
         <value>0x8bd</value>
         <object_component_ref idref="oc-16e"/>
      </symbol>
      <symbol id="sm-2f4">
         <name>SysCtlDelay</name>
         <value>0xf95</value>
         <object_component_ref idref="oc-207"/>
      </symbol>
      <symbol id="sm-2f5">
         <name>SysCtlPeripheralEnable</name>
         <value>0xd61</value>
         <object_component_ref idref="oc-c9"/>
      </symbol>
      <symbol id="sm-2f6">
         <name>SysCtlPeripheralReady</name>
         <value>0xcf5</value>
         <object_component_ref idref="oc-cf"/>
      </symbol>
      <symbol id="sm-351">
         <name>TimerLoadSet</name>
         <value>0xed9</value>
         <object_component_ref idref="oc-129"/>
      </symbol>
      <symbol id="sm-352">
         <name>TimerIntRegister</name>
         <value>0xe83</value>
         <object_component_ref idref="oc-135"/>
      </symbol>
      <symbol id="sm-353">
         <name>TimerEnable</name>
         <value>0xf29</value>
         <object_component_ref idref="oc-141"/>
      </symbol>
      <symbol id="sm-354">
         <name>TimerIntEnable</name>
         <value>0xf81</value>
         <object_component_ref idref="oc-13b"/>
      </symbol>
      <symbol id="sm-355">
         <name>TimerConfigure</name>
         <value>0xb1d</value>
         <object_component_ref idref="oc-12f"/>
      </symbol>
      <symbol id="sm-356">
         <name>TimerIntClear</name>
         <value>0xf9b</value>
         <object_component_ref idref="oc-11d"/>
      </symbol>
      <symbol id="sm-368">
         <name>CPUcpsie</name>
         <value>0xf51</value>
         <object_component_ref idref="oc-1e6"/>
      </symbol>
      <symbol id="sm-369">
         <name>CPUcpsid</name>
         <value>0xf45</value>
         <object_component_ref idref="oc-1dd"/>
      </symbol>
      <symbol id="sm-36a">
         <name>__TI_static_base__</name>
         <value>0x0</value>
      </symbol>
      <symbol id="sm-36d">
         <name>__mpu_init</name>
         <value>0x0</value>
      </symbol>
      <symbol id="sm-36e">
         <name>_system_post_cinit</name>
         <value>0x0</value>
      </symbol>
   </symbol_table>
   <title>Link successful</title>
</link_info>
