<?xml version="1.0" encoding="ISO-8859-1" ?>
<link_info>
   <banner>TI ARM Linker PC v20.2.7.LTS</banner>
   <copyright>Copyright (c) 1996-2018 Texas Instruments Incorporated</copyright>
   <link_time>0x67534709</link_time>
   <link_errors>0x0</link_errors>
   <output_file>LSE1_ESC_Controller.out</output_file>
   <entry_point>
      <name>_c_int00_noargs</name>
      <address>0xa79</address>
   </entry_point>
   <input_file_list>
      <input_file id="fl-2">
         <path>.\</path>
         <kind>object</kind>
         <file>main.obj</file>
         <name>main.obj</name>
      </input_file>
      <input_file id="fl-3">
         <path>.\</path>
         <kind>object</kind>
         <file>tm4c123gh6pm_startup_ccs.obj</file>
         <name>tm4c123gh6pm_startup_ccs.obj</name>
      </input_file>
      <input_file id="fl-8">
         <kind>object</kind>
         <file>&lt;internal&gt;</file>
         <name>&lt;internal&gt;</name>
      </input_file>
      <input_file id="fl-be">
         <path>C:\ti\ccs1281\ccs\tools\compiler\ti-cgt-arm_20.2.7.LTS\lib\</path>
         <kind>archive</kind>
         <file>rtsv7M4_T_le_v4SPD16_eabi.lib</file>
         <name>copy_zero_init.c.obj</name>
      </input_file>
      <input_file id="fl-bf">
         <path>C:\ti\ccs1281\ccs\tools\compiler\ti-cgt-arm_20.2.7.LTS\lib\</path>
         <kind>archive</kind>
         <file>rtsv7M4_T_le_v4SPD16_eabi.lib</file>
         <name>copy_decompress_none.c.obj</name>
      </input_file>
      <input_file id="fl-c0">
         <path>C:\ti\ccs1281\ccs\tools\compiler\ti-cgt-arm_20.2.7.LTS\lib\</path>
         <kind>archive</kind>
         <file>rtsv7M4_T_le_v4SPD16_eabi.lib</file>
         <name>copy_decompress_lzss.c.obj</name>
      </input_file>
      <input_file id="fl-c1">
         <path>C:\ti\ccs1281\ccs\tools\compiler\ti-cgt-arm_20.2.7.LTS\lib\</path>
         <kind>archive</kind>
         <file>rtsv7M4_T_le_v4SPD16_eabi.lib</file>
         <name>boot_cortex_m.c.obj</name>
      </input_file>
      <input_file id="fl-c2">
         <path>C:\ti\ccs1281\ccs\tools\compiler\ti-cgt-arm_20.2.7.LTS\lib\</path>
         <kind>archive</kind>
         <file>rtsv7M4_T_le_v4SPD16_eabi.lib</file>
         <name>memcpy_t2.asm.obj</name>
      </input_file>
      <input_file id="fl-c3">
         <path>C:\ti\ccs1281\ccs\tools\compiler\ti-cgt-arm_20.2.7.LTS\lib\</path>
         <kind>archive</kind>
         <file>rtsv7M4_T_le_v4SPD16_eabi.lib</file>
         <name>memset_t2.asm.obj</name>
      </input_file>
      <input_file id="fl-c4">
         <path>C:\ti\ccs1281\ccs\tools\compiler\ti-cgt-arm_20.2.7.LTS\lib\</path>
         <kind>archive</kind>
         <file>rtsv7M4_T_le_v4SPD16_eabi.lib</file>
         <name>autoinit.c.obj</name>
      </input_file>
      <input_file id="fl-c5">
         <path>C:\ti\ccs1281\ccs\tools\compiler\ti-cgt-arm_20.2.7.LTS\lib\</path>
         <kind>archive</kind>
         <file>rtsv7M4_T_le_v4SPD16_eabi.lib</file>
         <name>pre_init.c.obj</name>
      </input_file>
      <input_file id="fl-c6">
         <path>C:\ti\ccs1281\ccs\tools\compiler\ti-cgt-arm_20.2.7.LTS\lib\</path>
         <kind>archive</kind>
         <file>rtsv7M4_T_le_v4SPD16_eabi.lib</file>
         <name>cpy_tbl.c.obj</name>
      </input_file>
      <input_file id="fl-c7">
         <path>C:\ti\ccs1281\ccs\tools\compiler\ti-cgt-arm_20.2.7.LTS\lib\</path>
         <kind>archive</kind>
         <file>rtsv7M4_T_le_v4SPD16_eabi.lib</file>
         <name>exit.c.obj</name>
      </input_file>
      <input_file id="fl-c8">
         <path>C:\ti\ccs1281\ccs\tools\compiler\ti-cgt-arm_20.2.7.LTS\lib\</path>
         <kind>archive</kind>
         <file>rtsv7M4_T_le_v4SPD16_eabi.lib</file>
         <name>_lock.c.obj</name>
      </input_file>
      <input_file id="fl-c9">
         <path>C:\ti\ccs1281\ccs\tools\compiler\ti-cgt-arm_20.2.7.LTS\lib\</path>
         <kind>archive</kind>
         <file>rtsv7M4_T_le_v4SPD16_eabi.lib</file>
         <name>args_main.c.obj</name>
      </input_file>
      <input_file id="fl-ca">
         <path>C:\Users\natan\Uni\EET\7e Semestre\LSE1\Workspace\driverlib\ccs\Debug\</path>
         <kind>archive</kind>
         <file>driverlib.lib</file>
         <name>fpu.obj</name>
      </input_file>
      <input_file id="fl-cb">
         <path>C:\Users\natan\Uni\EET\7e Semestre\LSE1\Workspace\driverlib\ccs\Debug\</path>
         <kind>archive</kind>
         <file>driverlib.lib</file>
         <name>gpio.obj</name>
      </input_file>
      <input_file id="fl-cc">
         <path>C:\Users\natan\Uni\EET\7e Semestre\LSE1\Workspace\driverlib\ccs\Debug\</path>
         <kind>archive</kind>
         <file>driverlib.lib</file>
         <name>interrupt.obj</name>
      </input_file>
      <input_file id="fl-cd">
         <path>C:\Users\natan\Uni\EET\7e Semestre\LSE1\Workspace\driverlib\ccs\Debug\</path>
         <kind>archive</kind>
         <file>driverlib.lib</file>
         <name>pwm.obj</name>
      </input_file>
      <input_file id="fl-ce">
         <path>C:\Users\natan\Uni\EET\7e Semestre\LSE1\Workspace\driverlib\ccs\Debug\</path>
         <kind>archive</kind>
         <file>driverlib.lib</file>
         <name>sysctl.obj</name>
      </input_file>
      <input_file id="fl-cf">
         <path>C:\Users\natan\Uni\EET\7e Semestre\LSE1\Workspace\driverlib\ccs\Debug\</path>
         <kind>archive</kind>
         <file>driverlib.lib</file>
         <name>timer.obj</name>
      </input_file>
      <input_file id="fl-d0">
         <path>C:\Users\natan\Uni\EET\7e Semestre\LSE1\Workspace\driverlib\ccs\Debug\</path>
         <kind>archive</kind>
         <file>driverlib.lib</file>
         <name>cpu.obj</name>
      </input_file>
   </input_file_list>
   <object_component_list>
      <object_component id="oc-12">
         <name>.intvecs</name>
         <load_address>0x0</load_address>
         <run_address>0x0</run_address>
         <size>0x26c</size>
         <input_file_ref idref="fl-3"/>
      </object_component>
      <object_component id="oc-9b">
         <name>.text</name>
         <load_address>0x26c</load_address>
         <run_address>0x26c</run_address>
         <size>0x1c8</size>
         <input_file_ref idref="fl-2"/>
      </object_component>
      <object_component id="oc-db">
         <name>.text:GPIOPadConfigSet</name>
         <load_address>0x434</load_address>
         <run_address>0x434</run_address>
         <size>0x16c</size>
         <input_file_ref idref="fl-cb"/>
      </object_component>
      <object_component id="oc-15f">
         <name>.text:SysCtlClockSet</name>
         <load_address>0x5a0</load_address>
         <run_address>0x5a0</run_address>
         <size>0xf4</size>
         <input_file_ref idref="fl-ce"/>
      </object_component>
      <object_component id="oc-3b">
         <name>.text</name>
         <load_address>0x694</load_address>
         <run_address>0x694</run_address>
         <size>0x9c</size>
         <input_file_ref idref="fl-c2"/>
      </object_component>
      <object_component id="oc-e1">
         <name>.text:IntEnable</name>
         <load_address>0x730</load_address>
         <run_address>0x730</run_address>
         <size>0x68</size>
         <input_file_ref idref="fl-cc"/>
      </object_component>
      <object_component id="oc-15">
         <name>.text:decompress:lzss:__TI_decompress_lzss</name>
         <load_address>0x798</load_address>
         <run_address>0x798</run_address>
         <size>0x68</size>
         <input_file_ref idref="fl-c0"/>
      </object_component>
      <object_component id="oc-11d">
         <name>.text:TimerConfigure</name>
         <load_address>0x800</load_address>
         <run_address>0x800</run_address>
         <size>0x60</size>
         <input_file_ref idref="fl-cf"/>
      </object_component>
      <object_component id="oc-e7">
         <name>.text:GPIOIntTypeSet</name>
         <load_address>0x860</load_address>
         <run_address>0x860</run_address>
         <size>0x58</size>
         <input_file_ref idref="fl-cb"/>
      </object_component>
      <object_component id="oc-135">
         <name>.text:GPIOPinConfigure</name>
         <load_address>0x8b8</load_address>
         <run_address>0x8b8</run_address>
         <size>0x4c</size>
         <input_file_ref idref="fl-cb"/>
      </object_component>
      <object_component id="oc-1e5">
         <name>.text:_TimerIntNumberGet</name>
         <load_address>0x904</load_address>
         <run_address>0x904</run_address>
         <size>0x4c</size>
         <input_file_ref idref="fl-cf"/>
      </object_component>
      <object_component id="oc-1c1">
         <name>.text:_GPIOIntNumberGet</name>
         <load_address>0x950</load_address>
         <run_address>0x950</run_address>
         <size>0x44</size>
         <input_file_ref idref="fl-cb"/>
      </object_component>
      <object_component id="oc-176">
         <name>.text:__TI_auto_init_nobinit_nopinit:__TI_auto_init_nobinit_nopinit</name>
         <load_address>0x994</load_address>
         <run_address>0x994</run_address>
         <size>0x44</size>
         <input_file_ref idref="fl-c4"/>
      </object_component>
      <object_component id="oc-cf">
         <name>.text:SysCtlPeripheralReady</name>
         <load_address>0x9d8</load_address>
         <run_address>0x9d8</run_address>
         <size>0x38</size>
         <input_file_ref idref="fl-ce"/>
      </object_component>
      <object_component id="oc-1c7">
         <name>.text:IntRegister</name>
         <load_address>0xa10</load_address>
         <run_address>0xa10</run_address>
         <size>0x34</size>
         <input_file_ref idref="fl-cc"/>
      </object_component>
      <object_component id="oc-c9">
         <name>.text:SysCtlPeripheralEnable</name>
         <load_address>0xa44</load_address>
         <run_address>0xa44</run_address>
         <size>0x34</size>
         <input_file_ref idref="fl-ce"/>
      </object_component>
      <object_component id="oc-59">
         <name>.text:_c_int00_noargs:_c_int00_noargs</name>
         <load_address>0xa78</load_address>
         <run_address>0xa78</run_address>
         <size>0x34</size>
         <input_file_ref idref="fl-c1"/>
      </object_component>
      <object_component id="oc-1b2">
         <name>.text:GPIODirModeSet</name>
         <load_address>0xaac</load_address>
         <run_address>0xaac</run_address>
         <size>0x2c</size>
         <input_file_ref idref="fl-cb"/>
      </object_component>
      <object_component id="oc-141">
         <name>.text:PWMGenConfigure</name>
         <load_address>0xad8</load_address>
         <run_address>0xad8</run_address>
         <size>0x22</size>
         <input_file_ref idref="fl-cd"/>
      </object_component>
      <object_component id="oc-14d">
         <name>.text:PWMPulseWidthSet</name>
         <load_address>0xafa</load_address>
         <run_address>0xafa</run_address>
         <size>0x1e</size>
         <input_file_ref idref="fl-cd"/>
      </object_component>
      <object_component id="oc-47">
         <name>.text:decompress:ZI:__TI_zero_init_nomemset:__TI_zero_init_nomemset</name>
         <load_address>0xb18</load_address>
         <run_address>0xb18</run_address>
         <size>0x1c</size>
         <input_file_ref idref="fl-be"/>
      </object_component>
      <object_component id="oc-ed">
         <name>.text:GPIOIntRegister</name>
         <load_address>0xb34</load_address>
         <run_address>0xb34</run_address>
         <size>0x18</size>
         <input_file_ref idref="fl-cb"/>
      </object_component>
      <object_component id="oc-129">
         <name>.text:TimerIntRegister</name>
         <load_address>0xb4c</load_address>
         <run_address>0xb4c</run_address>
         <size>0x18</size>
         <input_file_ref idref="fl-cf"/>
      </object_component>
      <object_component id="oc-d5">
         <name>.text:GPIOPinTypeGPIOInput</name>
         <load_address>0xb64</load_address>
         <run_address>0xb64</run_address>
         <size>0x16</size>
         <input_file_ref idref="fl-cb"/>
      </object_component>
      <object_component id="oc-13b">
         <name>.text:GPIOPinTypePWM</name>
         <load_address>0xb7a</load_address>
         <run_address>0xb7a</run_address>
         <size>0x16</size>
         <input_file_ref idref="fl-cb"/>
      </object_component>
      <object_component id="oc-10b">
         <name>.text:PWMOutputState</name>
         <load_address>0xb90</load_address>
         <run_address>0xb90</run_address>
         <size>0x12</size>
         <input_file_ref idref="fl-cd"/>
      </object_component>
      <object_component id="oc-123">
         <name>.text:TimerLoadSet</name>
         <load_address>0xba2</load_address>
         <run_address>0xba2</run_address>
         <size>0x12</size>
         <input_file_ref idref="fl-cf"/>
      </object_component>
      <object_component id="oc-159">
         <name>.text:FPULazyStackingEnable</name>
         <load_address>0xbb4</load_address>
         <run_address>0xbb4</run_address>
         <size>0x10</size>
         <input_file_ref idref="fl-ca"/>
      </object_component>
      <object_component id="oc-f9">
         <name>.text:IntMasterDisable</name>
         <load_address>0xbc4</load_address>
         <run_address>0xbc4</run_address>
         <size>0x10</size>
         <input_file_ref idref="fl-cc"/>
      </object_component>
      <object_component id="oc-111">
         <name>.text:IntMasterEnable</name>
         <load_address>0xbd4</load_address>
         <run_address>0xbd4</run_address>
         <size>0x10</size>
         <input_file_ref idref="fl-cc"/>
      </object_component>
      <object_component id="oc-147">
         <name>.text:PWMGenPeriodSet</name>
         <load_address>0xbe4</load_address>
         <run_address>0xbe4</run_address>
         <size>0x10</size>
         <input_file_ref idref="fl-cd"/>
      </object_component>
      <object_component id="oc-ff">
         <name>.text:GPIOIntStatus</name>
         <load_address>0xbf4</load_address>
         <run_address>0xbf4</run_address>
         <size>0xe</size>
         <input_file_ref idref="fl-cb"/>
      </object_component>
      <object_component id="oc-12f">
         <name>.text:TimerEnable</name>
         <load_address>0xc02</load_address>
         <run_address>0xc02</run_address>
         <size>0xe</size>
         <input_file_ref idref="fl-cf"/>
      </object_component>
      <object_component id="oc-1b">
         <name>.text:decompress:none:__TI_decompress_none</name>
         <load_address>0xc10</load_address>
         <run_address>0xc10</run_address>
         <size>0xe</size>
         <input_file_ref idref="fl-bf"/>
      </object_component>
      <object_component id="oc-1cf">
         <name>.text:CPUcpsid</name>
         <load_address>0xc1e</load_address>
         <run_address>0xc1e</run_address>
         <size>0xc</size>
         <input_file_ref idref="fl-d0"/>
      </object_component>
      <object_component id="oc-1da">
         <name>.text:CPUcpsie</name>
         <load_address>0xc2a</load_address>
         <run_address>0xc2a</run_address>
         <size>0xc</size>
         <input_file_ref idref="fl-d0"/>
      </object_component>
      <object_component id="oc-f3">
         <name>.text:GPIOIntEnable</name>
         <load_address>0xc36</load_address>
         <run_address>0xc36</run_address>
         <size>0xc</size>
         <input_file_ref idref="fl-cb"/>
      </object_component>
      <object_component id="oc-153">
         <name>.text:PWMGenEnable</name>
         <load_address>0xc42</load_address>
         <run_address>0xc42</run_address>
         <size>0xc</size>
         <input_file_ref idref="fl-cd"/>
      </object_component>
      <object_component id="oc-27">
         <name>.text</name>
         <load_address>0xc4e</load_address>
         <run_address>0xc4e</run_address>
         <size>0xc</size>
         <input_file_ref idref="fl-3"/>
      </object_component>
      <object_component id="oc-105">
         <name>.text:GPIOIntClear</name>
         <load_address>0xc5a</load_address>
         <run_address>0xc5a</run_address>
         <size>0x6</size>
         <input_file_ref idref="fl-cb"/>
      </object_component>
      <object_component id="oc-1f7">
         <name>.text:SysCtlDelay</name>
         <load_address>0xc60</load_address>
         <run_address>0xc60</run_address>
         <size>0x6</size>
         <input_file_ref idref="fl-ce"/>
      </object_component>
      <object_component id="oc-117">
         <name>.text:TimerIntClear</name>
         <load_address>0xc66</load_address>
         <run_address>0xc66</run_address>
         <size>0x4</size>
         <input_file_ref idref="fl-cf"/>
      </object_component>
      <object_component id="oc-95">
         <name>.text:_system_pre_init</name>
         <load_address>0xc6a</load_address>
         <run_address>0xc6a</run_address>
         <size>0x4</size>
         <input_file_ref idref="fl-c5"/>
      </object_component>
      <object_component id="oc-16a">
         <name>.text:abort:abort</name>
         <load_address>0xc6e</load_address>
         <run_address>0xc6e</run_address>
         <size>0x4</size>
         <input_file_ref idref="fl-c7"/>
      </object_component>
      <object_component id="oc-23a">
         <name>.const:g_ppui32GPIOIntMapSnowflake</name>
         <load_address>0xc74</load_address>
         <run_address>0xc74</run_address>
         <size>0xd8</size>
         <input_file_ref idref="fl-cb"/>
      </object_component>
      <object_component id="oc-237">
         <name>.const:g_ppui32GPIOIntMapBlizzard</name>
         <load_address>0xd4c</load_address>
         <run_address>0xd4c</run_address>
         <size>0xc0</size>
         <input_file_ref idref="fl-cb"/>
      </object_component>
      <object_component id="oc-1ed">
         <name>.const:g_pui32GPIOBaseAddrs</name>
         <load_address>0xe0c</load_address>
         <run_address>0xe0c</run_address>
         <size>0x90</size>
         <input_file_ref idref="fl-cb"/>
      </object_component>
      <object_component id="oc-248">
         <name>.const:g_ppui32TimerIntMap</name>
         <load_address>0xe9c</load_address>
         <run_address>0xe9c</run_address>
         <size>0x60</size>
         <input_file_ref idref="fl-cf"/>
      </object_component>
      <object_component id="oc-24b">
         <name>.const:g_ppui32TimerIntMapSnowflake</name>
         <load_address>0xefc</load_address>
         <run_address>0xefc</run_address>
         <size>0x40</size>
         <input_file_ref idref="fl-cf"/>
      </object_component>
      <object_component id="oc-1bb">
         <name>.const:g_pui32EnRegs</name>
         <load_address>0xf3c</load_address>
         <run_address>0xf3c</run_address>
         <size>0x14</size>
         <input_file_ref idref="fl-cc"/>
      </object_component>
      <object_component id="oc-2b7">
         <name>__TI_handler_table</name>
         <load_address>0xf50</load_address>
         <run_address>0xf50</run_address>
         <size>0xc</size>
      </object_component>
      <object_component id="oc-2bb">
         <name>.cinit..bss.load</name>
         <load_address>0xf60</load_address>
         <run_address>0xf60</run_address>
         <size>0x8</size>
      </object_component>
      <object_component id="oc-2b9">
         <name>.cinit..vtable.load</name>
         <load_address>0xf68</load_address>
         <run_address>0xf68</run_address>
         <size>0x8</size>
      </object_component>
      <object_component id="oc-2ba">
         <name>.cinit..data.load</name>
         <load_address>0xf70</load_address>
         <run_address>0xf70</run_address>
         <size>0x5</size>
      </object_component>
      <object_component id="oc-2b8">
         <name>__TI_cinit_table</name>
         <load_address>0xf78</load_address>
         <run_address>0xf78</run_address>
         <size>0x18</size>
      </object_component>
      <object_component id="oc-23e">
         <name>.vtable</name>
         <uninitialized>true</uninitialized>
         <run_address>0x20000000</run_address>
         <size>0x26c</size>
         <input_file_ref idref="fl-cc"/>
      </object_component>
      <object_component id="oc-166">
         <name>.data</name>
         <load_address>0x2000026d</load_address>
         <run_address>0x2000026d</run_address>
         <size>0x1</size>
         <input_file_ref idref="fl-2"/>
      </object_component>
      <object_component id="oc-165">
         <name>.common:state</name>
         <uninitialized>true</uninitialized>
         <run_address>0x2000026c</run_address>
         <size>0x1</size>
      </object_component>
      <object_component id="oc-24">
         <name>.stack</name>
         <uninitialized>true</uninitialized>
         <run_address>0x20000270</run_address>
         <size>0x4</size>
         <input_file_ref idref="fl-c1"/>
      </object_component>
      <object_component id="oc-2bd">
         <name>.stack</name>
         <uninitialized>true</uninitialized>
         <run_address>0x20000270</run_address>
         <size>0x0</size>
      </object_component>
      <object_component id="oc-b7">
         <name>.debug_info</name>
         <load_address>0x0</load_address>
         <run_address>0x0</run_address>
         <size>0x7f9</size>
         <input_file_ref idref="fl-2"/>
      </object_component>
      <object_component id="oc-167">
         <name>.debug_info</name>
         <load_address>0x7f9</load_address>
         <run_address>0x7f9</run_address>
         <size>0xf1</size>
         <input_file_ref idref="fl-2"/>
      </object_component>
      <object_component id="oc-9f">
         <name>.debug_info</name>
         <load_address>0x8ea</load_address>
         <run_address>0x8ea</run_address>
         <size>0x6fd</size>
         <input_file_ref idref="fl-2"/>
      </object_component>
      <object_component id="oc-70">
         <name>.debug_info</name>
         <load_address>0xfe7</load_address>
         <run_address>0xfe7</run_address>
         <size>0x26b</size>
         <input_file_ref idref="fl-2"/>
      </object_component>
      <object_component id="oc-b2">
         <name>.debug_info</name>
         <load_address>0x1252</load_address>
         <run_address>0x1252</run_address>
         <size>0x8b</size>
         <input_file_ref idref="fl-2"/>
      </object_component>
      <object_component id="oc-ad">
         <name>.debug_info</name>
         <load_address>0x12dd</load_address>
         <run_address>0x12dd</run_address>
         <size>0x2a4</size>
         <input_file_ref idref="fl-2"/>
      </object_component>
      <object_component id="oc-75">
         <name>.debug_info</name>
         <load_address>0x1581</load_address>
         <run_address>0x1581</run_address>
         <size>0xbb</size>
         <input_file_ref idref="fl-2"/>
      </object_component>
      <object_component id="oc-2f">
         <name>.debug_info</name>
         <load_address>0x163c</load_address>
         <run_address>0x163c</run_address>
         <size>0x2c8</size>
         <input_file_ref idref="fl-3"/>
      </object_component>
      <object_component id="oc-13">
         <name>.debug_info</name>
         <load_address>0x1904</load_address>
         <run_address>0x1904</run_address>
         <size>0x107</size>
         <input_file_ref idref="fl-3"/>
      </object_component>
      <object_component id="oc-28">
         <name>.debug_info</name>
         <load_address>0x1a0b</load_address>
         <run_address>0x1a0b</run_address>
         <size>0x283</size>
         <input_file_ref idref="fl-3"/>
      </object_component>
      <object_component id="oc-36">
         <name>.debug_info</name>
         <load_address>0x1c8e</load_address>
         <run_address>0x1c8e</run_address>
         <size>0x84</size>
         <input_file_ref idref="fl-3"/>
      </object_component>
      <object_component id="oc-8e">
         <name>.debug_info</name>
         <load_address>0x1d12</load_address>
         <run_address>0x1d12</run_address>
         <size>0x2d4</size>
         <input_file_ref idref="fl-be"/>
      </object_component>
      <object_component id="oc-4b">
         <name>.debug_info</name>
         <load_address>0x1fe6</load_address>
         <run_address>0x1fe6</run_address>
         <size>0x1d2</size>
         <input_file_ref idref="fl-be"/>
      </object_component>
      <object_component id="oc-89">
         <name>.debug_info</name>
         <load_address>0x21b8</load_address>
         <run_address>0x21b8</run_address>
         <size>0x46</size>
         <input_file_ref idref="fl-be"/>
      </object_component>
      <object_component id="oc-c0">
         <name>.debug_info</name>
         <load_address>0x21fe</load_address>
         <run_address>0x21fe</run_address>
         <size>0x2c</size>
         <input_file_ref idref="fl-be"/>
      </object_component>
      <object_component id="oc-46">
         <name>.debug_info</name>
         <load_address>0x222a</load_address>
         <run_address>0x222a</run_address>
         <size>0x2a8</size>
         <input_file_ref idref="fl-bf"/>
      </object_component>
      <object_component id="oc-1c">
         <name>.debug_info</name>
         <load_address>0x24d2</load_address>
         <run_address>0x24d2</run_address>
         <size>0x1ea</size>
         <input_file_ref idref="fl-bf"/>
      </object_component>
      <object_component id="oc-41">
         <name>.debug_info</name>
         <load_address>0x26bc</load_address>
         <run_address>0x26bc</run_address>
         <size>0x46</size>
         <input_file_ref idref="fl-bf"/>
      </object_component>
      <object_component id="oc-81">
         <name>.debug_info</name>
         <load_address>0x2702</load_address>
         <run_address>0x2702</run_address>
         <size>0x2c</size>
         <input_file_ref idref="fl-bf"/>
      </object_component>
      <object_component id="oc-7f">
         <name>.debug_info</name>
         <load_address>0x272e</load_address>
         <run_address>0x272e</run_address>
         <size>0x29e</size>
         <input_file_ref idref="fl-c0"/>
      </object_component>
      <object_component id="oc-16">
         <name>.debug_info</name>
         <load_address>0x29cc</load_address>
         <run_address>0x29cc</run_address>
         <size>0x250</size>
         <input_file_ref idref="fl-c0"/>
      </object_component>
      <object_component id="oc-31">
         <name>.debug_info</name>
         <load_address>0x2c1c</load_address>
         <run_address>0x2c1c</run_address>
         <size>0x60</size>
         <input_file_ref idref="fl-c0"/>
      </object_component>
      <object_component id="oc-b9">
         <name>.debug_info</name>
         <load_address>0x2c7c</load_address>
         <run_address>0x2c7c</run_address>
         <size>0x46</size>
         <input_file_ref idref="fl-c0"/>
      </object_component>
      <object_component id="oc-7a">
         <name>.debug_info</name>
         <load_address>0x2cc2</load_address>
         <run_address>0x2cc2</run_address>
         <size>0x39</size>
         <input_file_ref idref="fl-c0"/>
      </object_component>
      <object_component id="oc-25">
         <name>.debug_info</name>
         <load_address>0x2cfb</load_address>
         <run_address>0x2cfb</run_address>
         <size>0x10b</size>
         <input_file_ref idref="fl-c1"/>
      </object_component>
      <object_component id="oc-5b">
         <name>.debug_info</name>
         <load_address>0x2e06</load_address>
         <run_address>0x2e06</run_address>
         <size>0x1a9</size>
         <input_file_ref idref="fl-c1"/>
      </object_component>
      <object_component id="oc-3c">
         <name>.debug_info</name>
         <load_address>0x2faf</load_address>
         <run_address>0x2faf</run_address>
         <size>0x119</size>
         <input_file_ref idref="fl-c2"/>
      </object_component>
      <object_component id="oc-206">
         <name>.debug_info</name>
         <load_address>0x30c8</load_address>
         <run_address>0x30c8</run_address>
         <size>0x4b3</size>
         <input_file_ref idref="fl-c4"/>
      </object_component>
      <object_component id="oc-178">
         <name>.debug_info</name>
         <load_address>0x357b</load_address>
         <run_address>0x357b</run_address>
         <size>0x1a6</size>
         <input_file_ref idref="fl-c4"/>
      </object_component>
      <object_component id="oc-261">
         <name>.debug_info</name>
         <load_address>0x3721</load_address>
         <run_address>0x3721</run_address>
         <size>0x39</size>
         <input_file_ref idref="fl-c4"/>
      </object_component>
      <object_component id="oc-280">
         <name>.debug_info</name>
         <load_address>0x375a</load_address>
         <run_address>0x375a</run_address>
         <size>0x39</size>
         <input_file_ref idref="fl-c4"/>
      </object_component>
      <object_component id="oc-266">
         <name>.debug_info</name>
         <load_address>0x3793</load_address>
         <run_address>0x3793</run_address>
         <size>0x39</size>
         <input_file_ref idref="fl-c4"/>
      </object_component>
      <object_component id="oc-26b">
         <name>.debug_info</name>
         <load_address>0x37cc</load_address>
         <run_address>0x37cc</run_address>
         <size>0xcd</size>
         <input_file_ref idref="fl-c4"/>
      </object_component>
      <object_component id="oc-98">
         <name>.debug_info</name>
         <load_address>0x3899</load_address>
         <run_address>0x3899</run_address>
         <size>0x153</size>
         <input_file_ref idref="fl-c5"/>
      </object_component>
      <object_component id="oc-16b">
         <name>.debug_info</name>
         <load_address>0x39ec</load_address>
         <run_address>0x39ec</run_address>
         <size>0x122</size>
         <input_file_ref idref="fl-c7"/>
      </object_component>
      <object_component id="oc-272">
         <name>.debug_info</name>
         <load_address>0x3b0e</load_address>
         <run_address>0x3b0e</run_address>
         <size>0x2dc</size>
         <input_file_ref idref="fl-ca"/>
      </object_component>
      <object_component id="oc-15b">
         <name>.debug_info</name>
         <load_address>0x3dea</load_address>
         <run_address>0x3dea</run_address>
         <size>0x22e</size>
         <input_file_ref idref="fl-ca"/>
      </object_component>
      <object_component id="oc-22b">
         <name>.debug_info</name>
         <load_address>0x4018</load_address>
         <run_address>0x4018</run_address>
         <size>0x26b</size>
         <input_file_ref idref="fl-ca"/>
      </object_component>
      <object_component id="oc-21b">
         <name>.debug_info</name>
         <load_address>0x4283</load_address>
         <run_address>0x4283</run_address>
         <size>0x297</size>
         <input_file_ref idref="fl-ca"/>
      </object_component>
      <object_component id="oc-226">
         <name>.debug_info</name>
         <load_address>0x451a</load_address>
         <run_address>0x451a</run_address>
         <size>0xef</size>
         <input_file_ref idref="fl-ca"/>
      </object_component>
      <object_component id="oc-1ab">
         <name>.debug_info</name>
         <load_address>0x4609</load_address>
         <run_address>0x4609</run_address>
         <size>0xbb</size>
         <input_file_ref idref="fl-ca"/>
      </object_component>
      <object_component id="oc-1b9">
         <name>.debug_info</name>
         <load_address>0x46c4</load_address>
         <run_address>0x46c4</run_address>
         <size>0x3e4</size>
         <input_file_ref idref="fl-cb"/>
      </object_component>
      <object_component id="oc-238">
         <name>.debug_info</name>
         <load_address>0x4aa8</load_address>
         <run_address>0x4aa8</run_address>
         <size>0x170</size>
         <input_file_ref idref="fl-cb"/>
      </object_component>
      <object_component id="oc-23b">
         <name>.debug_info</name>
         <load_address>0x4c18</load_address>
         <run_address>0x4c18</run_address>
         <size>0x172</size>
         <input_file_ref idref="fl-cb"/>
      </object_component>
      <object_component id="oc-1ee">
         <name>.debug_info</name>
         <load_address>0x4d8a</load_address>
         <run_address>0x4d8a</run_address>
         <size>0x164</size>
         <input_file_ref idref="fl-cb"/>
      </object_component>
      <object_component id="oc-1b3">
         <name>.debug_info</name>
         <load_address>0x4eee</load_address>
         <run_address>0x4eee</run_address>
         <size>0x2bc</size>
         <input_file_ref idref="fl-cb"/>
      </object_component>
      <object_component id="oc-dc">
         <name>.debug_info</name>
         <load_address>0x51aa</load_address>
         <run_address>0x51aa</run_address>
         <size>0x31f</size>
         <input_file_ref idref="fl-cb"/>
      </object_component>
      <object_component id="oc-13c">
         <name>.debug_info</name>
         <load_address>0x54c9</load_address>
         <run_address>0x54c9</run_address>
         <size>0x299</size>
         <input_file_ref idref="fl-cb"/>
      </object_component>
      <object_component id="oc-d6">
         <name>.debug_info</name>
         <load_address>0x5762</load_address>
         <run_address>0x5762</run_address>
         <size>0x2a5</size>
         <input_file_ref idref="fl-cb"/>
      </object_component>
      <object_component id="oc-136">
         <name>.debug_info</name>
         <load_address>0x5a07</load_address>
         <run_address>0x5a07</run_address>
         <size>0x289</size>
         <input_file_ref idref="fl-cb"/>
      </object_component>
      <object_component id="oc-1c2">
         <name>.debug_info</name>
         <load_address>0x5c90</load_address>
         <run_address>0x5c90</run_address>
         <size>0x2a1</size>
         <input_file_ref idref="fl-cb"/>
      </object_component>
      <object_component id="oc-e8">
         <name>.debug_info</name>
         <load_address>0x5f31</load_address>
         <run_address>0x5f31</run_address>
         <size>0x2c4</size>
         <input_file_ref idref="fl-cb"/>
      </object_component>
      <object_component id="oc-100">
         <name>.debug_info</name>
         <load_address>0x61f5</load_address>
         <run_address>0x61f5</run_address>
         <size>0x288</size>
         <input_file_ref idref="fl-cb"/>
      </object_component>
      <object_component id="oc-ee">
         <name>.debug_info</name>
         <load_address>0x647d</load_address>
         <run_address>0x647d</run_address>
         <size>0x2d8</size>
         <input_file_ref idref="fl-cb"/>
      </object_component>
      <object_component id="oc-f4">
         <name>.debug_info</name>
         <load_address>0x6755</load_address>
         <run_address>0x6755</run_address>
         <size>0x298</size>
         <input_file_ref idref="fl-cb"/>
      </object_component>
      <object_component id="oc-106">
         <name>.debug_info</name>
         <load_address>0x69ed</load_address>
         <run_address>0x69ed</run_address>
         <size>0x296</size>
         <input_file_ref idref="fl-cb"/>
      </object_component>
      <object_component id="oc-1bf">
         <name>.debug_info</name>
         <load_address>0x6c83</load_address>
         <run_address>0x6c83</run_address>
         <size>0x3b7</size>
         <input_file_ref idref="fl-cc"/>
      </object_component>
      <object_component id="oc-1bc">
         <name>.debug_info</name>
         <load_address>0x703a</load_address>
         <run_address>0x703a</run_address>
         <size>0x15b</size>
         <input_file_ref idref="fl-cc"/>
      </object_component>
      <object_component id="oc-23f">
         <name>.debug_info</name>
         <load_address>0x7195</load_address>
         <run_address>0x7195</run_address>
         <size>0x160</size>
         <input_file_ref idref="fl-cc"/>
      </object_component>
      <object_component id="oc-1ca">
         <name>.debug_info</name>
         <load_address>0x72f5</load_address>
         <run_address>0x72f5</run_address>
         <size>0x2ca</size>
         <input_file_ref idref="fl-cc"/>
      </object_component>
      <object_component id="oc-113">
         <name>.debug_info</name>
         <load_address>0x75bf</load_address>
         <run_address>0x75bf</run_address>
         <size>0x247</size>
         <input_file_ref idref="fl-cc"/>
      </object_component>
      <object_component id="oc-fb">
         <name>.debug_info</name>
         <load_address>0x7806</load_address>
         <run_address>0x7806</run_address>
         <size>0x249</size>
         <input_file_ref idref="fl-cc"/>
      </object_component>
      <object_component id="oc-e3">
         <name>.debug_info</name>
         <load_address>0x7a4f</load_address>
         <run_address>0x7a4f</run_address>
         <size>0x271</size>
         <input_file_ref idref="fl-cc"/>
      </object_component>
      <object_component id="oc-1d9">
         <name>.debug_info</name>
         <load_address>0x7cc0</load_address>
         <run_address>0x7cc0</run_address>
         <size>0x396</size>
         <input_file_ref idref="fl-cd"/>
      </object_component>
      <object_component id="oc-14e">
         <name>.debug_info</name>
         <load_address>0x8056</load_address>
         <run_address>0x8056</run_address>
         <size>0x2ff</size>
         <input_file_ref idref="fl-cd"/>
      </object_component>
      <object_component id="oc-10c">
         <name>.debug_info</name>
         <load_address>0x8355</load_address>
         <run_address>0x8355</run_address>
         <size>0x2cd</size>
         <input_file_ref idref="fl-cd"/>
      </object_component>
      <object_component id="oc-148">
         <name>.debug_info</name>
         <load_address>0x8622</load_address>
         <run_address>0x8622</run_address>
         <size>0x2bf</size>
         <input_file_ref idref="fl-cd"/>
      </object_component>
      <object_component id="oc-154">
         <name>.debug_info</name>
         <load_address>0x88e1</load_address>
         <run_address>0x88e1</run_address>
         <size>0x27f</size>
         <input_file_ref idref="fl-cd"/>
      </object_component>
      <object_component id="oc-142">
         <name>.debug_info</name>
         <load_address>0x8b60</load_address>
         <run_address>0x8b60</run_address>
         <size>0x2bc</size>
         <input_file_ref idref="fl-cd"/>
      </object_component>
      <object_component id="oc-1b0">
         <name>.debug_info</name>
         <load_address>0x8e1c</load_address>
         <run_address>0x8e1c</run_address>
         <size>0x441</size>
         <input_file_ref idref="fl-ce"/>
      </object_component>
      <object_component id="oc-d0">
         <name>.debug_info</name>
         <load_address>0x925d</load_address>
         <run_address>0x925d</run_address>
         <size>0x288</size>
         <input_file_ref idref="fl-ce"/>
      </object_component>
      <object_component id="oc-cb">
         <name>.debug_info</name>
         <load_address>0x94e5</load_address>
         <run_address>0x94e5</run_address>
         <size>0x286</size>
         <input_file_ref idref="fl-ce"/>
      </object_component>
      <object_component id="oc-160">
         <name>.debug_info</name>
         <load_address>0x976b</load_address>
         <run_address>0x976b</run_address>
         <size>0x2e4</size>
         <input_file_ref idref="fl-ce"/>
      </object_component>
      <object_component id="oc-222">
         <name>.debug_info</name>
         <load_address>0x9a4f</load_address>
         <run_address>0x9a4f</run_address>
         <size>0x51</size>
         <input_file_ref idref="fl-ce"/>
      </object_component>
      <object_component id="oc-1e2">
         <name>.debug_info</name>
         <load_address>0x9aa0</load_address>
         <run_address>0x9aa0</run_address>
         <size>0x3c7</size>
         <input_file_ref idref="fl-cf"/>
      </object_component>
      <object_component id="oc-249">
         <name>.debug_info</name>
         <load_address>0x9e67</load_address>
         <run_address>0x9e67</run_address>
         <size>0x163</size>
         <input_file_ref idref="fl-cf"/>
      </object_component>
      <object_component id="oc-24c">
         <name>.debug_info</name>
         <load_address>0x9fca</load_address>
         <run_address>0x9fca</run_address>
         <size>0x175</size>
         <input_file_ref idref="fl-cf"/>
      </object_component>
      <object_component id="oc-126">
         <name>.debug_info</name>
         <load_address>0xa13f</load_address>
         <run_address>0xa13f</run_address>
         <size>0x2c3</size>
         <input_file_ref idref="fl-cf"/>
      </object_component>
      <object_component id="oc-1e7">
         <name>.debug_info</name>
         <load_address>0xa402</load_address>
         <run_address>0xa402</run_address>
         <size>0x2f4</size>
         <input_file_ref idref="fl-cf"/>
      </object_component>
      <object_component id="oc-12b">
         <name>.debug_info</name>
         <load_address>0xa6f6</load_address>
         <run_address>0xa6f6</run_address>
         <size>0x2ed</size>
         <input_file_ref idref="fl-cf"/>
      </object_component>
      <object_component id="oc-119">
         <name>.debug_info</name>
         <load_address>0xa9e3</load_address>
         <run_address>0xa9e3</run_address>
         <size>0x29b</size>
         <input_file_ref idref="fl-cf"/>
      </object_component>
      <object_component id="oc-130">
         <name>.debug_info</name>
         <load_address>0xac7e</load_address>
         <run_address>0xac7e</run_address>
         <size>0x288</size>
         <input_file_ref idref="fl-cf"/>
      </object_component>
      <object_component id="oc-11f">
         <name>.debug_info</name>
         <load_address>0xaf06</load_address>
         <run_address>0xaf06</run_address>
         <size>0x295</size>
         <input_file_ref idref="fl-cf"/>
      </object_component>
      <object_component id="oc-1db">
         <name>.debug_info</name>
         <load_address>0xb19b</load_address>
         <run_address>0xb19b</run_address>
         <size>0x21b</size>
         <input_file_ref idref="fl-d0"/>
      </object_component>
      <object_component id="oc-1d0">
         <name>.debug_info</name>
         <load_address>0xb3b6</load_address>
         <run_address>0xb3b6</run_address>
         <size>0x218</size>
         <input_file_ref idref="fl-d0"/>
      </object_component>
      <object_component id="oc-2be">
         <name>.debug_info</name>
         <load_address>0xb5ce</load_address>
         <run_address>0xb5ce</run_address>
         <size>0xba</size>
      </object_component>
      <object_component id="oc-1a9">
         <name>.debug_line</name>
         <load_address>0x0</load_address>
         <run_address>0x0</run_address>
         <size>0x1d7</size>
         <input_file_ref idref="fl-2"/>
      </object_component>
      <object_component id="oc-1fa">
         <name>.debug_line</name>
         <load_address>0x1d7</load_address>
         <run_address>0x1d7</run_address>
         <size>0x2d</size>
         <input_file_ref idref="fl-2"/>
      </object_component>
      <object_component id="oc-9c">
         <name>.debug_line</name>
         <load_address>0x204</load_address>
         <run_address>0x204</run_address>
         <size>0x131</size>
         <input_file_ref idref="fl-2"/>
      </object_component>
      <object_component id="oc-73">
         <name>.debug_line</name>
         <load_address>0x335</load_address>
         <run_address>0x335</run_address>
         <size>0x6f</size>
         <input_file_ref idref="fl-2"/>
      </object_component>
      <object_component id="oc-b5">
         <name>.debug_line</name>
         <load_address>0x3a4</load_address>
         <run_address>0x3a4</run_address>
         <size>0x20</size>
         <input_file_ref idref="fl-2"/>
      </object_component>
      <object_component id="oc-b0">
         <name>.debug_line</name>
         <load_address>0x3c4</load_address>
         <run_address>0x3c4</run_address>
         <size>0x73</size>
         <input_file_ref idref="fl-2"/>
      </object_component>
      <object_component id="oc-78">
         <name>.debug_line</name>
         <load_address>0x437</load_address>
         <run_address>0x437</run_address>
         <size>0x70</size>
         <input_file_ref idref="fl-2"/>
      </object_component>
      <object_component id="oc-6f">
         <name>.debug_line</name>
         <load_address>0x4a7</load_address>
         <run_address>0x4a7</run_address>
         <size>0x41</size>
         <input_file_ref idref="fl-3"/>
      </object_component>
      <object_component id="oc-2e">
         <name>.debug_line</name>
         <load_address>0x4e8</load_address>
         <run_address>0x4e8</run_address>
         <size>0x41</size>
         <input_file_ref idref="fl-3"/>
      </object_component>
      <object_component id="oc-2c">
         <name>.debug_line</name>
         <load_address>0x529</load_address>
         <run_address>0x529</run_address>
         <size>0xa1</size>
         <input_file_ref idref="fl-3"/>
      </object_component>
      <object_component id="oc-39">
         <name>.debug_line</name>
         <load_address>0x5ca</load_address>
         <run_address>0x5ca</run_address>
         <size>0x20</size>
         <input_file_ref idref="fl-3"/>
      </object_component>
      <object_component id="oc-c6">
         <name>.debug_line</name>
         <load_address>0x5ea</load_address>
         <run_address>0x5ea</run_address>
         <size>0x92</size>
         <input_file_ref idref="fl-be"/>
      </object_component>
      <object_component id="oc-48">
         <name>.debug_line</name>
         <load_address>0x67c</load_address>
         <run_address>0x67c</run_address>
         <size>0x4c</size>
         <input_file_ref idref="fl-be"/>
      </object_component>
      <object_component id="oc-8c">
         <name>.debug_line</name>
         <load_address>0x6c8</load_address>
         <run_address>0x6c8</run_address>
         <size>0x34</size>
         <input_file_ref idref="fl-be"/>
      </object_component>
      <object_component id="oc-c3">
         <name>.debug_line</name>
         <load_address>0x6fc</load_address>
         <run_address>0x6fc</run_address>
         <size>0x92</size>
         <input_file_ref idref="fl-be"/>
      </object_component>
      <object_component id="oc-87">
         <name>.debug_line</name>
         <load_address>0x78e</load_address>
         <run_address>0x78e</run_address>
         <size>0x20</size>
         <input_file_ref idref="fl-bf"/>
      </object_component>
      <object_component id="oc-1f">
         <name>.debug_line</name>
         <load_address>0x7ae</load_address>
         <run_address>0x7ae</run_address>
         <size>0x55</size>
         <input_file_ref idref="fl-bf"/>
      </object_component>
      <object_component id="oc-44">
         <name>.debug_line</name>
         <load_address>0x803</load_address>
         <run_address>0x803</run_address>
         <size>0x3a</size>
         <input_file_ref idref="fl-bf"/>
      </object_component>
      <object_component id="oc-84">
         <name>.debug_line</name>
         <load_address>0x83d</load_address>
         <run_address>0x83d</run_address>
         <size>0x92</size>
         <input_file_ref idref="fl-bf"/>
      </object_component>
      <object_component id="oc-bf">
         <name>.debug_line</name>
         <load_address>0x8cf</load_address>
         <run_address>0x8cf</run_address>
         <size>0x20</size>
         <input_file_ref idref="fl-c0"/>
      </object_component>
      <object_component id="oc-19">
         <name>.debug_line</name>
         <load_address>0x8ef</load_address>
         <run_address>0x8ef</run_address>
         <size>0xa9</size>
         <input_file_ref idref="fl-c0"/>
      </object_component>
      <object_component id="oc-34">
         <name>.debug_line</name>
         <load_address>0x998</load_address>
         <run_address>0x998</run_address>
         <size>0x3a</size>
         <input_file_ref idref="fl-c0"/>
      </object_component>
      <object_component id="oc-bc">
         <name>.debug_line</name>
         <load_address>0x9d2</load_address>
         <run_address>0x9d2</run_address>
         <size>0x9a</size>
         <input_file_ref idref="fl-c0"/>
      </object_component>
      <object_component id="oc-7d">
         <name>.debug_line</name>
         <load_address>0xa6c</load_address>
         <run_address>0xa6c</run_address>
         <size>0x96</size>
         <input_file_ref idref="fl-c0"/>
      </object_component>
      <object_component id="oc-6c">
         <name>.debug_line</name>
         <load_address>0xb02</load_address>
         <run_address>0xb02</run_address>
         <size>0x33</size>
         <input_file_ref idref="fl-c1"/>
      </object_component>
      <object_component id="oc-5a">
         <name>.debug_line</name>
         <load_address>0xb35</load_address>
         <run_address>0xb35</run_address>
         <size>0x45</size>
         <input_file_ref idref="fl-c1"/>
      </object_component>
      <object_component id="oc-3f">
         <name>.debug_line</name>
         <load_address>0xb7a</load_address>
         <run_address>0xb7a</run_address>
         <size>0x88</size>
         <input_file_ref idref="fl-c2"/>
      </object_component>
      <object_component id="oc-260">
         <name>.debug_line</name>
         <load_address>0xc02</load_address>
         <run_address>0xc02</run_address>
         <size>0xbf</size>
         <input_file_ref idref="fl-c4"/>
      </object_component>
      <object_component id="oc-17b">
         <name>.debug_line</name>
         <load_address>0xcc1</load_address>
         <run_address>0xcc1</run_address>
         <size>0x6f</size>
         <input_file_ref idref="fl-c4"/>
      </object_component>
      <object_component id="oc-264">
         <name>.debug_line</name>
         <load_address>0xd30</load_address>
         <run_address>0xd30</run_address>
         <size>0x2e</size>
         <input_file_ref idref="fl-c4"/>
      </object_component>
      <object_component id="oc-283">
         <name>.debug_line</name>
         <load_address>0xd5e</load_address>
         <run_address>0xd5e</run_address>
         <size>0x9a</size>
         <input_file_ref idref="fl-c4"/>
      </object_component>
      <object_component id="oc-269">
         <name>.debug_line</name>
         <load_address>0xdf8</load_address>
         <run_address>0xdf8</run_address>
         <size>0x97</size>
         <input_file_ref idref="fl-c4"/>
      </object_component>
      <object_component id="oc-26e">
         <name>.debug_line</name>
         <load_address>0xe8f</load_address>
         <run_address>0xe8f</run_address>
         <size>0x93</size>
         <input_file_ref idref="fl-c4"/>
      </object_component>
      <object_component id="oc-96">
         <name>.debug_line</name>
         <load_address>0xf22</load_address>
         <run_address>0xf22</run_address>
         <size>0x40</size>
         <input_file_ref idref="fl-c5"/>
      </object_component>
      <object_component id="oc-16e">
         <name>.debug_line</name>
         <load_address>0xf62</load_address>
         <run_address>0xf62</run_address>
         <size>0x3c</size>
         <input_file_ref idref="fl-c7"/>
      </object_component>
      <object_component id="oc-28d">
         <name>.debug_line</name>
         <load_address>0xf9e</load_address>
         <run_address>0xf9e</run_address>
         <size>0x20</size>
         <input_file_ref idref="fl-ca"/>
      </object_component>
      <object_component id="oc-15a">
         <name>.debug_line</name>
         <load_address>0xfbe</load_address>
         <run_address>0xfbe</run_address>
         <size>0x91</size>
         <input_file_ref idref="fl-ca"/>
      </object_component>
      <object_component id="oc-22e">
         <name>.debug_line</name>
         <load_address>0x104f</load_address>
         <run_address>0x104f</run_address>
         <size>0x71</size>
         <input_file_ref idref="fl-ca"/>
      </object_component>
      <object_component id="oc-21e">
         <name>.debug_line</name>
         <load_address>0x10c0</load_address>
         <run_address>0x10c0</run_address>
         <size>0x75</size>
         <input_file_ref idref="fl-ca"/>
      </object_component>
      <object_component id="oc-229">
         <name>.debug_line</name>
         <load_address>0x1135</load_address>
         <run_address>0x1135</run_address>
         <size>0x71</size>
         <input_file_ref idref="fl-ca"/>
      </object_component>
      <object_component id="oc-1ae">
         <name>.debug_line</name>
         <load_address>0x11a6</load_address>
         <run_address>0x11a6</run_address>
         <size>0x72</size>
         <input_file_ref idref="fl-ca"/>
      </object_component>
      <object_component id="oc-232">
         <name>.debug_line</name>
         <load_address>0x1218</load_address>
         <run_address>0x1218</run_address>
         <size>0x82</size>
         <input_file_ref idref="fl-cb"/>
      </object_component>
      <object_component id="oc-274">
         <name>.debug_line</name>
         <load_address>0x129a</load_address>
         <run_address>0x129a</run_address>
         <size>0x7d</size>
         <input_file_ref idref="fl-cb"/>
      </object_component>
      <object_component id="oc-276">
         <name>.debug_line</name>
         <load_address>0x1317</load_address>
         <run_address>0x1317</run_address>
         <size>0x7d</size>
         <input_file_ref idref="fl-cb"/>
      </object_component>
      <object_component id="oc-250">
         <name>.debug_line</name>
         <load_address>0x1394</load_address>
         <run_address>0x1394</run_address>
         <size>0x7d</size>
         <input_file_ref idref="fl-cb"/>
      </object_component>
      <object_component id="oc-1b6">
         <name>.debug_line</name>
         <load_address>0x1411</load_address>
         <run_address>0x1411</run_address>
         <size>0x95</size>
         <input_file_ref idref="fl-cb"/>
      </object_component>
      <object_component id="oc-df">
         <name>.debug_line</name>
         <load_address>0x14a6</load_address>
         <run_address>0x14a6</run_address>
         <size>0xc4</size>
         <input_file_ref idref="fl-cb"/>
      </object_component>
      <object_component id="oc-13f">
         <name>.debug_line</name>
         <load_address>0x156a</load_address>
         <run_address>0x156a</run_address>
         <size>0x99</size>
         <input_file_ref idref="fl-cb"/>
      </object_component>
      <object_component id="oc-da">
         <name>.debug_line</name>
         <load_address>0x1603</load_address>
         <run_address>0x1603</run_address>
         <size>0x99</size>
         <input_file_ref idref="fl-cb"/>
      </object_component>
      <object_component id="oc-139">
         <name>.debug_line</name>
         <load_address>0x169c</load_address>
         <run_address>0x169c</run_address>
         <size>0xa7</size>
         <input_file_ref idref="fl-cb"/>
      </object_component>
      <object_component id="oc-1c5">
         <name>.debug_line</name>
         <load_address>0x1743</load_address>
         <run_address>0x1743</run_address>
         <size>0xa6</size>
         <input_file_ref idref="fl-cb"/>
      </object_component>
      <object_component id="oc-eb">
         <name>.debug_line</name>
         <load_address>0x17e9</load_address>
         <run_address>0x17e9</run_address>
         <size>0x95</size>
         <input_file_ref idref="fl-cb"/>
      </object_component>
      <object_component id="oc-103">
         <name>.debug_line</name>
         <load_address>0x187e</load_address>
         <run_address>0x187e</run_address>
         <size>0x92</size>
         <input_file_ref idref="fl-cb"/>
      </object_component>
      <object_component id="oc-f1">
         <name>.debug_line</name>
         <load_address>0x1910</load_address>
         <run_address>0x1910</run_address>
         <size>0x99</size>
         <input_file_ref idref="fl-cb"/>
      </object_component>
      <object_component id="oc-f7">
         <name>.debug_line</name>
         <load_address>0x19a9</load_address>
         <run_address>0x19a9</run_address>
         <size>0x92</size>
         <input_file_ref idref="fl-cb"/>
      </object_component>
      <object_component id="oc-109">
         <name>.debug_line</name>
         <load_address>0x1a3b</load_address>
         <run_address>0x1a3b</run_address>
         <size>0x92</size>
         <input_file_ref idref="fl-cb"/>
      </object_component>
      <object_component id="oc-236">
         <name>.debug_line</name>
         <load_address>0x1acd</load_address>
         <run_address>0x1acd</run_address>
         <size>0x7c</size>
         <input_file_ref idref="fl-cc"/>
      </object_component>
      <object_component id="oc-234">
         <name>.debug_line</name>
         <load_address>0x1b49</load_address>
         <run_address>0x1b49</run_address>
         <size>0x82</size>
         <input_file_ref idref="fl-cc"/>
      </object_component>
      <object_component id="oc-278">
         <name>.debug_line</name>
         <load_address>0x1bcb</load_address>
         <run_address>0x1bcb</run_address>
         <size>0x82</size>
         <input_file_ref idref="fl-cc"/>
      </object_component>
      <object_component id="oc-1c9">
         <name>.debug_line</name>
         <load_address>0x1c4d</load_address>
         <run_address>0x1c4d</run_address>
         <size>0xaf</size>
         <input_file_ref idref="fl-cc"/>
      </object_component>
      <object_component id="oc-115">
         <name>.debug_line</name>
         <load_address>0x1cfc</load_address>
         <run_address>0x1cfc</run_address>
         <size>0x97</size>
         <input_file_ref idref="fl-cc"/>
      </object_component>
      <object_component id="oc-fd">
         <name>.debug_line</name>
         <load_address>0x1d93</load_address>
         <run_address>0x1d93</run_address>
         <size>0x97</size>
         <input_file_ref idref="fl-cc"/>
      </object_component>
      <object_component id="oc-e5">
         <name>.debug_line</name>
         <load_address>0x1e2a</load_address>
         <run_address>0x1e2a</run_address>
         <size>0xc2</size>
         <input_file_ref idref="fl-cc"/>
      </object_component>
      <object_component id="oc-244">
         <name>.debug_line</name>
         <load_address>0x1eec</load_address>
         <run_address>0x1eec</run_address>
         <size>0x82</size>
         <input_file_ref idref="fl-cd"/>
      </object_component>
      <object_component id="oc-151">
         <name>.debug_line</name>
         <load_address>0x1f6e</load_address>
         <run_address>0x1f6e</run_address>
         <size>0x9e</size>
         <input_file_ref idref="fl-cd"/>
      </object_component>
      <object_component id="oc-110">
         <name>.debug_line</name>
         <load_address>0x200c</load_address>
         <run_address>0x200c</run_address>
         <size>0x95</size>
         <input_file_ref idref="fl-cd"/>
      </object_component>
      <object_component id="oc-14c">
         <name>.debug_line</name>
         <load_address>0x20a1</load_address>
         <run_address>0x20a1</run_address>
         <size>0x96</size>
         <input_file_ref idref="fl-cd"/>
      </object_component>
      <object_component id="oc-157">
         <name>.debug_line</name>
         <load_address>0x2137</load_address>
         <run_address>0x2137</run_address>
         <size>0x91</size>
         <input_file_ref idref="fl-cd"/>
      </object_component>
      <object_component id="oc-145">
         <name>.debug_line</name>
         <load_address>0x21c8</load_address>
         <run_address>0x21c8</run_address>
         <size>0x9b</size>
         <input_file_ref idref="fl-cd"/>
      </object_component>
      <object_component id="oc-221">
         <name>.debug_line</name>
         <load_address>0x2263</load_address>
         <run_address>0x2263</run_address>
         <size>0x13d</size>
         <input_file_ref idref="fl-ce"/>
      </object_component>
      <object_component id="oc-d3">
         <name>.debug_line</name>
         <load_address>0x23a0</load_address>
         <run_address>0x23a0</run_address>
         <size>0x94</size>
         <input_file_ref idref="fl-ce"/>
      </object_component>
      <object_component id="oc-cd">
         <name>.debug_line</name>
         <load_address>0x2434</load_address>
         <run_address>0x2434</run_address>
         <size>0x94</size>
         <input_file_ref idref="fl-ce"/>
      </object_component>
      <object_component id="oc-163">
         <name>.debug_line</name>
         <load_address>0x24c8</load_address>
         <run_address>0x24c8</run_address>
         <size>0xee</size>
         <input_file_ref idref="fl-ce"/>
      </object_component>
      <object_component id="oc-224">
         <name>.debug_line</name>
         <load_address>0x25b6</load_address>
         <run_address>0x25b6</run_address>
         <size>0x7f</size>
         <input_file_ref idref="fl-ce"/>
      </object_component>
      <object_component id="oc-247">
         <name>.debug_line</name>
         <load_address>0x2635</load_address>
         <run_address>0x2635</run_address>
         <size>0x82</size>
         <input_file_ref idref="fl-cf"/>
      </object_component>
      <object_component id="oc-27a">
         <name>.debug_line</name>
         <load_address>0x26b7</load_address>
         <run_address>0x26b7</run_address>
         <size>0x7e</size>
         <input_file_ref idref="fl-cf"/>
      </object_component>
      <object_component id="oc-27c">
         <name>.debug_line</name>
         <load_address>0x2735</load_address>
         <run_address>0x2735</run_address>
         <size>0x7e</size>
         <input_file_ref idref="fl-cf"/>
      </object_component>
      <object_component id="oc-125">
         <name>.debug_line</name>
         <load_address>0x27b3</load_address>
         <run_address>0x27b3</run_address>
         <size>0x9c</size>
         <input_file_ref idref="fl-cf"/>
      </object_component>
      <object_component id="oc-1e6">
         <name>.debug_line</name>
         <load_address>0x284f</load_address>
         <run_address>0x284f</run_address>
         <size>0xaf</size>
         <input_file_ref idref="fl-cf"/>
      </object_component>
      <object_component id="oc-12a">
         <name>.debug_line</name>
         <load_address>0x28fe</load_address>
         <run_address>0x28fe</run_address>
         <size>0x9a</size>
         <input_file_ref idref="fl-cf"/>
      </object_component>
      <object_component id="oc-118">
         <name>.debug_line</name>
         <load_address>0x2998</load_address>
         <run_address>0x2998</run_address>
         <size>0x93</size>
         <input_file_ref idref="fl-cf"/>
      </object_component>
      <object_component id="oc-133">
         <name>.debug_line</name>
         <load_address>0x2a2b</load_address>
         <run_address>0x2a2b</run_address>
         <size>0x93</size>
         <input_file_ref idref="fl-cf"/>
      </object_component>
      <object_component id="oc-11e">
         <name>.debug_line</name>
         <load_address>0x2abe</load_address>
         <run_address>0x2abe</run_address>
         <size>0xb7</size>
         <input_file_ref idref="fl-cf"/>
      </object_component>
      <object_component id="oc-1df">
         <name>.debug_line</name>
         <load_address>0x2b75</load_address>
         <run_address>0x2b75</run_address>
         <size>0x91</size>
         <input_file_ref idref="fl-d0"/>
      </object_component>
      <object_component id="oc-1d4">
         <name>.debug_line</name>
         <load_address>0x2c06</load_address>
         <run_address>0x2c06</run_address>
         <size>0x91</size>
         <input_file_ref idref="fl-d0"/>
      </object_component>
      <object_component id="oc-9e">
         <name>.debug_frame</name>
         <load_address>0x0</load_address>
         <run_address>0x0</run_address>
         <size>0xe4</size>
         <input_file_ref idref="fl-2"/>
      </object_component>
      <object_component id="oc-2b">
         <name>.debug_frame</name>
         <load_address>0xe4</load_address>
         <run_address>0xe4</run_address>
         <size>0x90</size>
         <input_file_ref idref="fl-3"/>
      </object_component>
      <object_component id="oc-49">
         <name>.debug_frame</name>
         <load_address>0x174</load_address>
         <run_address>0x174</run_address>
         <size>0x54</size>
         <input_file_ref idref="fl-be"/>
      </object_component>
      <object_component id="oc-20">
         <name>.debug_frame</name>
         <load_address>0x1c8</load_address>
         <run_address>0x1c8</run_address>
         <size>0x54</size>
         <input_file_ref idref="fl-bf"/>
      </object_component>
      <object_component id="oc-1a">
         <name>.debug_frame</name>
         <load_address>0x21c</load_address>
         <run_address>0x21c</run_address>
         <size>0x60</size>
         <input_file_ref idref="fl-c0"/>
      </object_component>
      <object_component id="oc-5e">
         <name>.debug_frame</name>
         <load_address>0x27c</load_address>
         <run_address>0x27c</run_address>
         <size>0x50</size>
         <input_file_ref idref="fl-c1"/>
      </object_component>
      <object_component id="oc-177">
         <name>.debug_frame</name>
         <load_address>0x2cc</load_address>
         <run_address>0x2cc</run_address>
         <size>0x5c</size>
         <input_file_ref idref="fl-c4"/>
      </object_component>
      <object_component id="oc-9a">
         <name>.debug_frame</name>
         <load_address>0x328</load_address>
         <run_address>0x328</run_address>
         <size>0x54</size>
         <input_file_ref idref="fl-c5"/>
      </object_component>
      <object_component id="oc-16f">
         <name>.debug_frame</name>
         <load_address>0x37c</load_address>
         <run_address>0x37c</run_address>
         <size>0x54</size>
         <input_file_ref idref="fl-c7"/>
      </object_component>
      <object_component id="oc-15e">
         <name>.debug_frame</name>
         <load_address>0x3d0</load_address>
         <run_address>0x3d0</run_address>
         <size>0x54</size>
         <input_file_ref idref="fl-ca"/>
      </object_component>
      <object_component id="oc-1b7">
         <name>.debug_frame</name>
         <load_address>0x424</load_address>
         <run_address>0x424</run_address>
         <size>0x54</size>
         <input_file_ref idref="fl-cb"/>
      </object_component>
      <object_component id="oc-e0">
         <name>.debug_frame</name>
         <load_address>0x478</load_address>
         <run_address>0x478</run_address>
         <size>0x68</size>
         <input_file_ref idref="fl-cb"/>
      </object_component>
      <object_component id="oc-140">
         <name>.debug_frame</name>
         <load_address>0x4e0</load_address>
         <run_address>0x4e0</run_address>
         <size>0x58</size>
         <input_file_ref idref="fl-cb"/>
      </object_component>
      <object_component id="oc-d9">
         <name>.debug_frame</name>
         <load_address>0x538</load_address>
         <run_address>0x538</run_address>
         <size>0x58</size>
         <input_file_ref idref="fl-cb"/>
      </object_component>
      <object_component id="oc-13a">
         <name>.debug_frame</name>
         <load_address>0x590</load_address>
         <run_address>0x590</run_address>
         <size>0x58</size>
         <input_file_ref idref="fl-cb"/>
      </object_component>
      <object_component id="oc-1c6">
         <name>.debug_frame</name>
         <load_address>0x5e8</load_address>
         <run_address>0x5e8</run_address>
         <size>0x54</size>
         <input_file_ref idref="fl-cb"/>
      </object_component>
      <object_component id="oc-ec">
         <name>.debug_frame</name>
         <load_address>0x63c</load_address>
         <run_address>0x63c</run_address>
         <size>0x54</size>
         <input_file_ref idref="fl-cb"/>
      </object_component>
      <object_component id="oc-104">
         <name>.debug_frame</name>
         <load_address>0x690</load_address>
         <run_address>0x690</run_address>
         <size>0x54</size>
         <input_file_ref idref="fl-cb"/>
      </object_component>
      <object_component id="oc-f2">
         <name>.debug_frame</name>
         <load_address>0x6e4</load_address>
         <run_address>0x6e4</run_address>
         <size>0x5c</size>
         <input_file_ref idref="fl-cb"/>
      </object_component>
      <object_component id="oc-f8">
         <name>.debug_frame</name>
         <load_address>0x740</load_address>
         <run_address>0x740</run_address>
         <size>0x54</size>
         <input_file_ref idref="fl-cb"/>
      </object_component>
      <object_component id="oc-10a">
         <name>.debug_frame</name>
         <load_address>0x794</load_address>
         <run_address>0x794</run_address>
         <size>0x54</size>
         <input_file_ref idref="fl-cb"/>
      </object_component>
      <object_component id="oc-1cc">
         <name>.debug_frame</name>
         <load_address>0x7e8</load_address>
         <run_address>0x7e8</run_address>
         <size>0x60</size>
         <input_file_ref idref="fl-cc"/>
      </object_component>
      <object_component id="oc-116">
         <name>.debug_frame</name>
         <load_address>0x848</load_address>
         <run_address>0x848</run_address>
         <size>0x58</size>
         <input_file_ref idref="fl-cc"/>
      </object_component>
      <object_component id="oc-fe">
         <name>.debug_frame</name>
         <load_address>0x8a0</load_address>
         <run_address>0x8a0</run_address>
         <size>0x58</size>
         <input_file_ref idref="fl-cc"/>
      </object_component>
      <object_component id="oc-e6">
         <name>.debug_frame</name>
         <load_address>0x8f8</load_address>
         <run_address>0x8f8</run_address>
         <size>0x54</size>
         <input_file_ref idref="fl-cc"/>
      </object_component>
      <object_component id="oc-152">
         <name>.debug_frame</name>
         <load_address>0x94c</load_address>
         <run_address>0x94c</run_address>
         <size>0x54</size>
         <input_file_ref idref="fl-cd"/>
      </object_component>
      <object_component id="oc-10f">
         <name>.debug_frame</name>
         <load_address>0x9a0</load_address>
         <run_address>0x9a0</run_address>
         <size>0x54</size>
         <input_file_ref idref="fl-cd"/>
      </object_component>
      <object_component id="oc-14b">
         <name>.debug_frame</name>
         <load_address>0x9f4</load_address>
         <run_address>0x9f4</run_address>
         <size>0x54</size>
         <input_file_ref idref="fl-cd"/>
      </object_component>
      <object_component id="oc-158">
         <name>.debug_frame</name>
         <load_address>0xa48</load_address>
         <run_address>0xa48</run_address>
         <size>0x54</size>
         <input_file_ref idref="fl-cd"/>
      </object_component>
      <object_component id="oc-146">
         <name>.debug_frame</name>
         <load_address>0xa9c</load_address>
         <run_address>0xa9c</run_address>
         <size>0x54</size>
         <input_file_ref idref="fl-cd"/>
      </object_component>
      <object_component id="oc-d4">
         <name>.debug_frame</name>
         <load_address>0xaf0</load_address>
         <run_address>0xaf0</run_address>
         <size>0x54</size>
         <input_file_ref idref="fl-ce"/>
      </object_component>
      <object_component id="oc-ce">
         <name>.debug_frame</name>
         <load_address>0xb44</load_address>
         <run_address>0xb44</run_address>
         <size>0x54</size>
         <input_file_ref idref="fl-ce"/>
      </object_component>
      <object_component id="oc-164">
         <name>.debug_frame</name>
         <load_address>0xb98</load_address>
         <run_address>0xb98</run_address>
         <size>0x68</size>
         <input_file_ref idref="fl-ce"/>
      </object_component>
      <object_component id="oc-124">
         <name>.debug_frame</name>
         <load_address>0xc00</load_address>
         <run_address>0xc00</run_address>
         <size>0x54</size>
         <input_file_ref idref="fl-cf"/>
      </object_component>
      <object_component id="oc-1ea">
         <name>.debug_frame</name>
         <load_address>0xc54</load_address>
         <run_address>0xc54</run_address>
         <size>0x5c</size>
         <input_file_ref idref="fl-cf"/>
      </object_component>
      <object_component id="oc-12e">
         <name>.debug_frame</name>
         <load_address>0xcb0</load_address>
         <run_address>0xcb0</run_address>
         <size>0x5c</size>
         <input_file_ref idref="fl-cf"/>
      </object_component>
      <object_component id="oc-11c">
         <name>.debug_frame</name>
         <load_address>0xd0c</load_address>
         <run_address>0xd0c</run_address>
         <size>0x54</size>
         <input_file_ref idref="fl-cf"/>
      </object_component>
      <object_component id="oc-134">
         <name>.debug_frame</name>
         <load_address>0xd60</load_address>
         <run_address>0xd60</run_address>
         <size>0x54</size>
         <input_file_ref idref="fl-cf"/>
      </object_component>
      <object_component id="oc-122">
         <name>.debug_frame</name>
         <load_address>0xdb4</load_address>
         <run_address>0xdb4</run_address>
         <size>0x58</size>
         <input_file_ref idref="fl-cf"/>
      </object_component>
      <object_component id="oc-1de">
         <name>.debug_frame</name>
         <load_address>0xe0c</load_address>
         <run_address>0xe0c</run_address>
         <size>0x54</size>
         <input_file_ref idref="fl-d0"/>
      </object_component>
      <object_component id="oc-1d3">
         <name>.debug_frame</name>
         <load_address>0xe60</load_address>
         <run_address>0xe60</run_address>
         <size>0x54</size>
         <input_file_ref idref="fl-d0"/>
      </object_component>
      <object_component id="oc-1a8">
         <name>.debug_abbrev</name>
         <load_address>0x0</load_address>
         <run_address>0x0</run_address>
         <size>0xe1</size>
         <input_file_ref idref="fl-2"/>
      </object_component>
      <object_component id="oc-1f9">
         <name>.debug_abbrev</name>
         <load_address>0xe1</load_address>
         <run_address>0xe1</run_address>
         <size>0x29</size>
         <input_file_ref idref="fl-2"/>
      </object_component>
      <object_component id="oc-169">
         <name>.debug_abbrev</name>
         <load_address>0x10a</load_address>
         <run_address>0x10a</run_address>
         <size>0xa9</size>
         <input_file_ref idref="fl-2"/>
      </object_component>
      <object_component id="oc-72">
         <name>.debug_abbrev</name>
         <load_address>0x1b3</load_address>
         <run_address>0x1b3</run_address>
         <size>0x69</size>
         <input_file_ref idref="fl-2"/>
      </object_component>
      <object_component id="oc-b4">
         <name>.debug_abbrev</name>
         <load_address>0x21c</load_address>
         <run_address>0x21c</run_address>
         <size>0x1f</size>
         <input_file_ref idref="fl-2"/>
      </object_component>
      <object_component id="oc-af">
         <name>.debug_abbrev</name>
         <load_address>0x23b</load_address>
         <run_address>0x23b</run_address>
         <size>0x5c</size>
         <input_file_ref idref="fl-2"/>
      </object_component>
      <object_component id="oc-77">
         <name>.debug_abbrev</name>
         <load_address>0x297</load_address>
         <run_address>0x297</run_address>
         <size>0x24</size>
         <input_file_ref idref="fl-2"/>
      </object_component>
      <object_component id="oc-6e">
         <name>.debug_abbrev</name>
         <load_address>0x2bb</load_address>
         <run_address>0x2bb</run_address>
         <size>0x68</size>
         <input_file_ref idref="fl-3"/>
      </object_component>
      <object_component id="oc-2d">
         <name>.debug_abbrev</name>
         <load_address>0x323</load_address>
         <run_address>0x323</run_address>
         <size>0x29</size>
         <input_file_ref idref="fl-3"/>
      </object_component>
      <object_component id="oc-6d">
         <name>.debug_abbrev</name>
         <load_address>0x34c</load_address>
         <run_address>0x34c</run_address>
         <size>0x79</size>
         <input_file_ref idref="fl-3"/>
      </object_component>
      <object_component id="oc-38">
         <name>.debug_abbrev</name>
         <load_address>0x3c5</load_address>
         <run_address>0x3c5</run_address>
         <size>0x1f</size>
         <input_file_ref idref="fl-3"/>
      </object_component>
      <object_component id="oc-c5">
         <name>.debug_abbrev</name>
         <load_address>0x3e4</load_address>
         <run_address>0x3e4</run_address>
         <size>0x5d</size>
         <input_file_ref idref="fl-be"/>
      </object_component>
      <object_component id="oc-88">
         <name>.debug_abbrev</name>
         <load_address>0x441</load_address>
         <run_address>0x441</run_address>
         <size>0x6f</size>
         <input_file_ref idref="fl-be"/>
      </object_component>
      <object_component id="oc-8b">
[...]
            <object_component_ref idref="oc-ea"/>
            <object_component_ref idref="oc-101"/>
            <object_component_ref idref="oc-ef"/>
            <object_component_ref idref="oc-f6"/>
            <object_component_ref idref="oc-107"/>
            <object_component_ref idref="oc-1bd"/>
            <object_component_ref idref="oc-240"/>
            <object_component_ref idref="oc-1cb"/>
            <object_component_ref idref="oc-114"/>
            <object_component_ref idref="oc-fc"/>
            <object_component_ref idref="oc-e4"/>
            <object_component_ref idref="oc-14f"/>
            <object_component_ref idref="oc-10d"/>
            <object_component_ref idref="oc-14a"/>
            <object_component_ref idref="oc-155"/>
            <object_component_ref idref="oc-143"/>
            <object_component_ref idref="oc-d2"/>
            <object_component_ref idref="oc-cc"/>
            <object_component_ref idref="oc-162"/>
            <object_component_ref idref="oc-24a"/>
            <object_component_ref idref="oc-24d"/>
            <object_component_ref idref="oc-128"/>
            <object_component_ref idref="oc-1e9"/>
            <object_component_ref idref="oc-12d"/>
            <object_component_ref idref="oc-11b"/>
            <object_component_ref idref="oc-132"/>
            <object_component_ref idref="oc-121"/>
            <object_component_ref idref="oc-1dc"/>
            <object_component_ref idref="oc-1d2"/>
         </contents>
      </logical_group>
      <logical_group id="lg-2ad" display="never" color="cyan">
         <name>.debug_pubtypes</name>
         <load_address>0x0</load_address>
         <run_address>0x0</run_address>
         <size>0x11fd</size>
         <contents>
            <object_component_ref idref="oc-71"/>
            <object_component_ref idref="oc-b3"/>
            <object_component_ref idref="oc-ae"/>
            <object_component_ref idref="oc-76"/>
            <object_component_ref idref="oc-37"/>
            <object_component_ref idref="oc-8a"/>
            <object_component_ref idref="oc-c1"/>
            <object_component_ref idref="oc-42"/>
            <object_component_ref idref="oc-82"/>
            <object_component_ref idref="oc-32"/>
            <object_component_ref idref="oc-ba"/>
            <object_component_ref idref="oc-7b"/>
            <object_component_ref idref="oc-262"/>
            <object_component_ref idref="oc-281"/>
            <object_component_ref idref="oc-267"/>
            <object_component_ref idref="oc-26c"/>
            <object_component_ref idref="oc-22c"/>
            <object_component_ref idref="oc-21c"/>
            <object_component_ref idref="oc-227"/>
            <object_component_ref idref="oc-1ac"/>
         </contents>
      </logical_group>
      <logical_group id="lg-2bc" display="no" color="cyan">
         <name>Veneer$$CMSE</name>
         <run_address>0x0</run_address>
         <size>0x0</size>
         <contents>
         </contents>
      </logical_group>
      <load_segment id="lg-2c2" display="no" color="cyan">
         <name>SEGMENT_0</name>
         <load_address>0x0</load_address>
         <run_address>0x0</run_address>
         <size>0xf90</size>
         <flags>0x5</flags>
         <contents>
            <logical_group_ref idref="lg-3"/>
            <logical_group_ref idref="lg-4"/>
            <logical_group_ref idref="lg-5"/>
            <logical_group_ref idref="lg-6"/>
         </contents>
      </load_segment>
      <load_segment id="lg-2c3" display="no" color="cyan">
         <name>SEGMENT_1</name>
         <run_address>0x20000000</run_address>
         <size>0x470</size>
         <flags>0x6</flags>
         <contents>
            <logical_group_ref idref="lg-9"/>
            <logical_group_ref idref="lg-b"/>
            <logical_group_ref idref="lg-a"/>
            <logical_group_ref idref="lg-d"/>
         </contents>
      </load_segment>
   </logical_group_list>
   <placement_map>
      <memory_area display="yes" color="green">
         <name>FLASH</name>
         <page_id>0x0</page_id>
         <origin>0x0</origin>
         <length>0x40000</length>
         <used_space>0xf8e</used_space>
         <unused_space>0x3f072</unused_space>
         <attributes>RX</attributes>
         <usage_details>
            <allocated_space>
               <start_address>0x0</start_address>
               <size>0x26c</size>
               <logical_group_ref idref="lg-3"/>
            </allocated_space>
            <allocated_space>
               <start_address>0x26c</start_address>
               <size>0xa06</size>
               <logical_group_ref idref="lg-4"/>
            </allocated_space>
            <available_space>
               <start_address>0xc72</start_address>
               <size>0x2</size>
            </available_space>
            <allocated_space>
               <start_address>0xc74</start_address>
               <size>0x2dc</size>
               <logical_group_ref idref="lg-5"/>
            </allocated_space>
            <allocated_space>
               <start_address>0xf50</start_address>
               <size>0x40</size>
               <logical_group_ref idref="lg-6"/>
            </allocated_space>
            <available_space>
               <start_address>0xf90</start_address>
               <size>0x3f070</size>
            </available_space>
         </usage_details>
      </memory_area>
      <memory_area display="yes" color="green">
         <name>SRAM</name>
         <page_id>0x0</page_id>
         <origin>0x20000000</origin>
         <length>0x8000</length>
         <used_space>0x46e</used_space>
         <unused_space>0x7b92</unused_space>
         <attributes>RWX</attributes>
         <usage_details>
            <allocated_space>
               <start_address>0x20000000</start_address>
               <size>0x0</size>
               <logical_group_ref idref="lg-290"/>
            </allocated_space>
            <allocated_space>
               <start_address>0x20000000</start_address>
               <size>0x26c</size>
               <logical_group_ref idref="lg-9"/>
            </allocated_space>
            <allocated_space>
               <start_address>0x2000026c</start_address>
               <size>0x1</size>
               <logical_group_ref idref="lg-b"/>
            </allocated_space>
            <allocated_space>
               <start_address>0x2000026d</start_address>
               <size>0x1</size>
               <logical_group_ref idref="lg-a"/>
            </allocated_space>
            <available_space>
               <start_address>0x2000026e</start_address>
               <size>0x2</size>
            </available_space>
            <allocated_space>
               <start_address>0x20000270</start_address>
               <size>0x200</size>
               <logical_group_ref idref="lg-d"/>
            </allocated_space>
            <available_space>
               <start_address>0x20000470</start_address>
               <size>0x7b90</size>
            </available_space>
         </usage_details>
      </memory_area>
   </placement_map>
   <cptbl_list>
      <cptbl>
         <name>__TI_cinit_table</name>
         <cprec>
            <name>.bss</name>
            <load_address>0xf60</load_address>
            <load_size>0x8</load_size>
            <run_address>0x2000026c</run_address>
            <run_size>0x1</run_size>
            <compression>zero_init</compression>
         </cprec>
         <cprec>
            <name>.vtable</name>
            <load_address>0xf68</load_address>
            <load_size>0x8</load_size>
            <run_address>0x20000000</run_address>
            <run_size>0x26c</run_size>
            <compression>zero_init</compression>
         </cprec>
         <cprec>
            <name>.data</name>
            <load_address>0xf70</load_address>
            <load_size>0x5</load_size>
            <run_address>0x2000026d</run_address>
            <run_size>0x1</run_size>
            <compression>lzss</compression>
         </cprec>
      </cptbl>
   </cptbl_list>
   <handler_table>
      <handler_table_name>__TI_handler_table</handler_table_name>
      <handler>
         <index>0x0</index>
         <name>__TI_zero_init</name>
      </handler>
      <handler>
         <index>0x1</index>
         <name>__TI_decompress_lzss</name>
      </handler>
      <handler>
         <index>0x2</index>
         <name>__TI_decompress_none</name>
      </handler>
   </handler_table>
   <symbol_table>
      <symbol id="sm-1">
         <name>__STACK_TOP</name>
         <value>0x20000470</value>
      </symbol>
      <symbol id="sm-2">
         <name>__start___llvm_prf_cnts</name>
         <value>0x20000000</value>
      </symbol>
      <symbol id="sm-3">
         <name>__stop___llvm_prf_cnts</name>
         <value>0x20000000</value>
      </symbol>
      <symbol id="sm-4">
         <name>__TI_CINIT_Base</name>
         <value>0xf78</value>
      </symbol>
      <symbol id="sm-5">
         <name>__TI_CINIT_Limit</name>
         <value>0xf90</value>
      </symbol>
      <symbol id="sm-6">
         <name>__TI_Handler_Table_Base</name>
         <value>0xf50</value>
      </symbol>
      <symbol id="sm-7">
         <name>__TI_Handler_Table_Limit</name>
         <value>0xf5c</value>
      </symbol>
      <symbol id="sm-8">
         <name>binit</name>
         <value>0xffffffff</value>
      </symbol>
      <symbol id="sm-9">
         <name>__binit__</name>
         <value>0xffffffff</value>
      </symbol>
      <symbol id="sm-a">
         <name>__STACK_SIZE</name>
         <value>0x200</value>
      </symbol>
      <symbol id="sm-b">
         <name>__STACK_END</name>
         <value>0x20000470</value>
      </symbol>
      <symbol id="sm-c">
         <name>__c_args__</name>
         <value>0xffffffff</value>
      </symbol>
      <symbol id="sm-d">
         <name>__TI_pprof_out_hndl</name>
         <value>0xffffffff</value>
      </symbol>
      <symbol id="sm-e">
         <name>__TI_prof_data_start</name>
         <value>0xffffffff</value>
      </symbol>
      <symbol id="sm-f">
         <name>__TI_prof_data_size</name>
         <value>0xffffffff</value>
      </symbol>
      <symbol id="sm-6b">
         <name>state</name>
         <value>0x2000026c</value>
      </symbol>
      <symbol id="sm-6c">
         <name>Configure_Timer0</name>
         <value>0x321</value>
         <object_component_ref idref="oc-9b"/>
      </symbol>
      <symbol id="sm-6d">
         <name>Configure_PWM</name>
         <value>0x361</value>
         <object_component_ref idref="oc-9b"/>
      </symbol>
      <symbol id="sm-6e">
         <name>main</name>
         <value>0x3d1</value>
         <object_component_ref idref="oc-9b"/>
      </symbol>
      <symbol id="sm-6f">
         <name>timerA_flag</name>
         <value>0x2000026d</value>
         <object_component_ref idref="oc-166"/>
      </symbol>
      <symbol id="sm-70">
         <name>IntPortFHandler</name>
         <value>0x2b5</value>
         <object_component_ref idref="oc-9b"/>
      </symbol>
      <symbol id="sm-71">
         <name>Configure_GPIO</name>
         <value>0x26d</value>
         <object_component_ref idref="oc-9b"/>
      </symbol>
      <symbol id="sm-72">
         <name>Timer0IntHandler</name>
         <value>0x301</value>
         <object_component_ref idref="oc-9b"/>
      </symbol>
      <symbol id="sm-73">
         <name>Timer1IntHandler</name>
         <value>0x31f</value>
         <object_component_ref idref="oc-9b"/>
      </symbol>
      <symbol id="sm-94">
         <name>ResetISR</name>
         <value>0xc4f</value>
         <object_component_ref idref="oc-27"/>
      </symbol>
      <symbol id="sm-95">
         <name>g_pfnVectors</name>
         <value>0x0</value>
         <object_component_ref idref="oc-12"/>
      </symbol>
      <symbol id="sm-ae">
         <name>__TI_zero_init_nomemset</name>
         <value>0xb19</value>
         <object_component_ref idref="oc-47"/>
      </symbol>
      <symbol id="sm-c5">
         <name>__TI_decompress_none</name>
         <value>0xc11</value>
         <object_component_ref idref="oc-1b"/>
      </symbol>
      <symbol id="sm-e8">
         <name>__TI_decompress_lzss</name>
         <value>0x799</value>
         <object_component_ref idref="oc-15"/>
      </symbol>
      <symbol id="sm-fb">
         <name>__stack</name>
         <value>0x20000270</value>
         <object_component_ref idref="oc-24"/>
      </symbol>
      <symbol id="sm-fc">
         <name>_c_int00_noargs</name>
         <value>0xa79</value>
         <object_component_ref idref="oc-59"/>
      </symbol>
      <symbol id="sm-117">
         <name>memcpy</name>
         <value>0x695</value>
         <object_component_ref idref="oc-3b"/>
      </symbol>
      <symbol id="sm-118">
         <name>__aeabi_memcpy</name>
         <value>0x695</value>
         <object_component_ref idref="oc-3b"/>
      </symbol>
      <symbol id="sm-119">
         <name>__aeabi_memcpy8</name>
         <value>0x695</value>
         <object_component_ref idref="oc-3b"/>
      </symbol>
      <symbol id="sm-11a">
         <name>__aeabi_memcpy4</name>
         <value>0x695</value>
         <object_component_ref idref="oc-3b"/>
      </symbol>
      <symbol id="sm-143">
         <name>__TI_auto_init_nobinit_nopinit</name>
         <value>0x995</value>
         <object_component_ref idref="oc-176"/>
      </symbol>
      <symbol id="sm-14d">
         <name>_system_pre_init</name>
         <value>0xc6b</value>
         <object_component_ref idref="oc-95"/>
      </symbol>
      <symbol id="sm-159">
         <name>C$$EXIT</name>
         <value>0xc6f</value>
         <object_component_ref idref="oc-16a"/>
      </symbol>
      <symbol id="sm-15a">
         <name>abort</name>
         <value>0xc6f</value>
         <object_component_ref idref="oc-16a"/>
      </symbol>
      <symbol id="sm-17f">
         <name>FPULazyStackingEnable</name>
         <value>0xbb5</value>
         <object_component_ref idref="oc-159"/>
      </symbol>
      <symbol id="sm-208">
         <name>GPIOPinTypePWM</name>
         <value>0xb7b</value>
         <object_component_ref idref="oc-13b"/>
      </symbol>
      <symbol id="sm-209">
         <name>GPIOIntRegister</name>
         <value>0xb35</value>
         <object_component_ref idref="oc-ed"/>
      </symbol>
      <symbol id="sm-20a">
         <name>GPIOPinConfigure</name>
         <value>0x8b9</value>
         <object_component_ref idref="oc-135"/>
      </symbol>
      <symbol id="sm-20b">
         <name>GPIOIntEnable</name>
         <value>0xc37</value>
         <object_component_ref idref="oc-f3"/>
      </symbol>
      <symbol id="sm-20c">
         <name>GPIOIntTypeSet</name>
         <value>0x861</value>
         <object_component_ref idref="oc-e7"/>
      </symbol>
      <symbol id="sm-20d">
         <name>GPIOPinTypeGPIOInput</name>
         <value>0xb65</value>
         <object_component_ref idref="oc-d5"/>
      </symbol>
      <symbol id="sm-20e">
         <name>GPIOIntClear</name>
         <value>0xc5b</value>
         <object_component_ref idref="oc-105"/>
      </symbol>
      <symbol id="sm-20f">
         <name>GPIOIntStatus</name>
         <value>0xbf5</value>
         <object_component_ref idref="oc-ff"/>
      </symbol>
      <symbol id="sm-210">
         <name>GPIODirModeSet</name>
         <value>0xaad</value>
         <object_component_ref idref="oc-1b2"/>
      </symbol>
      <symbol id="sm-211">
         <name>GPIOPadConfigSet</name>
         <value>0x435</value>
         <object_component_ref idref="oc-db"/>
      </symbol>
      <symbol id="sm-254">
         <name>IntEnable</name>
         <value>0x731</value>
         <object_component_ref idref="oc-e1"/>
      </symbol>
      <symbol id="sm-255">
         <name>IntRegister</name>
         <value>0xa11</value>
         <object_component_ref idref="oc-1c7"/>
      </symbol>
      <symbol id="sm-256">
         <name>IntMasterDisable</name>
         <value>0xbc5</value>
         <object_component_ref idref="oc-f9"/>
      </symbol>
      <symbol id="sm-257">
         <name>g_pfnRAMVectors</name>
         <value>0x20000000</value>
         <object_component_ref idref="oc-23e"/>
      </symbol>
      <symbol id="sm-258">
         <name>IntMasterEnable</name>
         <value>0xbd5</value>
         <object_component_ref idref="oc-111"/>
      </symbol>
      <symbol id="sm-285">
         <name>PWMGenPeriodSet</name>
         <value>0xbe5</value>
         <object_component_ref idref="oc-147"/>
      </symbol>
      <symbol id="sm-286">
         <name>PWMPulseWidthSet</name>
         <value>0xafb</value>
         <object_component_ref idref="oc-14d"/>
      </symbol>
      <symbol id="sm-287">
         <name>PWMOutputState</name>
         <value>0xb91</value>
         <object_component_ref idref="oc-10b"/>
      </symbol>
      <symbol id="sm-288">
         <name>PWMGenEnable</name>
         <value>0xc43</value>
         <object_component_ref idref="oc-153"/>
      </symbol>
      <symbol id="sm-289">
         <name>PWMGenConfigure</name>
         <value>0xad9</value>
         <object_component_ref idref="oc-141"/>
      </symbol>
      <symbol id="sm-2bf">
         <name>SysCtlClockSet</name>
         <value>0x5a1</value>
         <object_component_ref idref="oc-15f"/>
      </symbol>
      <symbol id="sm-2c0">
         <name>SysCtlDelay</name>
         <value>0xc61</value>
         <object_component_ref idref="oc-1f7"/>
      </symbol>
      <symbol id="sm-2c1">
         <name>SysCtlPeripheralEnable</name>
         <value>0xa45</value>
         <object_component_ref idref="oc-c9"/>
      </symbol>
      <symbol id="sm-2c2">
         <name>SysCtlPeripheralReady</name>
         <value>0x9d9</value>
         <object_component_ref idref="oc-cf"/>
      </symbol>
      <symbol id="sm-315">
         <name>TimerLoadSet</name>
         <value>0xba3</value>
         <object_component_ref idref="oc-123"/>
      </symbol>
      <symbol id="sm-316">
         <name>TimerIntRegister</name>
         <value>0xb4d</value>
         <object_component_ref idref="oc-129"/>
      </symbol>
      <symbol id="sm-317">
         <name>TimerEnable</name>
         <value>0xc03</value>
         <object_component_ref idref="oc-12f"/>
      </symbol>
      <symbol id="sm-318">
         <name>TimerConfigure</name>
         <value>0x801</value>
         <object_component_ref idref="oc-11d"/>
      </symbol>
      <symbol id="sm-319">
         <name>TimerIntClear</name>
         <value>0xc67</value>
         <object_component_ref idref="oc-117"/>
      </symbol>
      <symbol id="sm-32b">
         <name>CPUcpsie</name>
         <value>0xc2b</value>
         <object_component_ref idref="oc-1da"/>
      </symbol>
      <symbol id="sm-32c">
         <name>CPUcpsid</name>
         <value>0xc1f</value>
         <object_component_ref idref="oc-1cf"/>
      </symbol>
      <symbol id="sm-32d">
         <name>__TI_static_base__</name>
         <value>0x0</value>
      </symbol>
      <symbol id="sm-330">
         <name>__mpu_init</name>
         <value>0x0</value>
      </symbol>
      <symbol id="sm-331">
         <name>_system_post_cinit</name>
         <value>0x0</value>
      </symbol>
   </symbol_table>
   <title>Link successful</title>
</link_info>
