******************************************************************************
                  TI ARM Linker PC v20.2.7                     
******************************************************************************
>> Linked Thu Dec 19 17:13:07 2024

OUTPUT FILE NAME:   <LSE1_ESC_Controller.out>
ENTRY POINT SYMBOL: "_c_int00_noargs"  address: 00000d95


MEMORY CONFIGURATION

         name            origin    length      used     unused   attr    fill
----------------------  --------  ---------  --------  --------  ----  --------
  FLASH                 00000000   00040000  000012d2  0003ed2e  R  X
  SRAM                  20000000   00008000  00000486  00007b7a  RW X


SEGMENT ALLOCATION MAP

run origin  load origin   length   init length attrs members
----------  ----------- ---------- ----------- ----- -------
00000000    00000000    000012d8   000012d8    r-x
  00000000    00000000    0000026c   0000026c    r-- .intvecs
  0000026c    0000026c    00000d3a   00000d3a    r-x .text
  00000fa8    00000fa8    000002dc   000002dc    r-- .const
  00001288    00001288    00000050   00000050    r-- .cinit
20000000    20000000    00000489   00000000    rw-
  20000000    20000000    0000026c   00000000    rw- .vtable
  2000026c    2000026c    00000001   00000000    rw- .bss
  20000270    20000270    00000200   00000000    rw- .stack
  20000470    20000470    00000019   00000000    rw- .data


SECTION ALLOCATION MAP

 output                                  attributes/
section   page    origin      length       input sections
--------  ----  ----------  ----------   ----------------
.intvecs   0    00000000    0000026c     
                  00000000    0000026c     tm4c123gh6pm_startup_ccs.obj (.intvecs)

.text      0    0000026c    00000d3a     
                  0000026c    000004e4     main.obj (.text)
                  00000750    0000016c     driverlib.lib : gpio.obj (.text:GPIOPadConfigSet)
                  000008bc    000000f4                   : sysctl.obj (.text:SysCtlClockSet)
                  000009b0    0000009c     rtsv7M4_T_le_v4SPD16_eabi.lib : memcpy_t2.asm.obj (.text)
                  00000a4c    00000068     driverlib.lib : interrupt.obj (.text:IntEnable)
                  00000ab4    00000068     rtsv7M4_T_le_v4SPD16_eabi.lib : copy_decompress_lzss.c.obj (.text:decompress:lzss:__TI_decompress_lzss)
                  00000b1c    00000060     driverlib.lib : timer.obj (.text:TimerConfigure)
                  00000b7c    00000058                   : gpio.obj (.text:GPIOIntTypeSet)
                  00000bd4    0000004c                   : gpio.obj (.text:GPIOPinConfigure)
                  00000c20    0000004c                   : timer.obj (.text:_TimerIntNumberGet)
                  00000c6c    00000044                   : gpio.obj (.text:_GPIOIntNumberGet)
                  00000cb0    00000044     rtsv7M4_T_le_v4SPD16_eabi.lib : autoinit.c.obj (.text:__TI_auto_init_nobinit_nopinit:__TI_auto_init_nobinit_nopinit)
                  00000cf4    00000038     driverlib.lib : sysctl.obj (.text:SysCtlPeripheralReady)
                  00000d2c    00000034                   : interrupt.obj (.text:IntRegister)
                  00000d60    00000034                   : sysctl.obj (.text:SysCtlPeripheralEnable)
                  00000d94    00000034     rtsv7M4_T_le_v4SPD16_eabi.lib : boot_cortex_m.c.obj (.text:_c_int00_noargs:_c_int00_noargs)
                  00000dc8    0000002c     driverlib.lib : gpio.obj (.text:GPIODirModeSet)
                  00000df4    00000022                   : pwm.obj (.text:PWMGenConfigure)
                  00000e16    0000001e                   : pwm.obj (.text:PWMPulseWidthSet)
                  00000e34    0000001c     rtsv7M4_T_le_v4SPD16_eabi.lib : copy_zero_init.c.obj (.text:decompress:ZI:__TI_zero_init_nomemset:__TI_zero_init_nomemset)
                  00000e50    0000001a     driverlib.lib : gpio.obj (.text:GPIOPinTypeGPIOOutput)
                  00000e6a    00000018                   : gpio.obj (.text:GPIOIntRegister)
                  00000e82    00000018                   : timer.obj (.text:TimerIntRegister)
                  00000e9a    00000016                   : gpio.obj (.text:GPIOPinTypeGPIOInput)
                  00000eb0    00000016                   : gpio.obj (.text:GPIOPinTypePWM)
                  00000ec6    00000012                   : pwm.obj (.text:PWMOutputState)
                  00000ed8    00000012                   : timer.obj (.text:TimerLoadSet)
                  00000eea    00000010                   : interrupt.obj (.text:IntMasterDisable)
                  00000efa    00000010                   : interrupt.obj (.text:IntMasterEnable)
                  00000f0a    00000010                   : pwm.obj (.text:PWMGenPeriodSet)
                  00000f1a    0000000e                   : gpio.obj (.text:GPIOIntStatus)
                  00000f28    0000000e                   : timer.obj (.text:TimerEnable)
                  00000f36    0000000e     rtsv7M4_T_le_v4SPD16_eabi.lib : copy_decompress_none.c.obj (.text:decompress:none:__TI_decompress_none)
                  00000f44    0000000c     driverlib.lib : cpu.obj (.text:CPUcpsid)
                  00000f50    0000000c                   : cpu.obj (.text:CPUcpsie)
                  00000f5c    0000000c                   : gpio.obj (.text:GPIOIntEnable)
                  00000f68    0000000c                   : pwm.obj (.text:PWMGenEnable)
                  00000f74    0000000c     tm4c123gh6pm_startup_ccs.obj (.text)
                  00000f80    00000008     driverlib.lib : timer.obj (.text:TimerIntEnable)
                  00000f88    00000006                   : gpio.obj (.text:GPIOIntClear)
                  00000f8e    00000006                   : gpio.obj (.text:GPIOPinWrite)
                  00000f94    00000006                   : sysctl.obj (.text:SysCtlDelay)
                  00000f9a    00000004                   : timer.obj (.text:TimerIntClear)
                  00000f9e    00000004     rtsv7M4_T_le_v4SPD16_eabi.lib : pre_init.c.obj (.text:_system_pre_init)
                  00000fa2    00000004                                   : exit.c.obj (.text:abort:abort)

.const     0    00000fa8    000002dc     
                  00000fa8    000000d8     driverlib.lib : gpio.obj (.const:g_ppui32GPIOIntMapSnowflake)
                  00001080    000000c0                   : gpio.obj (.const:g_ppui32GPIOIntMapBlizzard)
                  00001140    00000090                   : gpio.obj (.const:g_pui32GPIOBaseAddrs)
                  000011d0    00000060                   : timer.obj (.const:g_ppui32TimerIntMap)
                  00001230    00000040                   : timer.obj (.const:g_ppui32TimerIntMapSnowflake)
                  00001270    00000014                   : interrupt.obj (.const:g_pui32EnRegs)

.cinit     0    00001288    00000050     
                  00001288    0000001c     (.cinit..data.load) [load image, compression = lzss]
                  000012a4    0000000c     (__TI_handler_table)
                  000012b0    00000008     (.cinit..bss.load) [load image, compression = zero_init]
                  000012b8    00000008     (.cinit..vtable.load) [load image, compression = zero_init]
                  000012c0    00000018     (__TI_cinit_table)

.init_array 
*          0    00000000    00000000     UNINITIALIZED

.vtable    0    20000000    0000026c     UNINITIALIZED
                  20000000    0000026c     driverlib.lib : interrupt.obj (.vtable)

.bss       0    2000026c    00000001     UNINITIALIZED
                  2000026c    00000001     (.common:phase)

.data      0    20000470    00000019     UNINITIALIZED
                  20000470    00000019     main.obj (.data)

.stack     0    20000270    00000200     UNINITIALIZED
                  20000270    00000004     rtsv7M4_T_le_v4SPD16_eabi.lib : boot_cortex_m.c.obj (.stack)
                  20000274    000001fc     --HOLE--

__llvm_prf_cnts 
*          0    20000000    00000000     UNINITIALIZED

MODULE SUMMARY

       Module                         code   ro data   rw data
       ------                         ----   -------   -------
    .\
       main.obj                       1252   0         26     
       tm4c123gh6pm_startup_ccs.obj   12     620       0      
    +--+------------------------------+------+---------+---------+
       Total:                         1264   620       26     
                                                              
    C:/Users/natan/Uni/EET/7e Semestre/LSE1/Workspace/driverlib/ccs/Debug/driverlib.lib
       gpio.obj                       772    552       0      
       interrupt.obj                  188    20        620    
       timer.obj                      240    160       0      
       sysctl.obj                     358    0         0      
       pwm.obj                        110    0         0      
       cpu.obj                        24     0         0      
    +--+------------------------------+------+---------+---------+
       Total:                         1692   732       620    
                                                              
    C:\ti\ccs1281\ccs\tools\compiler\ti-cgt-arm_20.2.7.LTS\lib\rtsv7M4_T_le_v4SPD16_eabi.lib
       memcpy_t2.asm.obj              156    0         0      
       copy_decompress_lzss.c.obj     104    0         0      
       autoinit.c.obj                 68     0         0      
       boot_cortex_m.c.obj            52     0         0      
       copy_zero_init.c.obj           28     0         0      
       copy_decompress_none.c.obj     14     0         0      
       exit.c.obj                     4      0         0      
       pre_init.c.obj                 4      0         0      
    +--+------------------------------+------+---------+---------+
       Total:                         430    0         0      
                                                              
       Stack:                         0      0         512    
       Linker Generated:              0      80        0      
    +--+------------------------------+------+---------+---------+
       Grand Total:                   3386   1432      1158   


LINKER GENERATED COPY TABLES

__TI_cinit_table @ 000012c0 records: 3, size/record: 8, table size: 24
	.data: load addr=00001288, load size=0000001c bytes, run addr=20000470, run size=00000019 bytes, compression=lzss
	.bss: load addr=000012b0, load size=00000008 bytes, run addr=2000026c, run size=00000001 bytes, compression=zero_init
	.vtable: load addr=000012b8, load size=00000008 bytes, run addr=20000000, run size=0000026c bytes, compression=zero_init


LINKER GENERATED HANDLER TABLE

__TI_handler_table @ 000012a4 records: 3, size/record: 4, table size: 12
	index: 0, handler: __TI_zero_init
	index: 1, handler: __TI_decompress_lzss
	index: 2, handler: __TI_decompress_none


GLOBAL SYMBOLS: SORTED ALPHABETICALLY BY Name 

address   name                          
-------   ----                          
00000fa3  C$$EXIT                       
00000f45  CPUcpsid                      
00000f51  CPUcpsie                      
0000026d  Configure_GPIO                
000004b5  Configure_PWM                 
00000425  Configure_Timer0              
0000046d  Configure_Timer1              
00000dc9  GPIODirModeSet                
00000f89  GPIOIntClear                  
00000f5d  GPIOIntEnable                 
00000e6b  GPIOIntRegister               
00000f1b  GPIOIntStatus                 
00000b7d  GPIOIntTypeSet                
00000751  GPIOPadConfigSet              
00000bd5  GPIOPinConfigure              
00000e9b  GPIOPinTypeGPIOInput          
00000e51  GPIOPinTypeGPIOOutput         
00000eb1  GPIOPinTypePWM                
00000f8f  GPIOPinWrite                  
00000a4d  IntEnable                     
00000eeb  IntMasterDisable              
00000efb  IntMasterEnable               
0000030f  IntPortFHandler               
00000d2d  IntRegister                   
00000df5  PWMGenConfigure               
00000f69  PWMGenEnable                  
00000f0b  PWMGenPeriodSet               
00000ec7  PWMOutputState                
00000e17  PWMPulseWidthSet              
00000f75  ResetISR                      
000008bd  SysCtlClockSet                
00000f95  SysCtlDelay                   
00000d61  SysCtlPeripheralEnable        
00000cf5  SysCtlPeripheralReady         
0000033d  Timer0IntHandler              
00000411  Timer1IntHandler              
00000b1d  TimerConfigure                
00000f29  TimerEnable                   
00000f9b  TimerIntClear                 
00000f81  TimerIntEnable                
00000e83  TimerIntRegister              
00000ed9  TimerLoadSet                  
20000470  __STACK_END                   
00000200  __STACK_SIZE                  
20000470  __STACK_TOP                   
000012c0  __TI_CINIT_Base               
000012d8  __TI_CINIT_Limit              
000012a4  __TI_Handler_Table_Base       
000012b0  __TI_Handler_Table_Limit      
00000cb1  __TI_auto_init_nobinit_nopinit
00000ab5  __TI_decompress_lzss          
00000f37  __TI_decompress_none          
ffffffff  __TI_pprof_out_hndl           
ffffffff  __TI_prof_data_size           
ffffffff  __TI_prof_data_start          
00000000  __TI_static_base__            
00000e35  __TI_zero_init_nomemset       
000009b1  __aeabi_memcpy                
000009b1  __aeabi_memcpy4               
000009b1  __aeabi_memcpy8               
ffffffff  __binit__                     
ffffffff  __c_args__                    
UNDEFED   __mpu_init                    
20000270  __stack                       
20000000  __start___llvm_prf_cnts       
20000000  __stop___llvm_prf_cnts        
00000d95  _c_int00_noargs               
UNDEFED   _system_post_cinit            
00000f9f  _system_pre_init              
00000fa3  abort                         
ffffffff  binit                         
20000488  fin_rampa                     
20000000  g_pfnRAMVectors               
00000000  g_pfnVectors                  
000005d9  main                          
000009b1  memcpy                        
2000026c  phase                         
20000484  pulse_counter                 
2000047c  pulse_width                   
20000478  pwm_freq                      
20000480  restart                       
20000474  ticks                         
20000470  timerA_flag                   


GLOBAL SYMBOLS: SORTED BY Symbol Address 

address   name                          
-------   ----                          
00000000  __TI_static_base__            
00000000  g_pfnVectors                  
00000200  __STACK_SIZE                  
0000026d  Configure_GPIO                
0000030f  IntPortFHandler               
0000033d  Timer0IntHandler              
00000411  Timer1IntHandler              
00000425  Configure_Timer0              
0000046d  Configure_Timer1              
000004b5  Configure_PWM                 
000005d9  main                          
00000751  GPIOPadConfigSet              
000008bd  SysCtlClockSet                
000009b1  __aeabi_memcpy                
000009b1  __aeabi_memcpy4               
000009b1  __aeabi_memcpy8               
000009b1  memcpy                        
00000a4d  IntEnable                     
00000ab5  __TI_decompress_lzss          
00000b1d  TimerConfigure                
00000b7d  GPIOIntTypeSet                
00000bd5  GPIOPinConfigure              
00000cb1  __TI_auto_init_nobinit_nopinit
00000cf5  SysCtlPeripheralReady         
00000d2d  IntRegister                   
00000d61  SysCtlPeripheralEnable        
00000d95  _c_int00_noargs               
00000dc9  GPIODirModeSet                
00000df5  PWMGenConfigure               
00000e17  PWMPulseWidthSet              
00000e35  __TI_zero_init_nomemset       
00000e51  GPIOPinTypeGPIOOutput         
00000e6b  GPIOIntRegister               
00000e83  TimerIntRegister              
00000e9b  GPIOPinTypeGPIOInput          
00000eb1  GPIOPinTypePWM                
00000ec7  PWMOutputState                
00000ed9  TimerLoadSet                  
00000eeb  IntMasterDisable              
00000efb  IntMasterEnable               
00000f0b  PWMGenPeriodSet               
00000f1b  GPIOIntStatus                 
00000f29  TimerEnable                   
00000f37  __TI_decompress_none          
00000f45  CPUcpsid                      
00000f51  CPUcpsie                      
00000f5d  GPIOIntEnable                 
00000f69  PWMGenEnable                  
00000f75  ResetISR                      
00000f81  TimerIntEnable                
00000f89  GPIOIntClear                  
00000f8f  GPIOPinWrite                  
00000f95  SysCtlDelay                   
00000f9b  TimerIntClear                 
00000f9f  _system_pre_init              
00000fa3  C$$EXIT                       
00000fa3  abort                         
000012a4  __TI_Handler_Table_Base       
000012b0  __TI_Handler_Table_Limit      
000012c0  __TI_CINIT_Base               
000012d8  __TI_CINIT_Limit              
20000000  __start___llvm_prf_cnts       
20000000  __stop___llvm_prf_cnts        
20000000  g_pfnRAMVectors               
2000026c  phase                         
20000270  __stack                       
20000470  __STACK_END                   
20000470  __STACK_TOP                   
20000470  timerA_flag                   
20000474  ticks                         
20000478  pwm_freq                      
2000047c  pulse_width                   
20000480  restart                       
20000484  pulse_counter                 
20000488  fin_rampa                     
ffffffff  __TI_pprof_out_hndl           
ffffffff  __TI_prof_data_size           
ffffffff  __TI_prof_data_start          
ffffffff  __binit__                     
ffffffff  __c_args__                    
ffffffff  binit                         
UNDEFED   __mpu_init                    
UNDEFED   _system_post_cinit            

[83 symbols]
