******************************************************************************
                  TI ARM Linker PC v20.2.7                     
******************************************************************************
>> Linked Fri Dec  6 19:48:41 2024

OUTPUT FILE NAME:   <LSE1_ESC_Controller.out>
ENTRY POINT SYMBOL: "_c_int00_noargs"  address: 00000a79


MEMORY CONFIGURATION

         name            origin    length      used     unused   attr    fill
----------------------  --------  ---------  --------  --------  ----  --------
  FLASH                 00000000   00040000  00000f8e  0003f072  R  X
  SRAM                  20000000   00008000  0000046e  00007b92  RW X


SEGMENT ALLOCATION MAP

run origin  load origin   length   init length attrs members
----------  ----------- ---------- ----------- ----- -------
00000000    00000000    00000f90   00000f90    r-x
  00000000    00000000    0000026c   0000026c    r-- .intvecs
  0000026c    0000026c    00000a06   00000a06    r-x .text
  00000c74    00000c74    000002dc   000002dc    r-- .const
  00000f50    00000f50    00000040   00000040    r-- .cinit
20000000    20000000    00000470   00000000    rw-
  20000000    20000000    0000026c   00000000    rw- .vtable
  2000026c    2000026c    00000001   00000000    rw- .bss
  2000026d    2000026d    00000001   00000000    rw- .data
  20000270    20000270    00000200   00000000    rw- .stack


SECTION ALLOCATION MAP

 output                                  attributes/
section   page    origin      length       input sections
--------  ----  ----------  ----------   ----------------
.intvecs   0    00000000    0000026c     
                  00000000    0000026c     tm4c123gh6pm_startup_ccs.obj (.intvecs)

.text      0    0000026c    00000a06     
                  0000026c    000001c8     main.obj (.text)
                  00000434    0000016c     driverlib.lib : gpio.obj (.text:GPIOPadConfigSet)
                  000005a0    000000f4                   : sysctl.obj (.text:SysCtlClockSet)
                  00000694    0000009c     rtsv7M4_T_le_v4SPD16_eabi.lib : memcpy_t2.asm.obj (.text)
                  00000730    00000068     driverlib.lib : interrupt.obj (.text:IntEnable)
                  00000798    00000068     rtsv7M4_T_le_v4SPD16_eabi.lib : copy_decompress_lzss.c.obj (.text:decompress:lzss:__TI_decompress_lzss)
                  00000800    00000060     driverlib.lib : timer.obj (.text:TimerConfigure)
                  00000860    00000058                   : gpio.obj (.text:GPIOIntTypeSet)
                  000008b8    0000004c                   : gpio.obj (.text:GPIOPinConfigure)
                  00000904    0000004c                   : timer.obj (.text:_TimerIntNumberGet)
                  00000950    00000044                   : gpio.obj (.text:_GPIOIntNumberGet)
                  00000994    00000044     rtsv7M4_T_le_v4SPD16_eabi.lib : autoinit.c.obj (.text:__TI_auto_init_nobinit_nopinit:__TI_auto_init_nobinit_nopinit)
                  000009d8    00000038     driverlib.lib : sysctl.obj (.text:SysCtlPeripheralReady)
                  00000a10    00000034                   : interrupt.obj (.text:IntRegister)
                  00000a44    00000034                   : sysctl.obj (.text:SysCtlPeripheralEnable)
                  00000a78    00000034     rtsv7M4_T_le_v4SPD16_eabi.lib : boot_cortex_m.c.obj (.text:_c_int00_noargs:_c_int00_noargs)
                  00000aac    0000002c     driverlib.lib : gpio.obj (.text:GPIODirModeSet)
                  00000ad8    00000022                   : pwm.obj (.text:PWMGenConfigure)
                  00000afa    0000001e                   : pwm.obj (.text:PWMPulseWidthSet)
                  00000b18    0000001c     rtsv7M4_T_le_v4SPD16_eabi.lib : copy_zero_init.c.obj (.text:decompress:ZI:__TI_zero_init_nomemset:__TI_zero_init_nomemset)
                  00000b34    00000018     driverlib.lib : gpio.obj (.text:GPIOIntRegister)
                  00000b4c    00000018                   : timer.obj (.text:TimerIntRegister)
                  00000b64    00000016                   : gpio.obj (.text:GPIOPinTypeGPIOInput)
                  00000b7a    00000016                   : gpio.obj (.text:GPIOPinTypePWM)
                  00000b90    00000012                   : pwm.obj (.text:PWMOutputState)
                  00000ba2    00000012                   : timer.obj (.text:TimerLoadSet)
                  00000bb4    00000010                   : fpu.obj (.text:FPULazyStackingEnable)
                  00000bc4    00000010                   : interrupt.obj (.text:IntMasterDisable)
                  00000bd4    00000010                   : interrupt.obj (.text:IntMasterEnable)
                  00000be4    00000010                   : pwm.obj (.text:PWMGenPeriodSet)
                  00000bf4    0000000e                   : gpio.obj (.text:GPIOIntStatus)
                  00000c02    0000000e                   : timer.obj (.text:TimerEnable)
                  00000c10    0000000e     rtsv7M4_T_le_v4SPD16_eabi.lib : copy_decompress_none.c.obj (.text:decompress:none:__TI_decompress_none)
                  00000c1e    0000000c     driverlib.lib : cpu.obj (.text:CPUcpsid)
                  00000c2a    0000000c                   : cpu.obj (.text:CPUcpsie)
                  00000c36    0000000c                   : gpio.obj (.text:GPIOIntEnable)
                  00000c42    0000000c                   : pwm.obj (.text:PWMGenEnable)
                  00000c4e    0000000c     tm4c123gh6pm_startup_ccs.obj (.text)
                  00000c5a    00000006     driverlib.lib : gpio.obj (.text:GPIOIntClear)
                  00000c60    00000006                   : sysctl.obj (.text:SysCtlDelay)
                  00000c66    00000004                   : timer.obj (.text:TimerIntClear)
                  00000c6a    00000004     rtsv7M4_T_le_v4SPD16_eabi.lib : pre_init.c.obj (.text:_system_pre_init)
                  00000c6e    00000004                                   : exit.c.obj (.text:abort:abort)

.const     0    00000c74    000002dc     
                  00000c74    000000d8     driverlib.lib : gpio.obj (.const:g_ppui32GPIOIntMapSnowflake)
                  00000d4c    000000c0                   : gpio.obj (.const:g_ppui32GPIOIntMapBlizzard)
                  00000e0c    00000090                   : gpio.obj (.const:g_pui32GPIOBaseAddrs)
                  00000e9c    00000060                   : timer.obj (.const:g_ppui32TimerIntMap)
                  00000efc    00000040                   : timer.obj (.const:g_ppui32TimerIntMapSnowflake)
                  00000f3c    00000014                   : interrupt.obj (.const:g_pui32EnRegs)

.cinit     0    00000f50    00000040     
                  00000f50    0000000c     (__TI_handler_table)
                  00000f5c    00000004     --HOLE-- [fill = 0]
                  00000f60    00000008     (.cinit..bss.load) [load image, compression = zero_init]
                  00000f68    00000008     (.cinit..vtable.load) [load image, compression = zero_init]
                  00000f70    00000005     (.cinit..data.load) [load image, compression = lzss]
                  00000f75    00000003     --HOLE-- [fill = 0]
                  00000f78    00000018     (__TI_cinit_table)

.init_array 
*          0    00000000    00000000     UNINITIALIZED

.vtable    0    20000000    0000026c     UNINITIALIZED
                  20000000    0000026c     driverlib.lib : interrupt.obj (.vtable)

.bss       0    2000026c    00000001     UNINITIALIZED
                  2000026c    00000001     (.common:state)

.data      0    2000026d    00000001     UNINITIALIZED
                  2000026d    00000001     main.obj (.data)

.stack     0    20000270    00000200     UNINITIALIZED
                  20000270    00000004     rtsv7M4_T_le_v4SPD16_eabi.lib : boot_cortex_m.c.obj (.stack)
                  20000274    000001fc     --HOLE--

__llvm_prf_cnts 
*          0    20000000    00000000     UNINITIALIZED

MODULE SUMMARY

       Module                         code   ro data   rw data
       ------                         ----   -------   -------
    .\
       tm4c123gh6pm_startup_ccs.obj   12     620       0      
       main.obj                       456    0         2      
    +--+------------------------------+------+---------+---------+
       Total:                         468    620       2      
                                                              
    C:/Users/natan/Uni/EET/7e Semestre/LSE1/Workspace/driverlib/ccs/Debug/driverlib.lib
       gpio.obj                       740    552       0      
       interrupt.obj                  188    20        620    
       timer.obj                      232    160       0      
       sysctl.obj                     358    0         0      
       pwm.obj                        110    0         0      
       cpu.obj                        24     0         0      
       fpu.obj                        16     0         0      
    +--+------------------------------+------+---------+---------+
       Total:                         1668   732       620    
                                                              
    C:\ti\ccs1281\ccs\tools\compiler\ti-cgt-arm_20.2.7.LTS\lib\rtsv7M4_T_le_v4SPD16_eabi.lib
       memcpy_t2.asm.obj              156    0         0      
       copy_decompress_lzss.c.obj     104    0         0      
       autoinit.c.obj                 68     0         0      
       boot_cortex_m.c.obj            52     0         0      
       copy_zero_init.c.obj           28     0         0      
       copy_decompress_none.c.obj     14     0         0      
       exit.c.obj                     4      0         0      
       pre_init.c.obj                 4      0         0      
    +--+------------------------------+------+---------+---------+
       Total:                         430    0         0      
                                                              
       Stack:                         0      0         512    
       Linker Generated:              0      57        0      
    +--+------------------------------+------+---------+---------+
       Grand Total:                   2566   1409      1134   


LINKER GENERATED COPY TABLES

__TI_cinit_table @ 00000f78 records: 3, size/record: 8, table size: 24
	.bss: load addr=00000f60, load size=00000008 bytes, run addr=2000026c, run size=00000001 bytes, compression=zero_init
	.vtable: load addr=00000f68, load size=00000008 bytes, run addr=20000000, run size=0000026c bytes, compression=zero_init
	.data: load addr=00000f70, load size=00000005 bytes, run addr=2000026d, run size=00000001 bytes, compression=lzss


LINKER GENERATED HANDLER TABLE

__TI_handler_table @ 00000f50 records: 3, size/record: 4, table size: 12
	index: 0, handler: __TI_zero_init
	index: 1, handler: __TI_decompress_lzss
	index: 2, handler: __TI_decompress_none


GLOBAL SYMBOLS: SORTED ALPHABETICALLY BY Name 

address   name                          
-------   ----                          
00000c6f  C$$EXIT                       
00000c1f  CPUcpsid                      
00000c2b  CPUcpsie                      
0000026d  Configure_GPIO                
00000361  Configure_PWM                 
00000321  Configure_Timer0              
00000bb5  FPULazyStackingEnable         
00000aad  GPIODirModeSet                
00000c5b  GPIOIntClear                  
00000c37  GPIOIntEnable                 
00000b35  GPIOIntRegister               
00000bf5  GPIOIntStatus                 
00000861  GPIOIntTypeSet                
00000435  GPIOPadConfigSet              
000008b9  GPIOPinConfigure              
00000b65  GPIOPinTypeGPIOInput          
00000b7b  GPIOPinTypePWM                
00000731  IntEnable                     
00000bc5  IntMasterDisable              
00000bd5  IntMasterEnable               
000002b5  IntPortFHandler               
00000a11  IntRegister                   
00000ad9  PWMGenConfigure               
00000c43  PWMGenEnable                  
00000be5  PWMGenPeriodSet               
00000b91  PWMOutputState                
00000afb  PWMPulseWidthSet              
00000c4f  ResetISR                      
000005a1  SysCtlClockSet                
00000c61  SysCtlDelay                   
00000a45  SysCtlPeripheralEnable        
000009d9  SysCtlPeripheralReady         
00000301  Timer0IntHandler              
0000031f  Timer1IntHandler              
00000801  TimerConfigure                
00000c03  TimerEnable                   
00000c67  TimerIntClear                 
00000b4d  TimerIntRegister              
00000ba3  TimerLoadSet                  
20000470  __STACK_END                   
00000200  __STACK_SIZE                  
20000470  __STACK_TOP                   
00000f78  __TI_CINIT_Base               
00000f90  __TI_CINIT_Limit              
00000f50  __TI_Handler_Table_Base       
00000f5c  __TI_Handler_Table_Limit      
00000995  __TI_auto_init_nobinit_nopinit
00000799  __TI_decompress_lzss          
00000c11  __TI_decompress_none          
ffffffff  __TI_pprof_out_hndl           
ffffffff  __TI_prof_data_size           
ffffffff  __TI_prof_data_start          
00000000  __TI_static_base__            
00000b19  __TI_zero_init_nomemset       
00000695  __aeabi_memcpy                
00000695  __aeabi_memcpy4               
00000695  __aeabi_memcpy8               
ffffffff  __binit__                     
ffffffff  __c_args__                    
UNDEFED   __mpu_init                    
20000270  __stack                       
20000000  __start___llvm_prf_cnts       
20000000  __stop___llvm_prf_cnts        
00000a79  _c_int00_noargs               
UNDEFED   _system_post_cinit            
00000c6b  _system_pre_init              
00000c6f  abort                         
ffffffff  binit                         
20000000  g_pfnRAMVectors               
00000000  g_pfnVectors                  
000003d1  main                          
00000695  memcpy                        
2000026c  state                         
2000026d  timerA_flag                   


GLOBAL SYMBOLS: SORTED BY Symbol Address 

address   name                          
-------   ----                          
00000000  __TI_static_base__            
00000000  g_pfnVectors                  
00000200  __STACK_SIZE                  
0000026d  Configure_GPIO                
000002b5  IntPortFHandler               
00000301  Timer0IntHandler              
0000031f  Timer1IntHandler              
00000321  Configure_Timer0              
00000361  Configure_PWM                 
000003d1  main                          
00000435  GPIOPadConfigSet              
000005a1  SysCtlClockSet                
00000695  __aeabi_memcpy                
00000695  __aeabi_memcpy4               
00000695  __aeabi_memcpy8               
00000695  memcpy                        
00000731  IntEnable                     
00000799  __TI_decompress_lzss          
00000801  TimerConfigure                
00000861  GPIOIntTypeSet                
000008b9  GPIOPinConfigure              
00000995  __TI_auto_init_nobinit_nopinit
000009d9  SysCtlPeripheralReady         
00000a11  IntRegister                   
00000a45  SysCtlPeripheralEnable        
00000a79  _c_int00_noargs               
00000aad  GPIODirModeSet                
00000ad9  PWMGenConfigure               
00000afb  PWMPulseWidthSet              
00000b19  __TI_zero_init_nomemset       
00000b35  GPIOIntRegister               
00000b4d  TimerIntRegister              
00000b65  GPIOPinTypeGPIOInput          
00000b7b  GPIOPinTypePWM                
00000b91  PWMOutputState                
00000ba3  TimerLoadSet                  
00000bb5  FPULazyStackingEnable         
00000bc5  IntMasterDisable              
00000bd5  IntMasterEnable               
00000be5  PWMGenPeriodSet               
00000bf5  GPIOIntStatus                 
00000c03  TimerEnable                   
00000c11  __TI_decompress_none          
00000c1f  CPUcpsid                      
00000c2b  CPUcpsie                      
00000c37  GPIOIntEnable                 
00000c43  PWMGenEnable                  
00000c4f  ResetISR                      
00000c5b  GPIOIntClear                  
00000c61  SysCtlDelay                   
00000c67  TimerIntClear                 
00000c6b  _system_pre_init              
00000c6f  C$$EXIT                       
00000c6f  abort                         
00000f50  __TI_Handler_Table_Base       
00000f5c  __TI_Handler_Table_Limit      
00000f78  __TI_CINIT_Base               
00000f90  __TI_CINIT_Limit              
20000000  __start___llvm_prf_cnts       
20000000  __stop___llvm_prf_cnts        
20000000  g_pfnRAMVectors               
2000026c  state                         
2000026d  timerA_flag                   
20000270  __stack                       
20000470  __STACK_END                   
20000470  __STACK_TOP                   
ffffffff  __TI_pprof_out_hndl           
ffffffff  __TI_prof_data_size           
ffffffff  __TI_prof_data_start          
ffffffff  __binit__                     
ffffffff  __c_args__                    
ffffffff  binit                         
UNDEFED   __mpu_init                    
UNDEFED   _system_post_cinit            

[74 symbols]
